Archive member included to satisfy reference by file (symbol)

C:/ST/STM32CubeIDE_1.15.0/STM32CubeIDE/plugins/com.st.stm32cube.ide.mcu.externaltools.gnu-tools-for-stm32.12.3.rel1.win32_1.0.100.202403111256/tools/bin/../lib/gcc/arm-none-eabi/12.3.1/../../../../arm-none-eabi/lib/thumb/v7e-m+fp/hard\libc_nano.a(libc_a-exit.o)
                              C:/ST/STM32CubeIDE_1.15.0/STM32CubeIDE/plugins/com.st.stm32cube.ide.mcu.externaltools.gnu-tools-for-stm32.12.3.rel1.win32_1.0.100.202403111256/tools/bin/../lib/gcc/arm-none-eabi/12.3.1/../../../../arm-none-eabi/lib/thumb/v7e-m+fp/hard/crt0.o (exit)
C:/ST/STM32CubeIDE_1.15.0/STM32CubeIDE/plugins/com.st.stm32cube.ide.mcu.externaltools.gnu-tools-for-stm32.12.3.rel1.win32_1.0.100.202403111256/tools/bin/../lib/gcc/arm-none-eabi/12.3.1/../../../../arm-none-eabi/lib/thumb/v7e-m+fp/hard\libc_nano.a(libc_a-findfp.o)
                              C:/ST/STM32CubeIDE_1.15.0/STM32CubeIDE/plugins/com.st.stm32cube.ide.mcu.externaltools.gnu-tools-for-stm32.12.3.rel1.win32_1.0.100.202403111256/tools/bin/../lib/gcc/arm-none-eabi/12.3.1/../../../../arm-none-eabi/lib/thumb/v7e-m+fp/hard\libc_nano.a(libc_a-exit.o) (__stdio_exit_handler)
C:/ST/STM32CubeIDE_1.15.0/STM32CubeIDE/plugins/com.st.stm32cube.ide.mcu.externaltools.gnu-tools-for-stm32.12.3.rel1.win32_1.0.100.202403111256/tools/bin/../lib/gcc/arm-none-eabi/12.3.1/../../../../arm-none-eabi/lib/thumb/v7e-m+fp/hard\libc_nano.a(libc_a-fwalk.o)
                              C:/ST/STM32CubeIDE_1.15.0/STM32CubeIDE/plugins/com.st.stm32cube.ide.mcu.externaltools.gnu-tools-for-stm32.12.3.rel1.win32_1.0.100.202403111256/tools/bin/../lib/gcc/arm-none-eabi/12.3.1/../../../../arm-none-eabi/lib/thumb/v7e-m+fp/hard\libc_nano.a(libc_a-findfp.o) (_fwalk_sglue)
C:/ST/STM32CubeIDE_1.15.0/STM32CubeIDE/plugins/com.st.stm32cube.ide.mcu.externaltools.gnu-tools-for-stm32.12.3.rel1.win32_1.0.100.202403111256/tools/bin/../lib/gcc/arm-none-eabi/12.3.1/../../../../arm-none-eabi/lib/thumb/v7e-m+fp/hard\libc_nano.a(libc_a-printf.o)
                              ./Core/AP/RC_Car/Listener.o (printf)
C:/ST/STM32CubeIDE_1.15.0/STM32CubeIDE/plugins/com.st.stm32cube.ide.mcu.externaltools.gnu-tools-for-stm32.12.3.rel1.win32_1.0.100.202403111256/tools/bin/../lib/gcc/arm-none-eabi/12.3.1/../../../../arm-none-eabi/lib/thumb/v7e-m+fp/hard\libc_nano.a(libc_a-puts.o)
                              ./Core/AP/RC_Car/Listener.o (puts)
C:/ST/STM32CubeIDE_1.15.0/STM32CubeIDE/plugins/com.st.stm32cube.ide.mcu.externaltools.gnu-tools-for-stm32.12.3.rel1.win32_1.0.100.202403111256/tools/bin/../lib/gcc/arm-none-eabi/12.3.1/../../../../arm-none-eabi/lib/thumb/v7e-m+fp/hard\libc_nano.a(libc_a-stdio.o)
                              C:/ST/STM32CubeIDE_1.15.0/STM32CubeIDE/plugins/com.st.stm32cube.ide.mcu.externaltools.gnu-tools-for-stm32.12.3.rel1.win32_1.0.100.202403111256/tools/bin/../lib/gcc/arm-none-eabi/12.3.1/../../../../arm-none-eabi/lib/thumb/v7e-m+fp/hard\libc_nano.a(libc_a-findfp.o) (__sread)
C:/ST/STM32CubeIDE_1.15.0/STM32CubeIDE/plugins/com.st.stm32cube.ide.mcu.externaltools.gnu-tools-for-stm32.12.3.rel1.win32_1.0.100.202403111256/tools/bin/../lib/gcc/arm-none-eabi/12.3.1/../../../../arm-none-eabi/lib/thumb/v7e-m+fp/hard\libc_nano.a(libc_a-wbuf.o)
                              C:/ST/STM32CubeIDE_1.15.0/STM32CubeIDE/plugins/com.st.stm32cube.ide.mcu.externaltools.gnu-tools-for-stm32.12.3.rel1.win32_1.0.100.202403111256/tools/bin/../lib/gcc/arm-none-eabi/12.3.1/../../../../arm-none-eabi/lib/thumb/v7e-m+fp/hard\libc_nano.a(libc_a-puts.o) (__swbuf_r)
C:/ST/STM32CubeIDE_1.15.0/STM32CubeIDE/plugins/com.st.stm32cube.ide.mcu.externaltools.gnu-tools-for-stm32.12.3.rel1.win32_1.0.100.202403111256/tools/bin/../lib/gcc/arm-none-eabi/12.3.1/../../../../arm-none-eabi/lib/thumb/v7e-m+fp/hard\libc_nano.a(libc_a-wsetup.o)
                              C:/ST/STM32CubeIDE_1.15.0/STM32CubeIDE/plugins/com.st.stm32cube.ide.mcu.externaltools.gnu-tools-for-stm32.12.3.rel1.win32_1.0.100.202403111256/tools/bin/../lib/gcc/arm-none-eabi/12.3.1/../../../../arm-none-eabi/lib/thumb/v7e-m+fp/hard\libc_nano.a(libc_a-puts.o) (__swsetup_r)
C:/ST/STM32CubeIDE_1.15.0/STM32CubeIDE/plugins/com.st.stm32cube.ide.mcu.externaltools.gnu-tools-for-stm32.12.3.rel1.win32_1.0.100.202403111256/tools/bin/../lib/gcc/arm-none-eabi/12.3.1/../../../../arm-none-eabi/lib/thumb/v7e-m+fp/hard\libc_nano.a(libc_a-memset.o)
                              C:/ST/STM32CubeIDE_1.15.0/STM32CubeIDE/plugins/com.st.stm32cube.ide.mcu.externaltools.gnu-tools-for-stm32.12.3.rel1.win32_1.0.100.202403111256/tools/bin/../lib/gcc/arm-none-eabi/12.3.1/../../../../arm-none-eabi/lib/thumb/v7e-m+fp/hard/crt0.o (memset)
C:/ST/STM32CubeIDE_1.15.0/STM32CubeIDE/plugins/com.st.stm32cube.ide.mcu.externaltools.gnu-tools-for-stm32.12.3.rel1.win32_1.0.100.202403111256/tools/bin/../lib/gcc/arm-none-eabi/12.3.1/../../../../arm-none-eabi/lib/thumb/v7e-m+fp/hard\libc_nano.a(libc_a-closer.o)
[...]
Memory Configuration

Name             Origin             Length             Attributes
RAM              0x20000000         0x00020000         xrw
FLASH            0x08000000         0x00080000         xr
*default*        0x00000000         0xffffffff

Linker script and memory map

LOAD C:/ST/STM32CubeIDE_1.15.0/STM32CubeIDE/plugins/com.st.stm32cube.ide.mcu.externaltools.gnu-tools-for-stm32.12.3.rel1.win32_1.0.100.202403111256/tools/bin/../lib/gcc/arm-none-eabi/12.3.1/thumb/v7e-m+fp/hard/crti.o
LOAD C:/ST/STM32CubeIDE_1.15.0/STM32CubeIDE/plugins/com.st.stm32cube.ide.mcu.externaltools.gnu-tools-for-stm32.12.3.rel1.win32_1.0.100.202403111256/tools/bin/../lib/gcc/arm-none-eabi/12.3.1/thumb/v7e-m+fp/hard/crtbegin.o
LOAD C:/ST/STM32CubeIDE_1.15.0/STM32CubeIDE/plugins/com.st.stm32cube.ide.mcu.externaltools.gnu-tools-for-stm32.12.3.rel1.win32_1.0.100.202403111256/tools/bin/../lib/gcc/arm-none-eabi/12.3.1/../../../../arm-none-eabi/lib/thumb/v7e-m+fp/hard/crt0.o
LOAD ./Core/AP/AP_Main.o
LOAD ./Core/AP/RC_Car/Controller.o
LOAD ./Core/AP/RC_Car/Listener.o
LOAD ./Core/AP/RC_Car/Presenter.o
LOAD ./Core/AP/RC_Car/Queue_Car.o
LOAD ./Core/AP/RC_Car/defineModel.o
LOAD ./Core/Common/Queue/Queue.o
LOAD ./Core/Common/delayUS/delayUS.o
LOAD ./Core/Driver/Button/Button.o
LOAD ./Core/Driver/CLCD/CLCD.o
LOAD ./Core/Driver/LED/LED.o
LOAD ./Core/Driver/Motor/Motor.o
LOAD ./Core/Driver/Ultrasonic/Ultrasonic.o
LOAD ./Core/Src/main.o
LOAD ./Core/Src/stm32f4xx_hal_msp.o
LOAD ./Core/Src/stm32f4xx_it.o
LOAD ./Core/Src/syscalls.o
LOAD ./Core/Src/sysmem.o
LOAD ./Core/Src/system_stm32f4xx.o
LOAD ./Core/Startup/startup_stm32f411retx.o
LOAD ./Drivers/STM32F4xx_HAL_Driver/Src/stm32f4xx_hal.o
LOAD ./Drivers/STM32F4xx_HAL_Driver/Src/stm32f4xx_hal_cortex.o
LOAD ./Drivers/STM32F4xx_HAL_Driver/Src/stm32f4xx_hal_dma.o
LOAD ./Drivers/STM32F4xx_HAL_Driver/Src/stm32f4xx_hal_dma_ex.o
LOAD ./Drivers/STM32F4xx_HAL_Driver/Src/stm32f4xx_hal_exti.o
LOAD ./Drivers/STM32F4xx_HAL_Driver/Src/stm32f4xx_hal_flash.o
LOAD ./Drivers/STM32F4xx_HAL_Driver/Src/stm32f4xx_hal_flash_ex.o
LOAD ./Drivers/STM32F4xx_HAL_Driver/Src/stm32f4xx_hal_flash_ramfunc.o
LOAD ./Drivers/STM32F4xx_HAL_Driver/Src/stm32f4xx_hal_gpio.o
LOAD ./Drivers/STM32F4xx_HAL_Driver/Src/stm32f4xx_hal_i2c.o
LOAD ./Drivers/STM32F4xx_HAL_Driver/Src/stm32f4xx_hal_i2c_ex.o
LOAD ./Drivers/STM32F4xx_HAL_Driver/Src/stm32f4xx_hal_pwr.o
LOAD ./Drivers/STM32F4xx_HAL_Driver/Src/stm32f4xx_hal_pwr_ex.o
LOAD ./Drivers/STM32F4xx_HAL_Driver/Src/stm32f4xx_hal_rcc.o
LOAD ./Drivers/STM32F4xx_HAL_Driver/Src/stm32f4xx_hal_rcc_ex.o
LOAD ./Drivers/STM32F4xx_HAL_Driver/Src/stm32f4xx_hal_tim.o
LOAD ./Drivers/STM32F4xx_HAL_Driver/Src/stm32f4xx_hal_tim_ex.o
LOAD ./Drivers/STM32F4xx_HAL_Driver/Src/stm32f4xx_hal_uart.o
START GROUP
LOAD C:/ST/STM32CubeIDE_1.15.0/STM32CubeIDE/plugins/com.st.stm32cube.ide.mcu.externaltools.gnu-tools-for-stm32.12.3.rel1.win32_1.0.100.202403111256/tools/bin/../lib/gcc/arm-none-eabi/12.3.1/../../../../arm-none-eabi/lib/thumb/v7e-m+fp/hard\libc_nano.a
LOAD C:/ST/STM32CubeIDE_1.15.0/STM32CubeIDE/plugins/com.st.stm32cube.ide.mcu.externaltools.gnu-tools-for-stm32.12.3.rel1.win32_1.0.100.202403111256/tools/bin/../lib/gcc/arm-none-eabi/12.3.1/../../../../arm-none-eabi/lib/thumb/v7e-m+fp/hard\libm.a
END GROUP
START GROUP
LOAD C:/ST/STM32CubeIDE_1.15.0/STM32CubeIDE/plugins/com.st.stm32cube.ide.mcu.externaltools.gnu-tools-for-stm32.12.3.rel1.win32_1.0.100.202403111256/tools/bin/../lib/gcc/arm-none-eabi/12.3.1/thumb/v7e-m+fp/hard\libgcc.a
LOAD C:/ST/STM32CubeIDE_1.15.0/STM32CubeIDE/plugins/com.st.stm32cube.ide.mcu.externaltools.gnu-tools-for-stm32.12.3.rel1.win32_1.0.100.202403111256/tools/bin/../lib/gcc/arm-none-eabi/12.3.1/../../../../arm-none-eabi/lib/thumb/v7e-m+fp/hard\libc_nano.a
END GROUP
START GROUP
LOAD C:/ST/STM32CubeIDE_1.15.0/STM32CubeIDE/plugins/com.st.stm32cube.ide.mcu.externaltools.gnu-tools-for-stm32.12.3.rel1.win32_1.0.100.202403111256/tools/bin/../lib/gcc/arm-none-eabi/12.3.1/thumb/v7e-m+fp/hard\libgcc.a
LOAD C:/ST/STM32CubeIDE_1.15.0/STM32CubeIDE/plugins/com.st.stm32cube.ide.mcu.externaltools.gnu-tools-for-stm32.12.3.rel1.win32_1.0.100.202403111256/tools/bin/../lib/gcc/arm-none-eabi/12.3.1/../../../../arm-none-eabi/lib/thumb/v7e-m+fp/hard\libc_nano.a
LOAD C:/ST/STM32CubeIDE_1.15.0/STM32CubeIDE/plugins/com.st.stm32cube.ide.mcu.externaltools.gnu-tools-for-stm32.12.3.rel1.win32_1.0.100.202403111256/tools/bin/../lib/gcc/arm-none-eabi/12.3.1/../../../../arm-none-eabi/lib/thumb/v7e-m+fp/hard\libnosys.a
END GROUP
START GROUP
LOAD C:/ST/STM32CubeIDE_1.15.0/STM32CubeIDE/plugins/com.st.stm32cube.ide.mcu.externaltools.gnu-tools-for-stm32.12.3.rel1.win32_1.0.100.202403111256/tools/bin/../lib/gcc/arm-none-eabi/12.3.1/thumb/v7e-m+fp/hard\libgcc.a
LOAD C:/ST/STM32CubeIDE_1.15.0/STM32CubeIDE/plugins/com.st.stm32cube.ide.mcu.externaltools.gnu-tools-for-stm32.12.3.rel1.win32_1.0.100.202403111256/tools/bin/../lib/gcc/arm-none-eabi/12.3.1/../../../../arm-none-eabi/lib/thumb/v7e-m+fp/hard\libc_nano.a
LOAD C:/ST/STM32CubeIDE_1.15.0/STM32CubeIDE/plugins/com.st.stm32cube.ide.mcu.externaltools.gnu-tools-for-stm32.12.3.rel1.win32_1.0.100.202403111256/tools/bin/../lib/gcc/arm-none-eabi/12.3.1/../../../../arm-none-eabi/lib/thumb/v7e-m+fp/hard\libnosys.a
END GROUP
LOAD C:/ST/STM32CubeIDE_1.15.0/STM32CubeIDE/plugins/com.st.stm32cube.ide.mcu.externaltools.gnu-tools-for-stm32.12.3.rel1.win32_1.0.100.202403111256/tools/bin/../lib/gcc/arm-none-eabi/12.3.1/thumb/v7e-m+fp/hard/crtend.o
LOAD C:/ST/STM32CubeIDE_1.15.0/STM32CubeIDE/plugins/com.st.stm32cube.ide.mcu.externaltools.gnu-tools-for-stm32.12.3.rel1.win32_1.0.100.202403111256/tools/bin/../lib/gcc/arm-none-eabi/12.3.1/thumb/v7e-m+fp/hard/crtn.o
                0x20020000                        _estack = (ORIGIN (RAM) + LENGTH (RAM))
                0x00000200                        _Min_Heap_Size = 0x200
                0x00000400                        _Min_Stack_Size = 0x400

.isr_vector     0x08000000      0x198
                0x08000000                        . = ALIGN (0x4)
 *(.isr_vector)
 .isr_vector    0x08000000      0x198 ./Core/Startup/startup_stm32f411retx.o
                0x08000000                g_pfnVectors
                0x08000198                        . = ALIGN (0x4)

.text           0x080001a0     0x5808
                0x080001a0                        . = ALIGN (0x4)
 *(.text)
 .text          0x080001a0       0x40 C:/ST/STM32CubeIDE_1.15.0/STM32CubeIDE/plugins/com.st.stm32cube.ide.mcu.externaltools.gnu-tools-for-stm32.12.3.rel1.win32_1.0.100.202403111256/tools/bin/../lib/gcc/arm-none-eabi/12.3.1/thumb/v7e-m+fp/hard/crtbegin.o
 .text          0x080001e0       0x14 C:/ST/STM32CubeIDE_1.15.0/STM32CubeIDE/plugins/com.st.stm32cube.ide.mcu.externaltools.gnu-tools-for-stm32.12.3.rel1.win32_1.0.100.202403111256/tools/bin/../lib/gcc/arm-none-eabi/12.3.1/../../../../arm-none-eabi/lib/thumb/v7e-m+fp/hard\libc_nano.a(libc_a-strcmp.o)
                0x080001e0                strcmp
 *fill*         0x080001f4        0xc 
 .text          0x08000200       0xa0 C:/ST/STM32CubeIDE_1.15.0/STM32CubeIDE/plugins/com.st.stm32cube.ide.mcu.externaltools.gnu-tools-for-stm32.12.3.rel1.win32_1.0.100.202403111256/tools/bin/../lib/gcc/arm-none-eabi/12.3.1/../../../../arm-none-eabi/lib/thumb/v7e-m+fp/hard\libc_nano.a(libc_a-memchr.o)
                0x08000200                memchr
 .text          0x080002a0       0x30 C:/ST/STM32CubeIDE_1.15.0/STM32CubeIDE/plugins/com.st.stm32cube.ide.mcu.externaltools.gnu-tools-for-stm32.12.3.rel1.win32_1.0.100.202403111256/tools/bin/../lib/gcc/arm-none-eabi/12.3.1/thumb/v7e-m+fp/hard\libgcc.a(_aeabi_uldivmod.o)
                0x080002a0                __aeabi_uldivmod
 .text          0x080002d0      0x2bc C:/ST/STM32CubeIDE_1.15.0/STM32CubeIDE/plugins/com.st.stm32cube.ide.mcu.externaltools.gnu-tools-for-stm32.12.3.rel1.win32_1.0.100.202403111256/tools/bin/../lib/gcc/arm-none-eabi/12.3.1/thumb/v7e-m+fp/hard\libgcc.a(_udivmoddi4.o)
                0x080002d0                __udivmoddi4
 .text          0x0800058c        0x4 C:/ST/STM32CubeIDE_1.15.0/STM32CubeIDE/plugins/com.st.stm32cube.ide.mcu.externaltools.gnu-tools-for-stm32.12.3.rel1.win32_1.0.100.202403111256/tools/bin/../lib/gcc/arm-none-eabi/12.3.1/thumb/v7e-m+fp/hard\libgcc.a(_dvmd_tls.o)
                0x0800058c                __aeabi_idiv0
                0x0800058c                __aeabi_ldiv0
 *(.text*)
 .text.HAL_UART_RxCpltCallback
                0x08000590       0x50 ./Core/AP/AP_Main.o
                0x08000590                HAL_UART_RxCpltCallback
 .text.AP_Main_init
                0x080005e0       0x44 ./Core/AP/AP_Main.o
                0x080005e0                AP_Main_init
 .text.AP_Main_execute
                0x08000624       0x10 ./Core/AP/AP_Main.o
                0x08000624                AP_Main_execute
 .text.Controller_Car_init
                0x08000634       0x30 ./Core/AP/RC_Car/Controller.o
                0x08000634                Controller_Car_init
 .text.Controller_Car_execute
                0x08000664       0x9c ./Core/AP/RC_Car/Controller.o
                0x08000664                Controller_Car_execute
 .text.Controller_CarOFF_Run
                0x08000700       0x32 ./Core/AP/RC_Car/Controller.o
                0x08000700                Controller_CarOFF_Run
 .text.Controller_CarForward_Run
                0x08000732       0x48 ./Core/AP/RC_Car/Controller.o
                0x08000732                Controller_CarForward_Run
 .text.Controller_CarBackward_Run
                0x0800077a       0x48 ./Core/AP/RC_Car/Controller.o
                0x0800077a                Controller_CarBackward_Run
 .text.Controller_CarRightForward_Run
                0x080007c2       0x50 ./Core/AP/RC_Car/Controller.o
                0x080007c2                Controller_CarRightForward_Run
 .text.Controller_CarLeftForward_Run
                0x08000812       0x50 ./Core/AP/RC_Car/Controller.o
                0x08000812                Controller_CarLeftForward_Run
 *fill*         0x08000862        0x2 
 .text.Listener_ISR_Process
                0x08000864       0x3c ./Core/AP/RC_Car/Listener.o
                0x08000864                Listener_ISR_Process
 .text.Listener_init
                0x080008a0       0x18 ./Core/AP/RC_Car/Listener.o
                0x080008a0                Listener_init
 .text.Listener_CarMode_EventCheck
                0x080008b8      0x158 ./Core/AP/RC_Car/Listener.o
                0x080008b8                Listener_CarMode_EventCheck
 .text.Listener_clearModeBuf
                0x08000a10       0x34 ./Core/AP/RC_Car/Listener.o
                0x08000a10                Listener_clearModeBuf
 .text.Presenter_Motor_Run
                0x08000a44       0xc0 ./Core/AP/RC_Car/Presenter.o
                0x08000a44                Presenter_Motor_Run
 .text.Presenter_UART_Run
                0x08000b04       0x94 ./Core/AP/RC_Car/Presenter.o
                0x08000b04                Presenter_UART_Run
 .text.Que_Car_init
                0x08000b98       0x14 ./Core/AP/RC_Car/Queue_Car.o
                0x08000b98                Que_Car_init
 .text.enQue_CarModeState
                0x08000bac       0x20 ./Core/AP/RC_Car/Queue_Car.o
                0x08000bac                enQue_CarModeState
 .text.deQue_CarModeState
                0x08000bcc       0x20 ./Core/AP/RC_Car/Queue_Car.o
                0x08000bcc                deQue_CarModeState
 .text.Que_Car_isEmpty
                0x08000bec       0x14 ./Core/AP/RC_Car/Queue_Car.o
                0x08000bec                Que_Car_isEmpty
 .text.Model_hardwareinit
                0x08000c00       0x84 ./Core/AP/RC_Car/defineModel.o
                0x08000c00                Model_hardwareinit
 .text.Model_getHandler
                0x08000c84       0x14 ./Core/AP/RC_Car/defineModel.o
                0x08000c84                Model_getHandler
 .text.Model_getHandleMotor
                0x08000c98       0x14 ./Core/AP/RC_Car/defineModel.o
                0x08000c98                Model_getHandleMotor
 .text._write   0x08000cac       0x2c ./Core/AP/RC_Car/defineModel.o
                0x08000cac                _write
 .text.Model_getCarModeState
                0x08000cd8       0x18 ./Core/AP/RC_Car/defineModel.o
                0x08000cd8                Model_getCarModeState
 .text.Model_setCarModeState
                0x08000cf0       0x20 ./Core/AP/RC_Car/defineModel.o
                0x08000cf0                Model_setCarModeState
 .text.Que_init
                0x08000d10       0x26 ./Core/Common/Queue/Queue.o
                0x08000d10                Que_init
 .text.QueFull  0x08000d36       0x22 ./Core/Common/Queue/Queue.o
                0x08000d36                QueFull
 .text.QueEmpty
                0x08000d58       0x22 ./Core/Common/Queue/Queue.o
                0x08000d58                QueEmpty
 *fill*         0x08000d7a        0x2 
 .text.enQue    0x08000d7c       0x58 ./Core/Common/Queue/Queue.o
                0x08000d7c                enQue
 .text.deQue    0x08000dd4       0x58 ./Core/Common/Queue/Queue.o
                0x08000dd4                deQue
 .text.DelayInit
                0x08000e2c       0x54 ./Core/Common/delayUS/delayUS.o
                0x08000e2c                DelayInit
 .text.Motor_init
                0x08000e80       0x3e ./Core/Driver/Motor/Motor.o
                0x08000e80                Motor_init
 .text.Motor_Stop
                0x08000ebe       0x40 ./Core/Driver/Motor/Motor.o
                0x08000ebe                Motor_Stop
 .text.Motor_Forward
                0x08000efe       0x40 ./Core/Driver/Motor/Motor.o
                0x08000efe                Motor_Forward
 .text.Motor_Backward
                0x08000f3e       0x40 ./Core/Driver/Motor/Motor.o
                0x08000f3e                Motor_Backward
 .text.Motor_SetSpeed
                0x08000f7e       0x5c ./Core/Driver/Motor/Motor.o
                0x08000f7e                Motor_SetSpeed
 *fill*         0x08000fda        0x2 
 .text.main     0x08000fdc       0x4c ./Core/Src/main.o
                0x08000fdc                main
 .text.SystemClock_Config
                0x08001028       0xd0 ./Core/Src/main.o
                0x08001028                SystemClock_Config
 .text.MX_I2C1_Init
                0x080010f8       0x5c ./Core/Src/main.o
 .text.MX_TIM1_Init
                0x08001154       0xa0 ./Core/Src/main.o
 .text.MX_TIM2_Init
                0x080011f4       0x98 ./Core/Src/main.o
 .text.MX_TIM3_Init
                0x0800128c      0x104 ./Core/Src/main.o
 .text.MX_USART2_UART_Init
                0x08001390       0x54 ./Core/Src/main.o
 .text.MX_GPIO_Init
                0x080013e4      0x118 ./Core/Src/main.o
 .text.Error_Handler
                0x080014fc        0xc ./Core/Src/main.o
                0x080014fc                Error_Handler
 .text.HAL_MspInit
                0x08001508       0x50 ./Core/Src/stm32f4xx_hal_msp.o
                0x08001508                HAL_MspInit
 .text.HAL_I2C_MspInit
                0x08001558       0x90 ./Core/Src/stm32f4xx_hal_msp.o
                0x08001558                HAL_I2C_MspInit
 .text.HAL_TIM_Base_MspInit
                0x080015e8       0x98 ./Core/Src/stm32f4xx_hal_msp.o
                0x080015e8                HAL_TIM_Base_MspInit
 .text.HAL_TIM_MspPostInit
                0x08001680       0x74 ./Core/Src/stm32f4xx_hal_msp.o
                0x08001680                HAL_TIM_MspPostInit
 .text.HAL_UART_MspInit
                0x080016f4       0xa0 ./Core/Src/stm32f4xx_hal_msp.o
                0x080016f4                HAL_UART_MspInit
 .text.NMI_Handler
                0x08001794        0x8 ./Core/Src/stm32f4xx_it.o
                0x08001794                NMI_Handler
 .text.HardFault_Handler
                0x0800179c        0x8 ./Core/Src/stm32f4xx_it.o
                0x0800179c                HardFault_Handler
 .text.MemManage_Handler
                0x080017a4        0x8 ./Core/Src/stm32f4xx_it.o
                0x080017a4                MemManage_Handler
 .text.BusFault_Handler
                0x080017ac        0x8 ./Core/Src/stm32f4xx_it.o
                0x080017ac                BusFault_Handler
 .text.UsageFault_Handler
                0x080017b4        0x8 ./Core/Src/stm32f4xx_it.o
                0x080017b4                UsageFault_Handler
 .text.SVC_Handler
                0x080017bc        0xe ./Core/Src/stm32f4xx_it.o
                0x080017bc                SVC_Handler
 .text.DebugMon_Handler
                0x080017ca        0xe ./Core/Src/stm32f4xx_it.o
                0x080017ca                DebugMon_Handler
 .text.PendSV_Handler
                0x080017d8        0xe ./Core/Src/stm32f4xx_it.o
                0x080017d8                PendSV_Handler
 .text.SysTick_Handler
                0x080017e6        0xc ./Core/Src/stm32f4xx_it.o
                0x080017e6                SysTick_Handler
 *fill*         0x080017f2        0x2 
 .text.USART2_IRQHandler
                0x080017f4       0x14 ./Core/Src/stm32f4xx_it.o
                0x080017f4                USART2_IRQHandler
 .text._read    0x08001808       0x3a ./Core/Src/syscalls.o
                0x08001808                _read
 .text._close   0x08001842       0x18 ./Core/Src/syscalls.o
                0x08001842                _close
 .text._fstat   0x0800185a       0x20 ./Core/Src/syscalls.o
                0x0800185a                _fstat
 .text._isatty  0x0800187a       0x16 ./Core/Src/syscalls.o
                0x0800187a                _isatty
 .text._lseek   0x08001890       0x1a ./Core/Src/syscalls.o
                0x08001890                _lseek
 *fill*         0x080018aa        0x2 
 .text._sbrk    0x080018ac       0x6c ./Core/Src/sysmem.o
                0x080018ac                _sbrk
 .text.SystemInit
                0x08001918       0x24 ./Core/Src/system_stm32f4xx.o
                0x08001918                SystemInit
 .text.Reset_Handler
                0x0800193c       0x50 ./Core/Startup/startup_stm32f411retx.o
                0x0800193c                Reset_Handler
 .text.Default_Handler
                0x0800198c        0x2 ./Core/Startup/startup_stm32f411retx.o
                0x0800198c                RTC_Alarm_IRQHandler
                0x0800198c                EXTI2_IRQHandler
                0x0800198c                SPI4_IRQHandler
                0x0800198c                TIM1_CC_IRQHandler
                0x0800198c                DMA2_Stream5_IRQHandler
                0x0800198c                DMA1_Stream5_IRQHandler
                0x0800198c                PVD_IRQHandler
                0x0800198c                SDIO_IRQHandler
                0x0800198c                TAMP_STAMP_IRQHandler
                0x0800198c                EXTI3_IRQHandler
                0x0800198c                TIM1_UP_TIM10_IRQHandler
                0x0800198c                I2C3_ER_IRQHandler
                0x0800198c                EXTI0_IRQHandler
                0x0800198c                I2C2_EV_IRQHandler
                0x0800198c                DMA1_Stream2_IRQHandler
                0x0800198c                FPU_IRQHandler
                0x0800198c                DMA2_Stream2_IRQHandler
                0x0800198c                SPI1_IRQHandler
                0x0800198c                TIM1_BRK_TIM9_IRQHandler
                0x0800198c                DMA2_Stream3_IRQHandler
                0x0800198c                USART6_IRQHandler
                0x0800198c                DMA2_Stream0_IRQHandler
                0x0800198c                TIM4_IRQHandler
                0x0800198c                I2C1_EV_IRQHandler
                0x0800198c                DMA1_Stream6_IRQHandler
                0x0800198c                DMA1_Stream1_IRQHandler
                0x0800198c                TIM3_IRQHandler
                0x0800198c                RCC_IRQHandler
                0x0800198c                Default_Handler
                0x0800198c                EXTI15_10_IRQHandler
                0x0800198c                ADC_IRQHandler
                0x0800198c                DMA1_Stream7_IRQHandler
                0x0800198c                SPI5_IRQHandler
                0x0800198c                TIM5_IRQHandler
                0x0800198c                DMA2_Stream7_IRQHandler
                0x0800198c                I2C3_EV_IRQHandler
                0x0800198c                EXTI9_5_IRQHandler
                0x0800198c                RTC_WKUP_IRQHandler
                0x0800198c                SPI2_IRQHandler
                0x0800198c                DMA1_Stream0_IRQHandler
                0x0800198c                EXTI4_IRQHandler
                0x0800198c                WWDG_IRQHandler
                0x0800198c                TIM2_IRQHandler
                0x0800198c                OTG_FS_WKUP_IRQHandler
                0x0800198c                TIM1_TRG_COM_TIM11_IRQHandler
                0x0800198c                EXTI1_IRQHandler
                0x0800198c                I2C2_ER_IRQHandler
                0x0800198c                DMA2_Stream1_IRQHandler
                0x0800198c                FLASH_IRQHandler
                0x0800198c                DMA2_Stream4_IRQHandler
                0x0800198c                USART1_IRQHandler
                0x0800198c                OTG_FS_IRQHandler
                0x0800198c                SPI3_IRQHandler
                0x0800198c                DMA1_Stream4_IRQHandler
                0x0800198c                I2C1_ER_IRQHandler
                0x0800198c                DMA2_Stream6_IRQHandler
                0x0800198c                DMA1_Stream3_IRQHandler
 *fill*         0x0800198e        0x2 
 .text.HAL_Init
                0x08001990       0x44 ./Drivers/STM32F4xx_HAL_Driver/Src/stm32f4xx_hal.o
                0x08001990                HAL_Init
 .text.HAL_InitTick
                0x080019d4       0x60 ./Drivers/STM32F4xx_HAL_Driver/Src/stm32f4xx_hal.o
                0x080019d4                HAL_InitTick
 .text.HAL_IncTick
                0x08001a34       0x28 ./Drivers/STM32F4xx_HAL_Driver/Src/stm32f4xx_hal.o
                0x08001a34                HAL_IncTick
 .text.HAL_GetTick
                0x08001a5c       0x18 ./Drivers/STM32F4xx_HAL_Driver/Src/stm32f4xx_hal.o
                0x08001a5c                HAL_GetTick
 .text.__NVIC_SetPriorityGrouping
                0x08001a74       0x48 ./Drivers/STM32F4xx_HAL_Driver/Src/stm32f4xx_hal_cortex.o
 .text.__NVIC_GetPriorityGrouping
                0x08001abc       0x1c ./Drivers/STM32F4xx_HAL_Driver/Src/stm32f4xx_hal_cortex.o
 .text.__NVIC_EnableIRQ
                0x08001ad8       0x3c ./Drivers/STM32F4xx_HAL_Driver/Src/stm32f4xx_hal_cortex.o
 .text.__NVIC_SetPriority
                0x08001b14       0x54 ./Drivers/STM32F4xx_HAL_Driver/Src/stm32f4xx_hal_cortex.o
 .text.NVIC_EncodePriority
                0x08001b68       0x66 ./Drivers/STM32F4xx_HAL_Driver/Src/stm32f4xx_hal_cortex.o
 *fill*         0x08001bce        0x2 
 .text.SysTick_Config
                0x08001bd0       0x44 ./Drivers/STM32F4xx_HAL_Driver/Src/stm32f4xx_hal_cortex.o
 .text.HAL_NVIC_SetPriorityGrouping
                0x08001c14       0x16 ./Drivers/STM32F4xx_HAL_Driver/Src/stm32f4xx_hal_cortex.o
                0x08001c14                HAL_NVIC_SetPriorityGrouping
 .text.HAL_NVIC_SetPriority
                0x08001c2a       0x38 ./Drivers/STM32F4xx_HAL_Driver/Src/stm32f4xx_hal_cortex.o
                0x08001c2a                HAL_NVIC_SetPriority
 .text.HAL_NVIC_EnableIRQ
                0x08001c62       0x1c ./Drivers/STM32F4xx_HAL_Driver/Src/stm32f4xx_hal_cortex.o
                0x08001c62                HAL_NVIC_EnableIRQ
 .text.HAL_SYSTICK_Config
                0x08001c7e       0x18 ./Drivers/STM32F4xx_HAL_Driver/Src/stm32f4xx_hal_cortex.o
                0x08001c7e                HAL_SYSTICK_Config
 .text.HAL_DMA_Abort
                0x08001c96       0xe0 ./Drivers/STM32F4xx_HAL_Driver/Src/stm32f4xx_hal_dma.o
                0x08001c96                HAL_DMA_Abort
 .text.HAL_DMA_Abort_IT
                0x08001d76       0x44 ./Drivers/STM32F4xx_HAL_Driver/Src/stm32f4xx_hal_dma.o
                0x08001d76                HAL_DMA_Abort_IT
 *fill*         0x08001dba        0x2 
 .text.HAL_GPIO_Init
                0x08001dbc      0x308 ./Drivers/STM32F4xx_HAL_Driver/Src/stm32f4xx_hal_gpio.o
                0x08001dbc                HAL_GPIO_Init
 .text.HAL_GPIO_WritePin
                0x080020c4       0x32 ./Drivers/STM32F4xx_HAL_Driver/Src/stm32f4xx_hal_gpio.o
                0x080020c4                HAL_GPIO_WritePin
 *fill*         0x080020f6        0x2 
 .text.HAL_I2C_Init
                0x080020f8      0x288 ./Drivers/STM32F4xx_HAL_Driver/Src/stm32f4xx_hal_i2c.o
                0x080020f8                HAL_I2C_Init
 .text.HAL_RCC_OscConfig
                0x08002380      0x4f0 ./Drivers/STM32F4xx_HAL_Driver/Src/stm32f4xx_hal_rcc.o
                0x08002380                HAL_RCC_OscConfig
 .text.HAL_RCC_ClockConfig
                0x08002870      0x1cc ./Drivers/STM32F4xx_HAL_Driver/Src/stm32f4xx_hal_rcc.o
                0x08002870                HAL_RCC_ClockConfig
 .text.HAL_RCC_GetSysClockFreq
                0x08002a3c      0x20c ./Drivers/STM32F4xx_HAL_Driver/Src/stm32f4xx_hal_rcc.o
                0x08002a3c                HAL_RCC_GetSysClockFreq
 .text.HAL_RCC_GetHCLKFreq
                0x08002c48       0x18 ./Drivers/STM32F4xx_HAL_Driver/Src/stm32f4xx_hal_rcc.o
                0x08002c48                HAL_RCC_GetHCLKFreq
 .text.HAL_RCC_GetPCLK1Freq
                0x08002c60       0x28 ./Drivers/STM32F4xx_HAL_Driver/Src/stm32f4xx_hal_rcc.o
                0x08002c60                HAL_RCC_GetPCLK1Freq
 .text.HAL_RCC_GetPCLK2Freq
                0x08002c88       0x28 ./Drivers/STM32F4xx_HAL_Driver/Src/stm32f4xx_hal_rcc.o
                0x08002c88                HAL_RCC_GetPCLK2Freq
 .text.HAL_TIM_Base_Init
                0x08002cb0       0x9e ./Drivers/STM32F4xx_HAL_Driver/Src/stm32f4xx_hal_tim.o
                0x08002cb0                HAL_TIM_Base_Init
 .text.HAL_TIM_PWM_Init
                0x08002d4e       0x9e ./Drivers/STM32F4xx_HAL_Driver/Src/stm32f4xx_hal_tim.o
                0x08002d4e                HAL_TIM_PWM_Init
 .text.HAL_TIM_PWM_MspInit
                0x08002dec       0x14 ./Drivers/STM32F4xx_HAL_Driver/Src/stm32f4xx_hal_tim.o
                0x08002dec                HAL_TIM_PWM_MspInit
 .text.HAL_TIM_PWM_Start
                0x08002e00      0x160 ./Drivers/STM32F4xx_HAL_Driver/Src/stm32f4xx_hal_tim.o
                0x08002e00                HAL_TIM_PWM_Start
 .text.HAL_TIM_PWM_Stop
                0x08002f60       0xc8 ./Drivers/STM32F4xx_HAL_Driver/Src/stm32f4xx_hal_tim.o
                0x08002f60                HAL_TIM_PWM_Stop
 .text.HAL_TIM_PWM_ConfigChannel
                0x08003028      0x184 ./Drivers/STM32F4xx_HAL_Driver/Src/stm32f4xx_hal_tim.o
                0x08003028                HAL_TIM_PWM_ConfigChannel
 .text.HAL_TIM_ConfigClockSource
                0x080031ac      0x18e ./Drivers/STM32F4xx_HAL_Driver/Src/stm32f4xx_hal_tim.o
                0x080031ac                HAL_TIM_ConfigClockSource
 *fill*         0x0800333a        0x2 
 .text.TIM_Base_SetConfig
                0x0800333c      0x118 ./Drivers/STM32F4xx_HAL_Driver/Src/stm32f4xx_hal_tim.o
                0x0800333c                TIM_Base_SetConfig
 .text.TIM_OC1_SetConfig
                0x08003454       0xcc ./Drivers/STM32F4xx_HAL_Driver/Src/stm32f4xx_hal_tim.o
 .text.TIM_OC2_SetConfig
                0x08003520       0xd8 ./Drivers/STM32F4xx_HAL_Driver/Src/stm32f4xx_hal_tim.o
                0x08003520                TIM_OC2_SetConfig
 .text.TIM_OC3_SetConfig
                0x080035f8       0xd4 ./Drivers/STM32F4xx_HAL_Driver/Src/stm32f4xx_hal_tim.o
 .text.TIM_OC4_SetConfig
                0x080036cc       0xa0 ./Drivers/STM32F4xx_HAL_Driver/Src/stm32f4xx_hal_tim.o
 .text.TIM_TI1_ConfigInputStage
                0x0800376c       0x5e ./Drivers/STM32F4xx_HAL_Driver/Src/stm32f4xx_hal_tim.o
 .text.TIM_TI2_ConfigInputStage
                0x080037ca       0x60 ./Drivers/STM32F4xx_HAL_Driver/Src/stm32f4xx_hal_tim.o
 .text.TIM_ITRx_SetConfig
                0x0800382a       0x36 ./Drivers/STM32F4xx_HAL_Driver/Src/stm32f4xx_hal_tim.o
 .text.TIM_ETR_SetConfig
                0x08003860       0x40 ./Drivers/STM32F4xx_HAL_Driver/Src/stm32f4xx_hal_tim.o
                0x08003860                TIM_ETR_SetConfig
 .text.TIM_CCxChannelCmd
                0x080038a0       0x4a ./Drivers/STM32F4xx_HAL_Driver/Src/stm32f4xx_hal_tim.o
                0x080038a0                TIM_CCxChannelCmd
 *fill*         0x080038ea        0x2 
 .text.HAL_TIMEx_MasterConfigSynchronization
                0x080038ec       0xdc ./Drivers/STM32F4xx_HAL_Driver/Src/stm32f4xx_hal_tim_ex.o
                0x080038ec                HAL_TIMEx_MasterConfigSynchronization
 .text.HAL_UART_Init
                0x080039c8       0xa0 ./Drivers/STM32F4xx_HAL_Driver/Src/stm32f4xx_hal_uart.o
                0x080039c8                HAL_UART_Init
 .text.HAL_UART_Transmit
                0x08003a68      0x116 ./Drivers/STM32F4xx_HAL_Driver/Src/stm32f4xx_hal_uart.o
                0x08003a68                HAL_UART_Transmit
 .text.HAL_UART_Receive_IT
                0x08003b7e       0x4a ./Drivers/STM32F4xx_HAL_Driver/Src/stm32f4xx_hal_uart.o
                0x08003b7e                HAL_UART_Receive_IT
 .text.HAL_UART_IRQHandler
                0x08003bc8      0x524 ./Drivers/STM32F4xx_HAL_Driver/Src/stm32f4xx_hal_uart.o
                0x08003bc8                HAL_UART_IRQHandler
 .text.HAL_UART_TxCpltCallback
                0x080040ec       0x14 ./Drivers/STM32F4xx_HAL_Driver/Src/stm32f4xx_hal_uart.o
                0x080040ec                HAL_UART_TxCpltCallback
 .text.HAL_UART_ErrorCallback
                0x08004100       0x14 ./Drivers/STM32F4xx_HAL_Driver/Src/stm32f4xx_hal_uart.o
                0x08004100                HAL_UART_ErrorCallback
 .text.HAL_UARTEx_RxEventCallback
                0x08004114       0x18 ./Drivers/STM32F4xx_HAL_Driver/Src/stm32f4xx_hal_uart.o
                0x08004114                HAL_UARTEx_RxEventCallback
 .text.UART_WaitOnFlagUntilTimeout
                0x0800412c       0xb2 ./Drivers/STM32F4xx_HAL_Driver/Src/stm32f4xx_hal_uart.o
 .text.UART_Start_Receive_IT
                0x080041de       0x74 ./Drivers/STM32F4xx_HAL_Driver/Src/stm32f4xx_hal_uart.o
                0x080041de                UART_Start_Receive_IT
 .text.UART_EndRxTransfer
                0x08004252       0xc6 ./Drivers/STM32F4xx_HAL_Driver/Src/stm32f4xx_hal_uart.o
 .text.UART_DMAAbortOnError
                0x08004318       0x28 ./Drivers/STM32F4xx_HAL_Driver/Src/stm32f4xx_hal_uart.o
 .text.UART_Transmit_IT
                0x08004340       0xa0 ./Drivers/STM32F4xx_HAL_Driver/Src/stm32f4xx_hal_uart.o
 .text.UART_EndTransmit_IT
                0x080043e0       0x30 ./Drivers/STM32F4xx_HAL_Driver/Src/stm32f4xx_hal_uart.o
 .text.UART_Receive_IT
                0x08004410      0x17c ./Drivers/STM32F4xx_HAL_Driver/Src/stm32f4xx_hal_uart.o
 .text.UART_SetConfig
                0x0800458c      0x4e8 ./Drivers/STM32F4xx_HAL_Driver/Src/stm32f4xx_hal_uart.o
 .text.std      0x08004a74       0x6c C:/ST/STM32CubeIDE_1.15.0/STM32CubeIDE/plugins/com.st.stm32cube.ide.mcu.externaltools.gnu-tools-for-stm32.12.3.rel1.win32_1.0.100.202403111256/tools/bin/../lib/gcc/arm-none-eabi/12.3.1/../../../../arm-none-eabi/lib/thumb/v7e-m+fp/hard\libc_nano.a(libc_a-findfp.o)
 .text.stdio_exit_handler
                0x08004ae0       0x18 C:/ST/STM32CubeIDE_1.15.0/STM32CubeIDE/plugins/com.st.stm32cube.ide.mcu.externaltools.gnu-tools-for-stm32.12.3.rel1.win32_1.0.100.202403111256/tools/bin/../lib/gcc/arm-none-eabi/12.3.1/../../../../arm-none-eabi/lib/thumb/v7e-m+fp/hard\libc_nano.a(libc_a-findfp.o)
 .text.cleanup_stdio
                0x08004af8       0x40 C:/ST/STM32CubeIDE_1.15.0/STM32CubeIDE/plugins/com.st.stm32cube.ide.mcu.externaltools.gnu-tools-for-stm32.12.3.rel1.win32_1.0.100.202403111256/tools/bin/../lib/gcc/arm-none-eabi/12.3.1/../../../../arm-none-eabi/lib/thumb/v7e-m+fp/hard\libc_nano.a(libc_a-findfp.o)
 .text.global_stdio_init.part.0
                0x08004b38       0x3c C:/ST/STM32CubeIDE_1.15.0/STM32CubeIDE/plugins/com.st.stm32cube.ide.mcu.externaltools.gnu-tools-for-stm32.12.3.rel1.win32_1.0.100.202403111256/tools/bin/../lib/gcc/arm-none-eabi/12.3.1/../../../../arm-none-eabi/lib/thumb/v7e-m+fp/hard\libc_nano.a(libc_a-findfp.o)
 .text.__sfp_lock_acquire
                0x08004b74        0xc C:/ST/STM32CubeIDE_1.15.0/STM32CubeIDE/plugins/com.st.stm32cube.ide.mcu.externaltools.gnu-tools-for-stm32.12.3.rel1.win32_1.0.100.202403111256/tools/bin/../lib/gcc/arm-none-eabi/12.3.1/../../../../arm-none-eabi/lib/thumb/v7e-m+fp/hard\libc_nano.a(libc_a-findfp.o)
                0x08004b74                __sfp_lock_acquire
 .text.__sfp_lock_release
                0x08004b80        0xc C:/ST/STM32CubeIDE_1.15.0/STM32CubeIDE/plugins/com.st.stm32cube.ide.mcu.externaltools.gnu-tools-for-stm32.12.3.rel1.win32_1.0.100.202403111256/tools/bin/../lib/gcc/arm-none-eabi/12.3.1/../../../../arm-none-eabi/lib/thumb/v7e-m+fp/hard\libc_nano.a(libc_a-findfp.o)
                0x08004b80                __sfp_lock_release
 .text.__sinit  0x08004b8c       0x30 C:/ST/STM32CubeIDE_1.15.0/STM32CubeIDE/plugins/com.st.stm32cube.ide.mcu.externaltools.gnu-tools-for-stm32.12.3.rel1.win32_1.0.100.202403111256/tools/bin/../lib/gcc/arm-none-eabi/12.3.1/../../../../arm-none-eabi/lib/thumb/v7e-m+fp/hard\libc_nano.a(libc_a-findfp.o)
                0x08004b8c                __sinit
 .text._fwalk_sglue
                0x08004bbc       0x3c C:/ST/STM32CubeIDE_1.15.0/STM32CubeIDE/plugins/com.st.stm32cube.ide.mcu.externaltools.gnu-tools-for-stm32.12.3.rel1.win32_1.0.100.202403111256/tools/bin/../lib/gcc/arm-none-eabi/12.3.1/../../../../arm-none-eabi/lib/thumb/v7e-m+fp/hard\libc_nano.a(libc_a-fwalk.o)
                0x08004bbc                _fwalk_sglue
 .text.printf   0x08004bf8       0x24 C:/ST/STM32CubeIDE_1.15.0/STM32CubeIDE/plugins/com.st.stm32cube.ide.mcu.externaltools.gnu-tools-for-stm32.12.3.rel1.win32_1.0.100.202403111256/tools/bin/../lib/gcc/arm-none-eabi/12.3.1/../../../../arm-none-eabi/lib/thumb/v7e-m+fp/hard\libc_nano.a(libc_a-printf.o)
                0x08004bf8                iprintf
                0x08004bf8                printf
 .text._puts_r  0x08004c1c       0xaa C:/ST/STM32CubeIDE_1.15.0/STM32CubeIDE/plugins/com.st.stm32cube.ide.mcu.externaltools.gnu-tools-for-stm32.12.3.rel1.win32_1.0.100.202403111256/tools/bin/../lib/gcc/arm-none-eabi/12.3.1/../../../../arm-none-eabi/lib/thumb/v7e-m+fp/hard\libc_nano.a(libc_a-puts.o)
                0x08004c1c                _puts_r
 *fill*         0x08004cc6        0x2 
 .text.puts     0x08004cc8       0x10 C:/ST/STM32CubeIDE_1.15.0/STM32CubeIDE/plugins/com.st.stm32cube.ide.mcu.externaltools.gnu-tools-for-stm32.12.3.rel1.win32_1.0.100.202403111256/tools/bin/../lib/gcc/arm-none-eabi/12.3.1/../../../../arm-none-eabi/lib/thumb/v7e-m+fp/hard\libc_nano.a(libc_a-puts.o)
                0x08004cc8                puts
 .text.__sread  0x08004cd8       0x22 C:/ST/STM32CubeIDE_1.15.0/STM32CubeIDE/plugins/com.st.stm32cube.ide.mcu.externaltools.gnu-tools-for-stm32.12.3.rel1.win32_1.0.100.202403111256/tools/bin/../lib/gcc/arm-none-eabi/12.3.1/../../../../arm-none-eabi/lib/thumb/v7e-m+fp/hard\libc_nano.a(libc_a-stdio.o)
                0x08004cd8                __sread
 .text.__swrite
                0x08004cfa       0x38 C:/ST/STM32CubeIDE_1.15.0/STM32CubeIDE/plugins/com.st.stm32cube.ide.mcu.externaltools.gnu-tools-for-stm32.12.3.rel1.win32_1.0.100.202403111256/tools/bin/../lib/gcc/arm-none-eabi/12.3.1/../../../../arm-none-eabi/lib/thumb/v7e-m+fp/hard\libc_nano.a(libc_a-stdio.o)
                0x08004cfa                __swrite
 .text.__sseek  0x08004d32       0x24 C:/ST/STM32CubeIDE_1.15.0/STM32CubeIDE/plugins/com.st.stm32cube.ide.mcu.externaltools.gnu-tools-for-stm32.12.3.rel1.win32_1.0.100.202403111256/tools/bin/../lib/gcc/arm-none-eabi/12.3.1/../../../../arm-none-eabi/lib/thumb/v7e-m+fp/hard\libc_nano.a(libc_a-stdio.o)
                0x08004d32                __sseek
 .text.__sclose
                0x08004d56        0x8 C:/ST/STM32CubeIDE_1.15.0/STM32CubeIDE/plugins/com.st.stm32cube.ide.mcu.externaltools.gnu-tools-for-stm32.12.3.rel1.win32_1.0.100.202403111256/tools/bin/../lib/gcc/arm-none-eabi/12.3.1/../../../../arm-none-eabi/lib/thumb/v7e-m+fp/hard\libc_nano.a(libc_a-stdio.o)
                0x08004d56                __sclose
 .text.__swbuf_r
                0x08004d5e       0x7c C:/ST/STM32CubeIDE_1.15.0/STM32CubeIDE/plugins/com.st.stm32cube.ide.mcu.externaltools.gnu-tools-for-stm32.12.3.rel1.win32_1.0.100.202403111256/tools/bin/../lib/gcc/arm-none-eabi/12.3.1/../../../../arm-none-eabi/lib/thumb/v7e-m+fp/hard\libc_nano.a(libc_a-wbuf.o)
                0x08004d5e                __swbuf_r
 *fill*         0x08004dda        0x2 
 .text.__swsetup_r
                0x08004ddc       0xac C:/ST/STM32CubeIDE_1.15.0/STM32CubeIDE/plugins/com.st.stm32cube.ide.mcu.externaltools.gnu-tools-for-stm32.12.3.rel1.win32_1.0.100.202403111256/tools/bin/../lib/gcc/arm-none-eabi/12.3.1/../../../../arm-none-eabi/lib/thumb/v7e-m+fp/hard\libc_nano.a(libc_a-wsetup.o)
                0x08004ddc                __swsetup_r
 .text.memset   0x08004e88       0x10 C:/ST/STM32CubeIDE_1.15.0/STM32CubeIDE/plugins/com.st.stm32cube.ide.mcu.externaltools.gnu-tools-for-stm32.12.3.rel1.win32_1.0.100.202403111256/tools/bin/../lib/gcc/arm-none-eabi/12.3.1/../../../../arm-none-eabi/lib/thumb/v7e-m+fp/hard\libc_nano.a(libc_a-memset.o)
                0x08004e88                memset
 .text._close_r
                0x08004e98       0x20 C:/ST/STM32CubeIDE_1.15.0/STM32CubeIDE/plugins/com.st.stm32cube.ide.mcu.externaltools.gnu-tools-for-stm32.12.3.rel1.win32_1.0.100.202403111256/tools/bin/../lib/gcc/arm-none-eabi/12.3.1/../../../../arm-none-eabi/lib/thumb/v7e-m+fp/hard\libc_nano.a(libc_a-closer.o)
                0x08004e98                _close_r
 .text._lseek_r
                0x08004eb8       0x24 C:/ST/STM32CubeIDE_1.15.0/STM32CubeIDE/plugins/com.st.stm32cube.ide.mcu.externaltools.gnu-tools-for-stm32.12.3.rel1.win32_1.0.100.202403111256/tools/bin/../lib/gcc/arm-none-eabi/12.3.1/../../../../arm-none-eabi/lib/thumb/v7e-m+fp/hard\libc_nano.a(libc_a-lseekr.o)
                0x08004eb8                _lseek_r
 .text._read_r  0x08004edc       0x24 C:/ST/STM32CubeIDE_1.15.0/STM32CubeIDE/plugins/com.st.stm32cube.ide.mcu.externaltools.gnu-tools-for-stm32.12.3.rel1.win32_1.0.100.202403111256/tools/bin/../lib/gcc/arm-none-eabi/12.3.1/../../../../arm-none-eabi/lib/thumb/v7e-m+fp/hard\libc_nano.a(libc_a-readr.o)
                0x08004edc                _read_r
 .text._write_r
                0x08004f00       0x24 C:/ST/STM32CubeIDE_1.15.0/STM32CubeIDE/plugins/com.st.stm32cube.ide.mcu.externaltools.gnu-tools-for-stm32.12.3.rel1.win32_1.0.100.202403111256/tools/bin/../lib/gcc/arm-none-eabi/12.3.1/../../../../arm-none-eabi/lib/thumb/v7e-m+fp/hard\libc_nano.a(libc_a-writer.o)
                0x08004f00                _write_r
 .text.__errno  0x08004f24        0xc C:/ST/STM32CubeIDE_1.15.0/STM32CubeIDE/plugins/com.st.stm32cube.ide.mcu.externaltools.gnu-tools-for-stm32.12.3.rel1.win32_1.0.100.202403111256/tools/bin/../lib/gcc/arm-none-eabi/12.3.1/../../../../arm-none-eabi/lib/thumb/v7e-m+fp/hard\libc_nano.a(libc_a-errno.o)
                0x08004f24                __errno
 .text.__libc_init_array
                0x08004f30       0x48 C:/ST/STM32CubeIDE_1.15.0/STM32CubeIDE/plugins/com.st.stm32cube.ide.mcu.externaltools.gnu-tools-for-stm32.12.3.rel1.win32_1.0.100.202403111256/tools/bin/../lib/gcc/arm-none-eabi/12.3.1/../../../../arm-none-eabi/lib/thumb/v7e-m+fp/hard\libc_nano.a(libc_a-init.o)
                0x08004f30                __libc_init_array
 .text.__retarget_lock_init_recursive
                0x08004f78        0x2 C:/ST/STM32CubeIDE_1.15.0/STM32CubeIDE/plugins/com.st.stm32cube.ide.mcu.externaltools.gnu-tools-for-stm32.12.3.rel1.win32_1.0.100.202403111256/tools/bin/../lib/gcc/arm-none-eabi/12.3.1/../../../../arm-none-eabi/lib/thumb/v7e-m+fp/hard\libc_nano.a(libc_a-lock.o)
                0x08004f78                __retarget_lock_init_recursive
 .text.__retarget_lock_acquire_recursive
                0x08004f7a        0x2 C:/ST/STM32CubeIDE_1.15.0/STM32CubeIDE/plugins/com.st.stm32cube.ide.mcu.externaltools.gnu-tools-for-stm32.12.3.rel1.win32_1.0.100.202403111256/tools/bin/../lib/gcc/arm-none-eabi/12.3.1/../../../../arm-none-eabi/lib/thumb/v7e-m+fp/hard\libc_nano.a(libc_a-lock.o)
                0x08004f7a                __retarget_lock_acquire_recursive
 .text.__retarget_lock_release_recursive
                0x08004f7c        0x2 C:/ST/STM32CubeIDE_1.15.0/STM32CubeIDE/plugins/com.st.stm32cube.ide.mcu.externaltools.gnu-tools-for-stm32.12.3.rel1.win32_1.0.100.202403111256/tools/bin/../lib/gcc/arm-none-eabi/12.3.1/../../../../arm-none-eabi/lib/thumb/v7e-m+fp/hard\libc_nano.a(libc_a-lock.o)
                0x08004f7c                __retarget_lock_release_recursive
 *fill*         0x08004f7e        0x2 
 .text._free_r  0x08004f80       0x94 C:/ST/STM32CubeIDE_1.15.0/STM32CubeIDE/plugins/com.st.stm32cube.ide.mcu.externaltools.gnu-tools-for-stm32.12.3.rel1.win32_1.0.100.202403111256/tools/bin/../lib/gcc/arm-none-eabi/12.3.1/../../../../arm-none-eabi/lib/thumb/v7e-m+fp/hard\libc_nano.a(libc_a-freer.o)
                0x08004f80                _free_r
 .text.sbrk_aligned
                0x08005014       0x44 C:/ST/STM32CubeIDE_1.15.0/STM32CubeIDE/plugins/com.st.stm32cube.ide.mcu.externaltools.gnu-tools-for-stm32.12.3.rel1.win32_1.0.100.202403111256/tools/bin/../lib/gcc/arm-none-eabi/12.3.1/../../../../arm-none-eabi/lib/thumb/v7e-m+fp/hard\libc_nano.a(libc_a-mallocr.o)
 .text._malloc_r
                0x08005058      0x100 C:/ST/STM32CubeIDE_1.15.0/STM32CubeIDE/plugins/com.st.stm32cube.ide.mcu.externaltools.gnu-tools-for-stm32.12.3.rel1.win32_1.0.100.202403111256/tools/bin/../lib/gcc/arm-none-eabi/12.3.1/../../../../arm-none-eabi/lib/thumb/v7e-m+fp/hard\libc_nano.a(libc_a-mallocr.o)
                0x08005058                _malloc_r
 .text.__malloc_lock
                0x08005158        0xc C:/ST/STM32CubeIDE_1.15.0/STM32CubeIDE/plugins/com.st.stm32cube.ide.mcu.externaltools.gnu-tools-for-stm32.12.3.rel1.win32_1.0.100.202403111256/tools/bin/../lib/gcc/arm-none-eabi/12.3.1/../../../../arm-none-eabi/lib/thumb/v7e-m+fp/hard\libc_nano.a(libc_a-mlock.o)
                0x08005158                __malloc_lock
 .text.__malloc_unlock
                0x08005164        0xc C:/ST/STM32CubeIDE_1.15.0/STM32CubeIDE/plugins/com.st.stm32cube.ide.mcu.externaltools.gnu-tools-for-stm32.12.3.rel1.win32_1.0.100.202403111256/tools/bin/../lib/gcc/arm-none-eabi/12.3.1/../../../../arm-none-eabi/lib/thumb/v7e-m+fp/hard\libc_nano.a(libc_a-mlock.o)
                0x08005164                __malloc_unlock
 .text.__sfputc_r
                0x08005170       0x2e C:/ST/STM32CubeIDE_1.15.0/STM32CubeIDE/plugins/com.st.stm32cube.ide.mcu.externaltools.gnu-tools-for-stm32.12.3.rel1.win32_1.0.100.202403111256/tools/bin/../lib/gcc/arm-none-eabi/12.3.1/../../../../arm-none-eabi/lib/thumb/v7e-m+fp/hard\libc_nano.a(libc_a-nano-vfprintf.o)
 .text.__sfputs_r
                0x0800519e       0x24 C:/ST/STM32CubeIDE_1.15.0/STM32CubeIDE/plugins/com.st.stm32cube.ide.mcu.externaltools.gnu-tools-for-stm32.12.3.rel1.win32_1.0.100.202403111256/tools/bin/../lib/gcc/arm-none-eabi/12.3.1/../../../../arm-none-eabi/lib/thumb/v7e-m+fp/hard\libc_nano.a(libc_a-nano-vfprintf.o)
                0x0800519e                __sfputs_r
 *fill*         0x080051c2        0x2 
 .text._vfprintf_r
                0x080051c4      0x230 C:/ST/STM32CubeIDE_1.15.0/STM32CubeIDE/plugins/com.st.stm32cube.ide.mcu.externaltools.gnu-tools-for-stm32.12.3.rel1.win32_1.0.100.202403111256/tools/bin/../lib/gcc/arm-none-eabi/12.3.1/../../../../arm-none-eabi/lib/thumb/v7e-m+fp/hard\libc_nano.a(libc_a-nano-vfprintf.o)
                0x080051c4                _vfprintf_r
                0x080051c4                _vfiprintf_r
 .text._printf_common
                0x080053f4       0xda C:/ST/STM32CubeIDE_1.15.0/STM32CubeIDE/plugins/com.st.stm32cube.ide.mcu.externaltools.gnu-tools-for-stm32.12.3.rel1.win32_1.0.100.202403111256/tools/bin/../lib/gcc/arm-none-eabi/12.3.1/../../../../arm-none-eabi/lib/thumb/v7e-m+fp/hard\libc_nano.a(libc_a-nano-vfprintf_i.o)
                0x080053f4                _printf_common
 *fill*         0x080054ce        0x2 
 .text._printf_i
                0x080054d0      0x240 C:/ST/STM32CubeIDE_1.15.0/STM32CubeIDE/plugins/com.st.stm32cube.ide.mcu.externaltools.gnu-tools-for-stm32.12.3.rel1.win32_1.0.100.202403111256/tools/bin/../lib/gcc/arm-none-eabi/12.3.1/../../../../arm-none-eabi/lib/thumb/v7e-m+fp/hard\libc_nano.a(libc_a-nano-vfprintf_i.o)
                0x080054d0                _printf_i
 .text.__sflush_r
                0x08005710      0x108 C:/ST/STM32CubeIDE_1.15.0/STM32CubeIDE/plugins/com.st.stm32cube.ide.mcu.externaltools.gnu-tools-for-stm32.12.3.rel1.win32_1.0.100.202403111256/tools/bin/../lib/gcc/arm-none-eabi/12.3.1/../../../../arm-none-eabi/lib/thumb/v7e-m+fp/hard\libc_nano.a(libc_a-fflush.o)
                0x08005710                __sflush_r
 .text._fflush_r
                0x08005818       0x50 C:/ST/STM32CubeIDE_1.15.0/STM32CubeIDE/plugins/com.st.stm32cube.ide.mcu.externaltools.gnu-tools-for-stm32.12.3.rel1.win32_1.0.100.202403111256/tools/bin/../lib/gcc/arm-none-eabi/12.3.1/../../../../arm-none-eabi/lib/thumb/v7e-m+fp/hard\libc_nano.a(libc_a-fflush.o)
                0x08005818                _fflush_r
 .text.__swhatbuf_r
                0x08005868       0x4c C:/ST/STM32CubeIDE_1.15.0/STM32CubeIDE/plugins/com.st.stm32cube.ide.mcu.externaltools.gnu-tools-for-stm32.12.3.rel1.win32_1.0.100.202403111256/tools/bin/../lib/gcc/arm-none-eabi/12.3.1/../../../../arm-none-eabi/lib/thumb/v7e-m+fp/hard\libc_nano.a(libc_a-makebuf.o)
                0x08005868                __swhatbuf_r
 .text.__smakebuf_r
                0x080058b4       0x78 C:/ST/STM32CubeIDE_1.15.0/STM32CubeIDE/plugins/com.st.stm32cube.ide.mcu.externaltools.gnu-tools-for-stm32.12.3.rel1.win32_1.0.100.202403111256/tools/bin/../lib/gcc/arm-none-eabi/12.3.1/../../../../arm-none-eabi/lib/thumb/v7e-m+fp/hard\libc_nano.a(libc_a-makebuf.o)
                0x080058b4                __smakebuf_r
 .text._fstat_r
                0x0800592c       0x24 C:/ST/STM32CubeIDE_1.15.0/STM32CubeIDE/plugins/com.st.stm32cube.ide.mcu.externaltools.gnu-tools-for-stm32.12.3.rel1.win32_1.0.100.202403111256/tools/bin/../lib/gcc/arm-none-eabi/12.3.1/../../../../arm-none-eabi/lib/thumb/v7e-m+fp/hard\libc_nano.a(libc_a-fstatr.o)
                0x0800592c                _fstat_r
 .text._isatty_r
                0x08005950       0x20 C:/ST/STM32CubeIDE_1.15.0/STM32CubeIDE/plugins/com.st.stm32cube.ide.mcu.externaltools.gnu-tools-for-stm32.12.3.rel1.win32_1.0.100.202403111256/tools/bin/../lib/gcc/arm-none-eabi/12.3.1/../../../../arm-none-eabi/lib/thumb/v7e-m+fp/hard\libc_nano.a(libc_a-isattyr.o)
                0x08005950                _isatty_r
 .text._sbrk_r  0x08005970       0x20 C:/ST/STM32CubeIDE_1.15.0/STM32CubeIDE/plugins/com.st.stm32cube.ide.mcu.externaltools.gnu-tools-for-stm32.12.3.rel1.win32_1.0.100.202403111256/tools/bin/../lib/gcc/arm-none-eabi/12.3.1/../../../../arm-none-eabi/lib/thumb/v7e-m+fp/hard\libc_nano.a(libc_a-sbrkr.o)
                0x08005970                _sbrk_r
 *(.glue_7)
 .glue_7        0x08005990        0x0 linker stubs
 *(.glue_7t)
 .glue_7t       0x08005990        0x0 linker stubs
 *(.eh_frame)
 .eh_frame      0x08005990        0x0 C:/ST/STM32CubeIDE_1.15.0/STM32CubeIDE/plugins/com.st.stm32cube.ide.mcu.externaltools.gnu-tools-for-stm32.12.3.rel1.win32_1.0.100.202403111256/tools/bin/../lib/gcc/arm-none-eabi/12.3.1/thumb/v7e-m+fp/hard/crtbegin.o
 *(.init)
 .init          0x08005990        0x4 C:/ST/STM32CubeIDE_1.15.0/STM32CubeIDE/plugins/com.st.stm32cube.ide.mcu.externaltools.gnu-tools-for-stm32.12.3.rel1.win32_1.0.100.202403111256/tools/bin/../lib/gcc/arm-none-eabi/12.3.1/thumb/v7e-m+fp/hard/crti.o
                0x08005990                _init
 .init          0x08005994        0x8 C:/ST/STM32CubeIDE_1.15.0/STM32CubeIDE/plugins/com.st.stm32cube.ide.mcu.externaltools.gnu-tools-for-stm32.12.3.rel1.win32_1.0.100.202403111256/tools/bin/../lib/gcc/arm-none-eabi/12.3.1/thumb/v7e-m+fp/hard/crtn.o
 *(.fini)
 .fini          0x0800599c        0x4 C:/ST/STM32CubeIDE_1.15.0/STM32CubeIDE/plugins/com.st.stm32cube.ide.mcu.externaltools.gnu-tools-for-stm32.12.3.rel1.win32_1.0.100.202403111256/tools/bin/../lib/gcc/arm-none-eabi/12.3.1/thumb/v7e-m+fp/hard/crti.o
                0x0800599c                _fini
 .fini          0x080059a0        0x8 C:/ST/STM32CubeIDE_1.15.0/STM32CubeIDE/plugins/com.st.stm32cube.ide.mcu.externaltools.gnu-tools-for-stm32.12.3.rel1.win32_1.0.100.202403111256/tools/bin/../lib/gcc/arm-none-eabi/12.3.1/thumb/v7e-m+fp/hard/crtn.o
                0x080059a8                        . = ALIGN (0x4)
                0x080059a8                        _etext = .

.vfp11_veneer   0x080059a8        0x0
 .vfp11_veneer  0x080059a8        0x0 linker stubs

.v4_bx          0x080059a8        0x0
 .v4_bx         0x080059a8        0x0 linker stubs

.iplt           0x080059a8        0x0
 .iplt          0x080059a8        0x0 C:/ST/STM32CubeIDE_1.15.0/STM32CubeIDE/plugins/com.st.stm32cube.ide.mcu.externaltools.gnu-tools-for-stm32.12.3.rel1.win32_1.0.100.202403111256/tools/bin/../lib/gcc/arm-none-eabi/12.3.1/thumb/v7e-m+fp/hard/crtbegin.o

.rodata         0x080059a8      0x160
                0x080059a8                        . = ALIGN (0x4)
 *(.rodata)
 .rodata        0x080059a8       0xa3 ./Core/AP/RC_Car/Listener.o
 *fill*         0x08005a4b        0x1 
 .rodata        0x08005a4c       0x6f ./Core/AP/RC_Car/Presenter.o
 *(.rodata*)
 *fill*         0x08005abb        0x1 
 .rodata.AHBPrescTable
                0x08005abc       0x10 ./Core/Src/system_stm32f4xx.o
                0x08005abc                AHBPrescTable
 .rodata.APBPrescTable
                0x08005acc        0x8 ./Core/Src/system_stm32f4xx.o
                0x08005acc                APBPrescTable
 .rodata._vfprintf_r.str1.1
                0x08005ad4       0x11 C:/ST/STM32CubeIDE_1.15.0/STM32CubeIDE/plugins/com.st.stm32cube.ide.mcu.externaltools.gnu-tools-for-stm32.12.3.rel1.win32_1.0.100.202403111256/tools/bin/../lib/gcc/arm-none-eabi/12.3.1/../../../../arm-none-eabi/lib/thumb/v7e-m+fp/hard\libc_nano.a(libc_a-nano-vfprintf.o)
 .rodata._printf_i.str1.1
                0x08005ae5       0x22 C:/ST/STM32CubeIDE_1.15.0/STM32CubeIDE/plugins/com.st.stm32cube.ide.mcu.externaltools.gnu-tools-for-stm32.12.3.rel1.win32_1.0.100.202403111256/tools/bin/../lib/gcc/arm-none-eabi/12.3.1/../../../../arm-none-eabi/lib/thumb/v7e-m+fp/hard\libc_nano.a(libc_a-nano-vfprintf_i.o)
                0x08005b08                        . = ALIGN (0x4)
 *fill*         0x08005b07        0x1 

.ARM.extab      0x08005b08        0x0
                0x08005b08                        . = ALIGN (0x4)
 *(.ARM.extab* .gnu.linkonce.armextab.*)
                0x08005b08                        . = ALIGN (0x4)

.ARM            0x08005b08        0x8
                0x08005b08                        . = ALIGN (0x4)
                0x08005b08                        __exidx_start = .
 *(.ARM.exidx*)
 .ARM.exidx     0x08005b08        0x8 C:/ST/STM32CubeIDE_1.15.0/STM32CubeIDE/plugins/com.st.stm32cube.ide.mcu.externaltools.gnu-tools-for-stm32.12.3.rel1.win32_1.0.100.202403111256/tools/bin/../lib/gcc/arm-none-eabi/12.3.1/../../../../arm-none-eabi/lib/thumb/v7e-m+fp/hard\libc_nano.a(libc_a-strcmp.o)
 .ARM.exidx     0x08005b10        0x0 C:/ST/STM32CubeIDE_1.15.0/STM32CubeIDE/plugins/com.st.stm32cube.ide.mcu.externaltools.gnu-tools-for-stm32.12.3.rel1.win32_1.0.100.202403111256/tools/bin/../lib/gcc/arm-none-eabi/12.3.1/../../../../arm-none-eabi/lib/thumb/v7e-m+fp/hard\libc_nano.a(libc_a-memchr.o)
                                  0x8 (size before relaxing)
 .ARM.exidx     0x08005b10        0x0 C:/ST/STM32CubeIDE_1.15.0/STM32CubeIDE/plugins/com.st.stm32cube.ide.mcu.externaltools.gnu-tools-for-stm32.12.3.rel1.win32_1.0.100.202403111256/tools/bin/../lib/gcc/arm-none-eabi/12.3.1/thumb/v7e-m+fp/hard\libgcc.a(_udivmoddi4.o)
                                  0x8 (size before relaxing)
                0x08005b10                        __exidx_end = .
                0x08005b10                        . = ALIGN (0x4)

.preinit_array  0x08005b10        0x0
                0x08005b10                        . = ALIGN (0x4)
                0x08005b10                        PROVIDE (__preinit_array_start = .)
 *(.preinit_array*)
                0x08005b10                        PROVIDE (__preinit_array_end = .)
                0x08005b10                        . = ALIGN (0x4)

.init_array     0x08005b10        0x4
                0x08005b10                        . = ALIGN (0x4)
                0x08005b10                        PROVIDE (__init_array_start = .)
 *(SORT_BY_NAME(.init_array.*))
 *(.init_array*)
 .init_array    0x08005b10        0x4 C:/ST/STM32CubeIDE_1.15.0/STM32CubeIDE/plugins/com.st.stm32cube.ide.mcu.externaltools.gnu-tools-for-stm32.12.3.rel1.win32_1.0.100.202403111256/tools/bin/../lib/gcc/arm-none-eabi/12.3.1/thumb/v7e-m+fp/hard/crtbegin.o
                0x08005b14                        PROVIDE (__init_array_end = .)
                0x08005b14                        . = ALIGN (0x4)

.fini_array     0x08005b14        0x4
                0x08005b14                        . = ALIGN (0x4)
                [!provide]                        PROVIDE (__fini_array_start = .)
 *(SORT_BY_NAME(.fini_array.*))
 *(.fini_array*)
 .fini_array    0x08005b14        0x4 C:/ST/STM32CubeIDE_1.15.0/STM32CubeIDE/plugins/com.st.stm32cube.ide.mcu.externaltools.gnu-tools-for-stm32.12.3.rel1.win32_1.0.100.202403111256/tools/bin/../lib/gcc/arm-none-eabi/12.3.1/thumb/v7e-m+fp/hard/crtbegin.o
                [!provide]                        PROVIDE (__fini_array_end = .)
                0x08005b18                        . = ALIGN (0x4)
                0x08005b18                        _sidata = LOADADDR (.data)

.rel.dyn        0x08005b18        0x0
 .rel.iplt      0x08005b18        0x0 C:/ST/STM32CubeIDE_1.15.0/STM32CubeIDE/plugins/com.st.stm32cube.ide.mcu.externaltools.gnu-tools-for-stm32.12.3.rel1.win32_1.0.100.202403111256/tools/bin/../lib/gcc/arm-none-eabi/12.3.1/thumb/v7e-m+fp/hard/crtbegin.o

.data           0x20000000       0x68 load address 0x08005b18
                0x20000000                        . = ALIGN (0x4)
                0x20000000                        _sdata = .
 *(.data)
 *(.data*)
 .data.SystemCoreClock
                0x20000000        0x4 ./Core/Src/system_stm32f4xx.o
                0x20000000                SystemCoreClock
 .data.uwTickPrio
                0x20000004        0x4 ./Drivers/STM32F4xx_HAL_Driver/Src/stm32f4xx_hal.o
                0x20000004                uwTickPrio
 .data.uwTickFreq
                0x20000008        0x1 ./Drivers/STM32F4xx_HAL_Driver/Src/stm32f4xx_hal.o
                0x20000008                uwTickFreq
 *fill*         0x20000009        0x3 
 .data.__sglue  0x2000000c        0xc C:/ST/STM32CubeIDE_1.15.0/STM32CubeIDE/plugins/com.st.stm32cube.ide.mcu.externaltools.gnu-tools-for-stm32.12.3.rel1.win32_1.0.100.202403111256/tools/bin/../lib/gcc/arm-none-eabi/12.3.1/../../../../arm-none-eabi/lib/thumb/v7e-m+fp/hard\libc_nano.a(libc_a-findfp.o)
                0x2000000c                __sglue
 .data._impure_ptr
                0x20000018        0x4 C:/ST/STM32CubeIDE_1.15.0/STM32CubeIDE/plugins/com.st.stm32cube.ide.mcu.externaltools.gnu-tools-for-stm32.12.3.rel1.win32_1.0.100.202403111256/tools/bin/../lib/gcc/arm-none-eabi/12.3.1/../../../../arm-none-eabi/lib/thumb/v7e-m+fp/hard\libc_nano.a(libc_a-impure.o)
                0x20000018                _impure_ptr
 .data._impure_data
                0x2000001c       0x4c C:/ST/STM32CubeIDE_1.15.0/STM32CubeIDE/plugins/com.st.stm32cube.ide.mcu.externaltools.gnu-tools-for-stm32.12.3.rel1.win32_1.0.100.202403111256/tools/bin/../lib/gcc/arm-none-eabi/12.3.1/../../../../arm-none-eabi/lib/thumb/v7e-m+fp/hard\libc_nano.a(libc_a-impure.o)
                0x2000001c                _impure_data
 *(.RamFunc)
 *(.RamFunc*)
                0x20000068                        . = ALIGN (0x4)
                0x20000068                        _edata = .

.igot.plt       0x20000068        0x0 load address 0x08005b80
 .igot.plt      0x20000068        0x0 C:/ST/STM32CubeIDE_1.15.0/STM32CubeIDE/plugins/com.st.stm32cube.ide.mcu.externaltools.gnu-tools-for-stm32.12.3.rel1.win32_1.0.100.202403111256/tools/bin/../lib/gcc/arm-none-eabi/12.3.1/thumb/v7e-m+fp/hard/crtbegin.o
                0x20000068                        . = ALIGN (0x4)

.bss            0x20000068      0x3c0 load address 0x08005b80
                0x20000068                        _sbss = .
                0x20000068                        __bss_start__ = _sbss
 *(.bss)
 .bss           0x20000068       0x1c C:/ST/STM32CubeIDE_1.15.0/STM32CubeIDE/plugins/com.st.stm32cube.ide.mcu.externaltools.gnu-tools-for-stm32.12.3.rel1.win32_1.0.100.202403111256/tools/bin/../lib/gcc/arm-none-eabi/12.3.1/thumb/v7e-m+fp/hard/crtbegin.o
 *(.bss*)
 .bss.rcvData   0x20000084        0x1 ./Core/AP/AP_Main.o
                0x20000084                rcvData
 .bss.prevCarModeState
                0x20000085        0x1 ./Core/AP/RC_Car/Controller.o
                0x20000085                prevCarModeState
 .bss.MotorSpeed
                0x20000086        0x2 ./Core/AP/RC_Car/Controller.o
                0x20000086                MotorSpeed
 .bss.turnDiffSpeed
                0x20000088        0x2 ./Core/AP/RC_Car/Controller.o
                0x20000088                turnDiffSpeed
 *fill*         0x2000008a        0x2 
 .bss.CarModeBuf
                0x2000008c       0x14 ./Core/AP/RC_Car/Listener.o
                0x2000008c                CarModeBuf
 .bss.index_carmodebuf
                0x200000a0        0x1 ./Core/AP/RC_Car/Listener.o
                0x200000a0                index_carmodebuf
 .bss.CarModeState_Li
                0x200000a1        0x1 ./Core/AP/RC_Car/Listener.o
                0x200000a1                CarModeState_Li
 .bss.rxFlag    0x200000a2        0x1 ./Core/AP/RC_Car/Listener.o
                0x200000a2                rxFlag
 *fill*         0x200000a3        0x1 
 .bss.iii.0     0x200000a4        0x4 ./Core/AP/RC_Car/Listener.o
 .bss.carmodeQue
                0x200000a8       0x70 ./Core/AP/RC_Car/Queue_Car.o
                0x200000a8                carmodeQue
 .bss.DevHandler
                0x20000118       0x14 ./Core/AP/RC_Car/defineModel.o
                0x20000118                DevHandler
 .bss.com_hMotor
                0x2000012c       0x30 ./Core/AP/RC_Car/defineModel.o
                0x2000012c                com_hMotor
 .bss.CarModeState_Mo
                0x2000015c        0x1 ./Core/AP/RC_Car/defineModel.o
                0x2000015c                CarModeState_Mo
 *fill*         0x2000015d        0x3 
 .bss.hi2c1     0x20000160       0x54 ./Core/Src/main.o
                0x20000160                hi2c1
 .bss.htim1     0x200001b4       0x48 ./Core/Src/main.o
                0x200001b4                htim1
 .bss.htim2     0x200001fc       0x48 ./Core/Src/main.o
                0x200001fc                htim2
 .bss.htim3     0x20000244       0x48 ./Core/Src/main.o
                0x20000244                htim3
 .bss.huart2    0x2000028c       0x48 ./Core/Src/main.o
                0x2000028c                huart2
 .bss.__sbrk_heap_end
                0x200002d4        0x4 ./Core/Src/sysmem.o
 .bss.uwTick    0x200002d8        0x4 ./Drivers/STM32F4xx_HAL_Driver/Src/stm32f4xx_hal.o
                0x200002d8                uwTick
 .bss.__sf      0x200002dc      0x138 C:/ST/STM32CubeIDE_1.15.0/STM32CubeIDE/plugins/com.st.stm32cube.ide.mcu.externaltools.gnu-tools-for-stm32.12.3.rel1.win32_1.0.100.202403111256/tools/bin/../lib/gcc/arm-none-eabi/12.3.1/../../../../arm-none-eabi/lib/thumb/v7e-m+fp/hard\libc_nano.a(libc_a-findfp.o)
                0x200002dc                __sf
 .bss.__stdio_exit_handler
                0x20000414        0x4 C:/ST/STM32CubeIDE_1.15.0/STM32CubeIDE/plugins/com.st.stm32cube.ide.mcu.externaltools.gnu-tools-for-stm32.12.3.rel1.win32_1.0.100.202403111256/tools/bin/../lib/gcc/arm-none-eabi/12.3.1/../../../../arm-none-eabi/lib/thumb/v7e-m+fp/hard\libc_nano.a(libc_a-findfp.o)
                0x20000414                __stdio_exit_handler
 .bss.errno     0x20000418        0x4 C:/ST/STM32CubeIDE_1.15.0/STM32CubeIDE/plugins/com.st.stm32cube.ide.mcu.externaltools.gnu-tools-for-stm32.12.3.rel1.win32_1.0.100.202403111256/tools/bin/../lib/gcc/arm-none-eabi/12.3.1/../../../../arm-none-eabi/lib/thumb/v7e-m+fp/hard\libc_nano.a(libc_a-reent.o)
                0x20000418                errno
 .bss.__lock___malloc_recursive_mutex
                0x2000041c        0x1 C:/ST/STM32CubeIDE_1.15.0/STM32CubeIDE/plugins/com.st.stm32cube.ide.mcu.externaltools.gnu-tools-for-stm32.12.3.rel1.win32_1.0.100.202403111256/tools/bin/../lib/gcc/arm-none-eabi/12.3.1/../../../../arm-none-eabi/lib/thumb/v7e-m+fp/hard\libc_nano.a(libc_a-lock.o)
                0x2000041c                __lock___malloc_recursive_mutex
 .bss.__lock___sfp_recursive_mutex
                0x2000041d        0x1 C:/ST/STM32CubeIDE_1.15.0/STM32CubeIDE/plugins/com.st.stm32cube.ide.mcu.externaltools.gnu-tools-for-stm32.12.3.rel1.win32_1.0.100.202403111256/tools/bin/../lib/gcc/arm-none-eabi/12.3.1/../../../../arm-none-eabi/lib/thumb/v7e-m+fp/hard\libc_nano.a(libc_a-lock.o)
                0x2000041d                __lock___sfp_recursive_mutex
 *fill*         0x2000041e        0x2 
 .bss.__malloc_sbrk_start
                0x20000420        0x4 C:/ST/STM32CubeIDE_1.15.0/STM32CubeIDE/plugins/com.st.stm32cube.ide.mcu.externaltools.gnu-tools-for-stm32.12.3.rel1.win32_1.0.100.202403111256/tools/bin/../lib/gcc/arm-none-eabi/12.3.1/../../../../arm-none-eabi/lib/thumb/v7e-m+fp/hard\libc_nano.a(libc_a-mallocr.o)
                0x20000420                __malloc_sbrk_start
 .bss.__malloc_free_list
                0x20000424        0x4 C:/ST/STM32CubeIDE_1.15.0/STM32CubeIDE/plugins/com.st.stm32cube.ide.mcu.externaltools.gnu-tools-for-stm32.12.3.rel1.win32_1.0.100.202403111256/tools/bin/../lib/gcc/arm-none-eabi/12.3.1/../../../../arm-none-eabi/lib/thumb/v7e-m+fp/hard\libc_nano.a(libc_a-mallocr.o)
                0x20000424                __malloc_free_list
 *(COMMON)
                0x20000428                        . = ALIGN (0x4)
                0x20000428                        _ebss = .
                0x20000428                        __bss_end__ = _ebss

._user_heap_stack
                0x20000428      0x600 load address 0x08005b80
                0x20000428                        . = ALIGN (0x8)
                [!provide]                        PROVIDE (end = .)
                0x20000428                        PROVIDE (_end = .)
                0x20000628                        . = (. + _Min_Heap_Size)
 *fill*         0x20000428      0x200 
                0x20000a28                        . = (. + _Min_Stack_Size)
 *fill*         0x20000628      0x400 
                0x20000a28                        . = ALIGN (0x8)

/DISCARD/
 libc.a(*)
 libm.a(*)
 libgcc.a(*)

.ARM.attributes
                0x00000000       0x30
 *(.ARM.attributes)
 .ARM.attributes
                0x00000000       0x22 C:/ST/STM32CubeIDE_1.15.0/STM32CubeIDE/plugins/com.st.stm32cube.ide.mcu.externaltools.gnu-tools-for-stm32.12.3.rel1.win32_1.0.100.202403111256/tools/bin/../lib/gcc/arm-none-eabi/12.3.1/thumb/v7e-m+fp/hard/crti.o
 .ARM.attributes
                0x00000022       0x34 C:/ST/STM32CubeIDE_1.15.0/STM32CubeIDE/plugins/com.st.stm32cube.ide.mcu.externaltools.gnu-tools-for-stm32.12.3.rel1.win32_1.0.100.202403111256/tools/bin/../lib/gcc/arm-none-eabi/12.3.1/thumb/v7e-m+fp/hard/crtbegin.o
 .ARM.attributes
                0x00000056       0x34 ./Core/AP/AP_Main.o
 .ARM.attributes
                0x0000008a       0x34 ./Core/AP/RC_Car/Controller.o
 .ARM.attributes
                0x000000be       0x34 ./Core/AP/RC_Car/Listener.o
 .ARM.attributes
                0x000000f2       0x34 ./Core/AP/RC_Car/Presenter.o
 .ARM.attributes
                0x00000126       0x34 ./Core/AP/RC_Car/Queue_Car.o
 .ARM.attributes
                0x0000015a       0x34 ./Core/AP/RC_Car/defineModel.o
 .ARM.attributes
                0x0000018e       0x34 ./Core/Common/Queue/Queue.o
 .ARM.attributes
                0x000001c2       0x34 ./Core/Common/delayUS/delayUS.o
 .ARM.attributes
                0x000001f6       0x34 ./Core/Driver/Motor/Motor.o
 .ARM.attributes
                0x0000022a       0x34 ./Core/Src/main.o
 .ARM.attributes
                0x0000025e       0x34 ./Core/Src/stm32f4xx_hal_msp.o
 .ARM.attributes
                0x00000292       0x34 ./Core/Src/stm32f4xx_it.o
 .ARM.attributes
                0x000002c6       0x34 ./Core/Src/syscalls.o
 .ARM.attributes
                0x000002fa       0x34 ./Core/Src/sysmem.o
 .ARM.attributes
                0x0000032e       0x34 ./Core/Src/system_stm32f4xx.o
 .ARM.attributes
                0x00000362       0x21 ./Core/Startup/startup_stm32f411retx.o
 .ARM.attributes
                0x00000383       0x34 ./Drivers/STM32F4xx_HAL_Driver/Src/stm32f4xx_hal.o
 .ARM.attributes
                0x000003b7       0x34 ./Drivers/STM32F4xx_HAL_Driver/Src/stm32f4xx_hal_cortex.o
 .ARM.attributes
                0x000003eb       0x34 ./Drivers/STM32F4xx_HAL_Driver/Src/stm32f4xx_hal_dma.o
 .ARM.attributes
                0x0000041f       0x34 ./Drivers/STM32F4xx_HAL_Driver/Src/stm32f4xx_hal_gpio.o
 .ARM.attributes
                0x00000453       0x34 ./Drivers/STM32F4xx_HAL_Driver/Src/stm32f4xx_hal_i2c.o
 .ARM.attributes
                0x00000487       0x34 ./Drivers/STM32F4xx_HAL_Driver/Src/stm32f4xx_hal_rcc.o
 .ARM.attributes
                0x000004bb       0x34 ./Drivers/STM32F4xx_HAL_Driver/Src/stm32f4xx_hal_tim.o
 .ARM.attributes
                0x000004ef       0x34 ./Drivers/STM32F4xx_HAL_Driver/Src/stm32f4xx_hal_tim_ex.o
 .ARM.attributes
                0x00000523       0x34 ./Drivers/STM32F4xx_HAL_Driver/Src/stm32f4xx_hal_uart.o
 .ARM.attributes
                0x00000557       0x34 C:/ST/STM32CubeIDE_1.15.0/STM32CubeIDE/plugins/com.st.stm32cube.ide.mcu.externaltools.gnu-tools-for-stm32.12.3.rel1.win32_1.0.100.202403111256/tools/bin/../lib/gcc/arm-none-eabi/12.3.1/../../../../arm-none-eabi/lib/thumb/v7e-m+fp/hard\libc_nano.a(libc_a-findfp.o)
 .ARM.attributes
                0x0000058b       0x34 C:/ST/STM32CubeIDE_1.15.0/STM32CubeIDE/plugins/com.st.stm32cube.ide.mcu.externaltools.gnu-tools-for-stm32.12.3.rel1.win32_1.0.100.202403111256/tools/bin/../lib/gcc/arm-none-eabi/12.3.1/../../../../arm-none-eabi/lib/thumb/v7e-m+fp/hard\libc_nano.a(libc_a-fwalk.o)
 .ARM.attributes
                0x000005bf       0x34 C:/ST/STM32CubeIDE_1.15.0/STM32CubeIDE/plugins/com.st.stm32cube.ide.mcu.externaltools.gnu-tools-for-stm32.12.3.rel1.win32_1.0.100.202403111256/tools/bin/../lib/gcc/arm-none-eabi/12.3.1/../../../../arm-none-eabi/lib/thumb/v7e-m+fp/hard\libc_nano.a(libc_a-printf.o)
 .ARM.attributes
                0x000005f3       0x34 C:/ST/STM32CubeIDE_1.15.0/STM32CubeIDE/plugins/com.st.stm32cube.ide.mcu.externaltools.gnu-tools-for-stm32.12.3.rel1.win32_1.0.100.202403111256/tools/bin/../lib/gcc/arm-none-eabi/12.3.1/../../../../arm-none-eabi/lib/thumb/v7e-m+fp/hard\libc_nano.a(libc_a-puts.o)
 .ARM.attributes
                0x00000627       0x34 C:/ST/STM32CubeIDE_1.15.0/STM32CubeIDE/plugins/com.st.stm32cube.ide.mcu.externaltools.gnu-tools-for-stm32.12.3.rel1.win32_1.0.100.202403111256/tools/bin/../lib/gcc/arm-none-eabi/12.3.1/../../../../arm-none-eabi/lib/thumb/v7e-m+fp/hard\libc_nano.a(libc_a-stdio.o)
 .ARM.attributes
                0x0000065b       0x34 C:/ST/STM32CubeIDE_1.15.0/STM32CubeIDE/plugins/com.st.stm32cube.ide.mcu.externaltools.gnu-tools-for-stm32.12.3.rel1.win32_1.0.100.202403111256/tools/bin/../lib/gcc/arm-none-eabi/12.3.1/../../../../arm-none-eabi/lib/thumb/v7e-m+fp/hard\libc_nano.a(libc_a-wbuf.o)
 .ARM.attributes
                0x0000068f       0x34 C:/ST/STM32CubeIDE_1.15.0/STM32CubeIDE/plugins/com.st.stm32cube.ide.mcu.externaltools.gnu-tools-for-stm32.12.3.rel1.win32_1.0.100.202403111256/tools/bin/../lib/gcc/arm-none-eabi/12.3.1/../../../../arm-none-eabi/lib/thumb/v7e-m+fp/hard\libc_nano.a(libc_a-wsetup.o)
 .ARM.attributes
                0x000006c3       0x34 C:/ST/STM32CubeIDE_1.15.0/STM32CubeIDE/plugins/com.st.stm32cube.ide.mcu.externaltools.gnu-tools-for-stm32.12.3.rel1.win32_1.0.100.202403111256/tools/bin/../lib/gcc/arm-none-eabi/12.3.1/../../../../arm-none-eabi/lib/thumb/v7e-m+fp/hard\libc_nano.a(libc_a-memset.o)
 .ARM.attributes
                0x000006f7       0x34 C:/ST/STM32CubeIDE_1.15.0/STM32CubeIDE/plugins/com.st.stm32cube.ide.mcu.externaltools.gnu-tools-for-stm32.12.3.rel1.win32_1.0.100.202403111256/tools/bin/../lib/gcc/arm-none-eabi/12.3.1/../../../../arm-none-eabi/lib/thumb/v7e-m+fp/hard\libc_nano.a(libc_a-closer.o)
 .ARM.attributes
                0x0000072b       0x34 C:/ST/STM32CubeIDE_1.15.0/STM32CubeIDE/plugins/com.st.stm32cube.ide.mcu.externaltools.gnu-tools-for-stm32.12.3.rel1.win32_1.0.100.202403111256/tools/bin/../lib/gcc/arm-none-eabi/12.3.1/../../../../arm-none-eabi/lib/thumb/v7e-m+fp/hard\libc_nano.a(libc_a-reent.o)
 .ARM.attributes
                0x0000075f       0x34 C:/ST/STM32CubeIDE_1.15.0/STM32CubeIDE/plugins/com.st.stm32cube.ide.mcu.externaltools.gnu-tools-for-stm32.12.3.rel1.win32_1.0.100.202403111256/tools/bin/../lib/gcc/arm-none-eabi/12.3.1/../../../../arm-none-eabi/lib/thumb/v7e-m+fp/hard\libc_nano.a(libc_a-impure.o)
 .ARM.attributes
                0x00000793       0x34 C:/ST/STM32CubeIDE_1.15.0/STM32CubeIDE/plugins/com.st.stm32cube.ide.mcu.externaltools.gnu-tools-for-stm32.12.3.rel1.win32_1.0.100.202403111256/tools/bin/../lib/gcc/arm-none-eabi/12.3.1/../../../../arm-none-eabi/lib/thumb/v7e-m+fp/hard\libc_nano.a(libc_a-lseekr.o)
 .ARM.attributes
                0x000007c7       0x34 C:/ST/STM32CubeIDE_1.15.0/STM32CubeIDE/plugins/com.st.stm32cube.ide.mcu.externaltools.gnu-tools-for-stm32.12.3.rel1.win32_1.0.100.202403111256/tools/bin/../lib/gcc/arm-none-eabi/12.3.1/../../../../arm-none-eabi/lib/thumb/v7e-m+fp/hard\libc_nano.a(libc_a-readr.o)
 .ARM.attributes
                0x000007fb       0x34 C:/ST/STM32CubeIDE_1.15.0/STM32CubeIDE/plugins/com.st.stm32cube.ide.mcu.externaltools.gnu-tools-for-stm32.12.3.rel1.win32_1.0.100.202403111256/tools/bin/../lib/gcc/arm-none-eabi/12.3.1/../../../../arm-none-eabi/lib/thumb/v7e-m+fp/hard\libc_nano.a(libc_a-writer.o)
 .ARM.attributes
                0x0000082f       0x34 C:/ST/STM32CubeIDE_1.15.0/STM32CubeIDE/plugins/com.st.stm32cube.ide.mcu.externaltools.gnu-tools-for-stm32.12.3.rel1.win32_1.0.100.202403111256/tools/bin/../lib/gcc/arm-none-eabi/12.3.1/../../../../arm-none-eabi/lib/thumb/v7e-m+fp/hard\libc_nano.a(libc_a-errno.o)
 .ARM.attributes
                0x00000863       0x34 C:/ST/STM32CubeIDE_1.15.0/STM32CubeIDE/plugins/com.st.stm32cube.ide.mcu.externaltools.gnu-tools-for-stm32.12.3.rel1.win32_1.0.100.202403111256/tools/bin/../lib/gcc/arm-none-eabi/12.3.1/../../../../arm-none-eabi/lib/thumb/v7e-m+fp/hard\libc_nano.a(libc_a-init.o)
 .ARM.attributes
                0x00000897       0x34 C:/ST/STM32CubeIDE_1.15.0/STM32CubeIDE/plugins/com.st.stm32cube.ide.mcu.externaltools.gnu-tools-for-stm32.12.3.rel1.win32_1.0.100.202403111256/tools/bin/../lib/gcc/arm-none-eabi/12.3.1/../../../../arm-none-eabi/lib/thumb/v7e-m+fp/hard\libc_nano.a(libc_a-lock.o)
 .ARM.attributes
                0x000008cb       0x20 C:/ST/STM32CubeIDE_1.15.0/STM32CubeIDE/plugins/com.st.stm32cube.ide.mcu.externaltools.gnu-tools-for-stm32.12.3.rel1.win32_1.0.100.202403111256/tools/bin/../lib/gcc/arm-none-eabi/12.3.1/../../../../arm-none-eabi/lib/thumb/v7e-m+fp/hard\libc_nano.a(libc_a-strcmp.o)
 .ARM.attributes
                0x000008eb       0x34 C:/ST/STM32CubeIDE_1.15.0/STM32CubeIDE/plugins/com.st.stm32cube.ide.mcu.externaltools.gnu-tools-for-stm32.12.3.rel1.win32_1.0.100.202403111256/tools/bin/../lib/gcc/arm-none-eabi/12.3.1/../../../../arm-none-eabi/lib/thumb/v7e-m+fp/hard\libc_nano.a(libc_a-freer.o)
 .ARM.attributes
                0x0000091f       0x34 C:/ST/STM32CubeIDE_1.15.0/STM32CubeIDE/plugins/com.st.stm32cube.ide.mcu.externaltools.gnu-tools-for-stm32.12.3.rel1.win32_1.0.100.202403111256/tools/bin/../lib/gcc/arm-none-eabi/12.3.1/../../../../arm-none-eabi/lib/thumb/v7e-m+fp/hard\libc_nano.a(libc_a-mallocr.o)
 .ARM.attributes
                0x00000953       0x34 C:/ST/STM32CubeIDE_1.15.0/STM32CubeIDE/plugins/com.st.stm32cube.ide.mcu.externaltools.gnu-tools-for-stm32.12.3.rel1.win32_1.0.100.202403111256/tools/bin/../lib/gcc/arm-none-eabi/12.3.1/../../../../arm-none-eabi/lib/thumb/v7e-m+fp/hard\libc_nano.a(libc_a-mlock.o)
 .ARM.attributes
                0x00000987       0x34 C:/ST/STM32CubeIDE_1.15.0/STM32CubeIDE/plugins/com.st.stm32cube.ide.mcu.externaltools.gnu-tools-for-stm32.12.3.rel1.win32_1.0.100.202403111256/tools/bin/../lib/gcc/arm-none-eabi/12.3.1/../../../../arm-none-eabi/lib/thumb/v7e-m+fp/hard\libc_nano.a(libc_a-nano-vfprintf.o)
 .ARM.attributes
                0x000009bb       0x34 C:/ST/STM32CubeIDE_1.15.0/STM32CubeIDE/plugins/com.st.stm32cube.ide.mcu.externaltools.gnu-tools-for-stm32.12.3.rel1.win32_1.0.100.202403111256/tools/bin/../lib/gcc/arm-none-eabi/12.3.1/../../../../arm-none-eabi/lib/thumb/v7e-m+fp/hard\libc_nano.a(libc_a-nano-vfprintf_i.o)
 .ARM.attributes
                0x000009ef       0x34 C:/ST/STM32CubeIDE_1.15.0/STM32CubeIDE/plugins/com.st.stm32cube.ide.mcu.externaltools.gnu-tools-for-stm32.12.3.rel1.win32_1.0.100.202403111256/tools/bin/../lib/gcc/arm-none-eabi/12.3.1/../../../../arm-none-eabi/lib/thumb/v7e-m+fp/hard\libc_nano.a(libc_a-fflush.o)
 .ARM.attributes
                0x00000a23       0x34 C:/ST/STM32CubeIDE_1.15.0/STM32CubeIDE/plugins/com.st.stm32cube.ide.mcu.externaltools.gnu-tools-for-stm32.12.3.rel1.win32_1.0.100.202403111256/tools/bin/../lib/gcc/arm-none-eabi/12.3.1/../../../../arm-none-eabi/lib/thumb/v7e-m+fp/hard\libc_nano.a(libc_a-makebuf.o)
 .ARM.attributes
                0x00000a57       0x34 C:/ST/STM32CubeIDE_1.15.0/STM32CubeIDE/plugins/com.st.stm32cube.ide.mcu.externaltools.gnu-tools-for-stm32.12.3.rel1.win32_1.0.100.202403111256/tools/bin/../lib/gcc/arm-none-eabi/12.3.1/../../../../arm-none-eabi/lib/thumb/v7e-m+fp/hard\libc_nano.a(libc_a-fstatr.o)
 .ARM.attributes
                0x00000a8b       0x34 C:/ST/STM32CubeIDE_1.15.0/STM32CubeIDE/plugins/com.st.stm32cube.ide.mcu.externaltools.gnu-tools-for-stm32.12.3.rel1.win32_1.0.100.202403111256/tools/bin/../lib/gcc/arm-none-eabi/12.3.1/../../../../arm-none-eabi/lib/thumb/v7e-m+fp/hard\libc_nano.a(libc_a-isattyr.o)
 .ARM.attributes
                0x00000abf       0x34 C:/ST/STM32CubeIDE_1.15.0/STM32CubeIDE/plugins/com.st.stm32cube.ide.mcu.externaltools.gnu-tools-for-stm32.12.3.rel1.win32_1.0.100.202403111256/tools/bin/../lib/gcc/arm-none-eabi/12.3.1/../../../../arm-none-eabi/lib/thumb/v7e-m+fp/hard\libc_nano.a(libc_a-sbrkr.o)
 .ARM.attributes
                0x00000af3       0x1c C:/ST/STM32CubeIDE_1.15.0/STM32CubeIDE/plugins/com.st.stm32cube.ide.mcu.externaltools.gnu-tools-for-stm32.12.3.rel1.win32_1.0.100.202403111256/tools/bin/../lib/gcc/arm-none-eabi/12.3.1/../../../../arm-none-eabi/lib/thumb/v7e-m+fp/hard\libc_nano.a(libc_a-memchr.o)
 .ARM.attributes
                0x00000b0f       0x22 C:/ST/STM32CubeIDE_1.15.0/STM32CubeIDE/plugins/com.st.stm32cube.ide.mcu.externaltools.gnu-tools-for-stm32.12.3.rel1.win32_1.0.100.202403111256/tools/bin/../lib/gcc/arm-none-eabi/12.3.1/thumb/v7e-m+fp/hard\libgcc.a(_aeabi_uldivmod.o)
 .ARM.attributes
                0x00000b31       0x34 C:/ST/STM32CubeIDE_1.15.0/STM32CubeIDE/plugins/com.st.stm32cube.ide.mcu.externaltools.gnu-tools-for-stm32.12.3.rel1.win32_1.0.100.202403111256/tools/bin/../lib/gcc/arm-none-eabi/12.3.1/thumb/v7e-m+fp/hard\libgcc.a(_udivmoddi4.o)
 .ARM.attributes
                0x00000b65       0x22 C:/ST/STM32CubeIDE_1.15.0/STM32CubeIDE/plugins/com.st.stm32cube.ide.mcu.externaltools.gnu-tools-for-stm32.12.3.rel1.win32_1.0.100.202403111256/tools/bin/../lib/gcc/arm-none-eabi/12.3.1/thumb/v7e-m+fp/hard\libgcc.a(_dvmd_tls.o)
 .ARM.attributes
                0x00000b87       0x22 C:/ST/STM32CubeIDE_1.15.0/STM32CubeIDE/plugins/com.st.stm32cube.ide.mcu.externaltools.gnu-tools-for-stm32.12.3.rel1.win32_1.0.100.202403111256/tools/bin/../lib/gcc/arm-none-eabi/12.3.1/thumb/v7e-m+fp/hard/crtn.o
OUTPUT(0426_RCcar.elf elf32-littlearm)
LOAD linker stubs
LOAD C:/ST/STM32CubeIDE_1.15.0/STM32CubeIDE/plugins/com.st.stm32cube.ide.mcu.externaltools.gnu-tools-for-stm32.12.3.rel1.win32_1.0.100.202403111256/tools/bin/../lib/gcc/arm-none-eabi/12.3.1/../../../../arm-none-eabi/lib/thumb/v7e-m+fp/hard\libc.a
LOAD C:/ST/STM32CubeIDE_1.15.0/STM32CubeIDE/plugins/com.st.stm32cube.ide.mcu.externaltools.gnu-tools-for-stm32.12.3.rel1.win32_1.0.100.202403111256/tools/bin/../lib/gcc/arm-none-eabi/12.3.1/../../../../arm-none-eabi/lib/thumb/v7e-m+fp/hard\libm.a
LOAD C:/ST/STM32CubeIDE_1.15.0/STM32CubeIDE/plugins/com.st.stm32cube.ide.mcu.externaltools.gnu-tools-for-stm32.12.3.rel1.win32_1.0.100.202403111256/tools/bin/../lib/gcc/arm-none-eabi/12.3.1/thumb/v7e-m+fp/hard\libgcc.a

.debug_info     0x00000000    0x13603
 .debug_info    0x00000000      0xa9a ./Core/AP/AP_Main.o
 .debug_info    0x00000a9a      0x93a ./Core/AP/RC_Car/Controller.o
 .debug_info    0x000013d4      0x244 ./Core/AP/RC_Car/Listener.o
 .debug_info    0x00001618      0x843 ./Core/AP/RC_Car/Presenter.o
 .debug_info    0x00001e5b      0x1c3 ./Core/AP/RC_Car/Queue_Car.o
 .debug_info    0x0000201e      0xd84 ./Core/AP/RC_Car/defineModel.o
 .debug_info    0x00002da2      0x1c7 ./Core/Common/Queue/Queue.o
 .debug_info    0x00002f69      0x282 ./Core/Common/delayUS/delayUS.o
 .debug_info    0x000031eb      0x908 ./Core/Driver/Motor/Motor.o
 .debug_info    0x00003af3     0x14a1 ./Core/Src/main.o
 .debug_info    0x00004f94     0x1274 ./Core/Src/stm32f4xx_hal_msp.o
 .debug_info    0x00006208      0x640 ./Core/Src/stm32f4xx_it.o
 .debug_info    0x00006848      0x6a3 ./Core/Src/syscalls.o
 .debug_info    0x00006eeb      0x168 ./Core/Src/sysmem.o
 .debug_info    0x00007053      0x53e ./Core/Src/system_stm32f4xx.o
 .debug_info    0x00007591       0x30 ./Core/Startup/startup_stm32f411retx.o
 .debug_info    0x000075c1      0x8c4 ./Drivers/STM32F4xx_HAL_Driver/Src/stm32f4xx_hal.o
 .debug_info    0x00007e85      0xcc7 ./Drivers/STM32F4xx_HAL_Driver/Src/stm32f4xx_hal_cortex.o
 .debug_info    0x00008b4c      0x8e6 ./Drivers/STM32F4xx_HAL_Driver/Src/stm32f4xx_hal_dma.o
 .debug_info    0x00009432      0x6f9 ./Drivers/STM32F4xx_HAL_Driver/Src/stm32f4xx_hal_gpio.o
 .debug_info    0x00009b2b     0x2426 ./Drivers/STM32F4xx_HAL_Driver/Src/stm32f4xx_hal_i2c.o
 .debug_info    0x0000bf51      0x8f2 ./Drivers/STM32F4xx_HAL_Driver/Src/stm32f4xx_hal_rcc.o
 .debug_info    0x0000c843     0x2996 ./Drivers/STM32F4xx_HAL_Driver/Src/stm32f4xx_hal_tim.o
 .debug_info    0x0000f1d9     0x14d4 ./Drivers/STM32F4xx_HAL_Driver/Src/stm32f4xx_hal_tim_ex.o
 .debug_info    0x000106ad     0x2f56 ./Drivers/STM32F4xx_HAL_Driver/Src/stm32f4xx_hal_uart.o

.debug_abbrev   0x00000000     0x2fbe
 .debug_abbrev  0x00000000      0x21c ./Core/AP/AP_Main.o
 .debug_abbrev  0x0000021c      0x208 ./Core/AP/RC_Car/Controller.o
 .debug_abbrev  0x00000424      0x164 ./Core/AP/RC_Car/Listener.o
 .debug_abbrev  0x00000588      0x1b3 ./Core/AP/RC_Car/Presenter.o
 .debug_abbrev  0x0000073b      0x149 ./Core/AP/RC_Car/Queue_Car.o
 .debug_abbrev  0x00000884      0x20c ./Core/AP/RC_Car/defineModel.o
 .debug_abbrev  0x00000a90      0x11b ./Core/Common/Queue/Queue.o
 .debug_abbrev  0x00000bab      0x10c ./Core/Common/delayUS/delayUS.o
 .debug_abbrev  0x00000cb7      0x1ce ./Core/Driver/Motor/Motor.o
 .debug_abbrev  0x00000e85      0x2b7 ./Core/Src/main.o
 .debug_abbrev  0x0000113c      0x23c ./Core/Src/stm32f4xx_hal_msp.o
 .debug_abbrev  0x00001378      0x182 ./Core/Src/stm32f4xx_it.o
 .debug_abbrev  0x000014fa      0x1b6 ./Core/Src/syscalls.o
 .debug_abbrev  0x000016b0       0xbc ./Core/Src/sysmem.o
 .debug_abbrev  0x0000176c      0x11a ./Core/Src/system_stm32f4xx.o
 .debug_abbrev  0x00001886       0x24 ./Core/Startup/startup_stm32f411retx.o
 .debug_abbrev  0x000018aa      0x24b ./Drivers/STM32F4xx_HAL_Driver/Src/stm32f4xx_hal.o
 .debug_abbrev  0x00001af5      0x328 ./Drivers/STM32F4xx_HAL_Driver/Src/stm32f4xx_hal_cortex.o
 .debug_abbrev  0x00001e1d      0x221 ./Drivers/STM32F4xx_HAL_Driver/Src/stm32f4xx_hal_dma.o
 .debug_abbrev  0x0000203e      0x1d3 ./Drivers/STM32F4xx_HAL_Driver/Src/stm32f4xx_hal_gpio.o
 .debug_abbrev  0x00002211      0x2bc ./Drivers/STM32F4xx_HAL_Driver/Src/stm32f4xx_hal_i2c.o
 .debug_abbrev  0x000024cd      0x2b5 ./Drivers/STM32F4xx_HAL_Driver/Src/stm32f4xx_hal_rcc.o
 .debug_abbrev  0x00002782      0x28b ./Drivers/STM32F4xx_HAL_Driver/Src/stm32f4xx_hal_tim.o
 .debug_abbrev  0x00002a0d      0x296 ./Drivers/STM32F4xx_HAL_Driver/Src/stm32f4xx_hal_tim_ex.o
 .debug_abbrev  0x00002ca3      0x31b ./Drivers/STM32F4xx_HAL_Driver/Src/stm32f4xx_hal_uart.o

.debug_aranges  0x00000000     0x11a8
 .debug_aranges
                0x00000000       0x30 ./Core/AP/AP_Main.o
 .debug_aranges
                0x00000030       0x50 ./Core/AP/RC_Car/Controller.o
 .debug_aranges
                0x00000080       0x38 ./Core/AP/RC_Car/Listener.o
 .debug_aranges
                0x000000b8       0x28 ./Core/AP/RC_Car/Presenter.o
 .debug_aranges
                0x000000e0       0x38 ./Core/AP/RC_Car/Queue_Car.o
 .debug_aranges
                0x00000118       0x48 ./Core/AP/RC_Car/defineModel.o
 .debug_aranges
                0x00000160       0x40 ./Core/Common/Queue/Queue.o
 .debug_aranges
                0x000001a0       0x28 ./Core/Common/delayUS/delayUS.o
 .debug_aranges
                0x000001c8       0x40 ./Core/Driver/Motor/Motor.o
 .debug_aranges
                0x00000208       0x60 ./Core/Src/main.o
 .debug_aranges
                0x00000268       0x58 ./Core/Src/stm32f4xx_hal_msp.o
 .debug_aranges
                0x000002c0       0x68 ./Core/Src/stm32f4xx_it.o
 .debug_aranges
                0x00000328       0xa8 ./Core/Src/syscalls.o
 .debug_aranges
                0x000003d0       0x20 ./Core/Src/sysmem.o
 .debug_aranges
                0x000003f0       0x28 ./Core/Src/system_stm32f4xx.o
 .debug_aranges
                0x00000418       0x28 ./Core/Startup/startup_stm32f411retx.o
 .debug_aranges
                0x00000440       0xf0 ./Drivers/STM32F4xx_HAL_Driver/Src/stm32f4xx_hal.o
 .debug_aranges
                0x00000530      0x120 ./Drivers/STM32F4xx_HAL_Driver/Src/stm32f4xx_hal_cortex.o
 .debug_aranges
                0x00000650       0x90 ./Drivers/STM32F4xx_HAL_Driver/Src/stm32f4xx_hal_dma.o
 .debug_aranges
                0x000006e0       0x58 ./Drivers/STM32F4xx_HAL_Driver/Src/stm32f4xx_hal_gpio.o
 .debug_aranges
                0x00000738      0x2a8 ./Drivers/STM32F4xx_HAL_Driver/Src/stm32f4xx_hal_i2c.o
 .debug_aranges
                0x000009e0       0x88 ./Drivers/STM32F4xx_HAL_Driver/Src/stm32f4xx_hal_rcc.o
 .debug_aranges
                0x00000a68      0x3d0 ./Drivers/STM32F4xx_HAL_Driver/Src/stm32f4xx_hal_tim.o
 .debug_aranges
                0x00000e38      0x168 ./Drivers/STM32F4xx_HAL_Driver/Src/stm32f4xx_hal_tim_ex.o
 .debug_aranges
                0x00000fa0      0x208 ./Drivers/STM32F4xx_HAL_Driver/Src/stm32f4xx_hal_uart.o

.debug_rnglists
                0x00000000      0xdbd
 .debug_rnglists
                0x00000000       0x1f ./Core/AP/AP_Main.o
 .debug_rnglists
                0x0000001f       0x38 ./Core/AP/RC_Car/Controller.o
 .debug_rnglists
                0x00000057       0x26 ./Core/AP/RC_Car/Listener.o
 .debug_rnglists
                0x0000007d       0x1b ./Core/AP/RC_Car/Presenter.o
 .debug_rnglists
                0x00000098       0x25 ./Core/AP/RC_Car/Queue_Car.o
 .debug_rnglists
                0x000000bd       0x32 ./Core/AP/RC_Car/defineModel.o
 .debug_rnglists
                0x000000ef       0x2b ./Core/Common/Queue/Queue.o
 .debug_rnglists
                0x0000011a       0x19 ./Core/Common/delayUS/delayUS.o
 .debug_rnglists
                0x00000133       0x2b ./Core/Driver/Motor/Motor.o
 .debug_rnglists
                0x0000015e       0x48 ./Core/Src/main.o
 .debug_rnglists
                0x000001a6       0x40 ./Core/Src/stm32f4xx_hal_msp.o
 .debug_rnglists
                0x000001e6       0x49 ./Core/Src/stm32f4xx_it.o
 .debug_rnglists
                0x0000022f       0x79 ./Core/Src/syscalls.o
 .debug_rnglists
                0x000002a8       0x13 ./Core/Src/sysmem.o
 .debug_rnglists
                0x000002bb       0x1a ./Core/Src/system_stm32f4xx.o
 .debug_rnglists
                0x000002d5       0x19 ./Core/Startup/startup_stm32f411retx.o
 .debug_rnglists
                0x000002ee       0xaf ./Drivers/STM32F4xx_HAL_Driver/Src/stm32f4xx_hal.o
 .debug_rnglists
                0x0000039d       0xd4 ./Drivers/STM32F4xx_HAL_Driver/Src/stm32f4xx_hal_cortex.o
 .debug_rnglists
                0x00000471       0x70 ./Drivers/STM32F4xx_HAL_Driver/Src/stm32f4xx_hal_dma.o
 .debug_rnglists
                0x000004e1       0x3f ./Drivers/STM32F4xx_HAL_Driver/Src/stm32f4xx_hal_gpio.o
 .debug_rnglists
                0x00000520      0x23c ./Drivers/STM32F4xx_HAL_Driver/Src/stm32f4xx_hal_i2c.o
 .debug_rnglists
                0x0000075c       0x66 ./Drivers/STM32F4xx_HAL_Driver/Src/stm32f4xx_hal_rcc.o
 .debug_rnglists
                0x000007c2      0x31a ./Drivers/STM32F4xx_HAL_Driver/Src/stm32f4xx_hal_tim.o
 .debug_rnglists
                0x00000adc      0x125 ./Drivers/STM32F4xx_HAL_Driver/Src/stm32f4xx_hal_tim_ex.o
 .debug_rnglists
                0x00000c01      0x1bc ./Drivers/STM32F4xx_HAL_Driver/Src/stm32f4xx_hal_uart.o

.debug_macro    0x00000000    0x191c2
 .debug_macro   0x00000000      0x37b ./Core/AP/AP_Main.o
 .debug_macro   0x0000037b      0xab4 ./Core/AP/AP_Main.o
 .debug_macro   0x00000e2f      0x2a1 ./Core/AP/AP_Main.o
 .debug_macro   0x000010d0       0x2e ./Core/AP/AP_Main.o
 .debug_macro   0x000010fe       0x28 ./Core/AP/AP_Main.o
 .debug_macro   0x00001126       0x22 ./Core/AP/AP_Main.o
 .debug_macro   0x00001148       0x8e ./Core/AP/AP_Main.o
 .debug_macro   0x000011d6       0x51 ./Core/AP/AP_Main.o
 .debug_macro   0x00001227      0x103 ./Core/AP/AP_Main.o
 .debug_macro   0x0000132a       0x6a ./Core/AP/AP_Main.o
 .debug_macro   0x00001394      0x1df ./Core/AP/AP_Main.o
 .debug_macro   0x00001573       0x1c ./Core/AP/AP_Main.o
 .debug_macro   0x0000158f       0x22 ./Core/AP/AP_Main.o
 .debug_macro   0x000015b1       0xfb ./Core/AP/AP_Main.o
 .debug_macro   0x000016ac     0x1011 ./Core/AP/AP_Main.o
 .debug_macro   0x000026bd      0x11f ./Core/AP/AP_Main.o
 .debug_macro   0x000027dc     0xb953 ./Core/AP/AP_Main.o
 .debug_macro   0x0000e12f       0x6d ./Core/AP/AP_Main.o
 .debug_macro   0x0000e19c     0x368c ./Core/AP/AP_Main.o
 .debug_macro   0x00011828      0x189 ./Core/AP/AP_Main.o
 .debug_macro   0x000119b1       0x5c ./Core/AP/AP_Main.o
 .debug_macro   0x00011a0d      0x45c ./Core/AP/AP_Main.o
 .debug_macro   0x00011e69      0x9e9 ./Core/AP/AP_Main.o
 .debug_macro   0x00012852      0x115 ./Core/AP/AP_Main.o
 .debug_macro   0x00012967      0x11b ./Core/AP/AP_Main.o
 .debug_macro   0x00012a82       0xa5 ./Core/AP/AP_Main.o
 .debug_macro   0x00012b27      0x15f ./Core/AP/AP_Main.o
 .debug_macro   0x00012c86      0x287 ./Core/AP/AP_Main.o
 .debug_macro   0x00012f0d       0x5f ./Core/AP/AP_Main.o
 .debug_macro   0x00012f6c      0x236 ./Core/AP/AP_Main.o
 .debug_macro   0x000131a2      0x132 ./Core/AP/AP_Main.o
 .debug_macro   0x000132d4      0x264 ./Core/AP/AP_Main.o
 .debug_macro   0x00013538       0x2e ./Core/AP/AP_Main.o
 .debug_macro   0x00013566      0x1b5 ./Core/AP/AP_Main.o
 .debug_macro   0x0001371b       0x22 ./Core/AP/AP_Main.o
 .debug_macro   0x0001373d       0xd6 ./Core/AP/AP_Main.o
 .debug_macro   0x00013813      0x127 ./Core/AP/AP_Main.o
 .debug_macro   0x0001393a       0x85 ./Core/AP/AP_Main.o
 .debug_macro   0x000139bf       0x89 ./Core/AP/AP_Main.o
 .debug_macro   0x00013a48      0x8ed ./Core/AP/AP_Main.o
 .debug_macro   0x00014335       0x47 ./Core/AP/AP_Main.o
 .debug_macro   0x0001437c      0x2aa ./Core/AP/AP_Main.o
 .debug_macro   0x00014626      0x126 ./Core/AP/AP_Main.o
 .debug_macro   0x0001474c       0x4c ./Core/AP/AP_Main.o
 .debug_macro   0x00014798       0x52 ./Core/AP/AP_Main.o
 .debug_macro   0x000147ea       0x61 ./Core/AP/AP_Main.o
 .debug_macro   0x0001484b       0x2a ./Core/AP/AP_Main.o
 .debug_macro   0x00014875       0x43 ./Core/AP/AP_Main.o
 .debug_macro   0x000148b8       0x34 ./Core/AP/AP_Main.o
 .debug_macro   0x000148ec       0x16 ./Core/AP/AP_Main.o
 .debug_macro   0x00014902       0x35 ./Core/AP/AP_Main.o
 .debug_macro   0x00014937      0x369 ./Core/AP/AP_Main.o
 .debug_macro   0x00014ca0       0x10 ./Core/AP/AP_Main.o
 .debug_macro   0x00014cb0       0x16 ./Core/AP/AP_Main.o
 .debug_macro   0x00014cc6       0x43 ./Core/AP/AP_Main.o
 .debug_macro   0x00014d09       0x34 ./Core/AP/AP_Main.o
 .debug_macro   0x00014d3d       0x10 ./Core/AP/AP_Main.o
 .debug_macro   0x00014d4d       0x58 ./Core/AP/AP_Main.o
 .debug_macro   0x00014da5       0x8e ./Core/AP/AP_Main.o
 .debug_macro   0x00014e33       0x1c ./Core/AP/AP_Main.o
 .debug_macro   0x00014e4f      0x177 ./Core/AP/AP_Main.o
 .debug_macro   0x00014fc6       0x16 ./Core/AP/AP_Main.o
 .debug_macro   0x00014fdc       0x16 ./Core/AP/AP_Main.o
 .debug_macro   0x00014ff2      0x146 ./Core/AP/AP_Main.o
 .debug_macro   0x00015138       0x7c ./Core/AP/AP_Main.o
 .debug_macro   0x000151b4       0x10 ./Core/AP/AP_Main.o
 .debug_macro   0x000151c4       0x16 ./Core/AP/AP_Main.o
 .debug_macro   0x000151da       0x20 ./Core/AP/AP_Main.o
 .debug_macro   0x000151fa      0x312 ./Core/AP/RC_Car/Controller.o
 .debug_macro   0x0001550c      0x34b ./Core/AP/RC_Car/Listener.o
 .debug_macro   0x00015857      0x308 ./Core/AP/RC_Car/Presenter.o
 .debug_macro   0x00015b5f      0x201 ./Core/AP/RC_Car/Queue_Car.o
 .debug_macro   0x00015d60      0x2fe ./Core/AP/RC_Car/defineModel.o
 .debug_macro   0x0001605e      0x1f7 ./Core/Common/Queue/Queue.o
 .debug_macro   0x00016255      0x1f1 ./Core/Common/delayUS/delayUS.o
 .debug_macro   0x00016446      0x1f1 ./Core/Driver/Motor/Motor.o
 .debug_macro   0x00016637      0x38a ./Core/Src/main.o
 .debug_macro   0x000169c1       0x34 ./Core/Src/main.o
 .debug_macro   0x000169f5      0x1f6 ./Core/Src/stm32f4xx_hal_msp.o
 .debug_macro   0x00016beb      0x200 ./Core/Src/stm32f4xx_it.o
 .debug_macro   0x00016deb      0x274 ./Core/Src/syscalls.o
 .debug_macro   0x0001705f       0x5b ./Core/Src/syscalls.o
 .debug_macro   0x000170ba       0x94 ./Core/Src/syscalls.o
 .debug_macro   0x0001714e       0x57 ./Core/Src/syscalls.o
 .debug_macro   0x000171a5       0x10 ./Core/Src/syscalls.o
 .debug_macro   0x000171b5       0x10 ./Core/Src/syscalls.o
 .debug_macro   0x000171c5       0x10 ./Core/Src/syscalls.o
 .debug_macro   0x000171d5       0x10 ./Core/Src/syscalls.o
 .debug_macro   0x000171e5       0x1c ./Core/Src/syscalls.o
 .debug_macro   0x00017201       0x52 ./Core/Src/syscalls.o
 .debug_macro   0x00017253       0x22 ./Core/Src/syscalls.o
 .debug_macro   0x00017275       0x10 ./Core/Src/syscalls.o
 .debug_macro   0x00017285       0x52 ./Core/Src/syscalls.o
 .debug_macro   0x000172d7       0xcf ./Core/Src/syscalls.o
 .debug_macro   0x000173a6       0x1c ./Core/Src/syscalls.o
 .debug_macro   0x000173c2       0x3d ./Core/Src/syscalls.o
 .debug_macro   0x000173ff       0x35 ./Core/Src/syscalls.o
 .debug_macro   0x00017434      0x12c ./Core/Src/syscalls.o
 .debug_macro   0x00017560       0x16 ./Core/Src/syscalls.o
 .debug_macro   0x00017576       0x16 ./Core/Src/syscalls.o
 .debug_macro   0x0001758c       0x29 ./Core/Src/syscalls.o
 .debug_macro   0x000175b5       0x10 ./Core/Src/syscalls.o
 .debug_macro   0x000175c5      0x242 ./Core/Src/syscalls.o
 .debug_macro   0x00017807       0x1c ./Core/Src/syscalls.o
 .debug_macro   0x00017823       0x10 ./Core/Src/syscalls.o
 .debug_macro   0x00017833      0x18a ./Core/Src/syscalls.o
 .debug_macro   0x000179bd       0x16 ./Core/Src/syscalls.o
 .debug_macro   0x000179d3       0xce ./Core/Src/syscalls.o
 .debug_macro   0x00017aa1       0xff ./Core/Src/sysmem.o
 .debug_macro   0x00017ba0      0x23c ./Core/Src/sysmem.o
 .debug_macro   0x00017ddc      0x1e7 ./Core/Src/system_stm32f4xx.o
 .debug_macro   0x00017fc3      0x247 ./Drivers/STM32F4xx_HAL_Driver/Src/stm32f4xx_hal.o
 .debug_macro   0x0001820a      0x1e7 ./Drivers/STM32F4xx_HAL_Driver/Src/stm32f4xx_hal_cortex.o
 .debug_macro   0x000183f1      0x1ed ./Drivers/STM32F4xx_HAL_Driver/Src/stm32f4xx_hal_dma.o
 .debug_macro   0x000185de      0x1ed ./Drivers/STM32F4xx_HAL_Driver/Src/stm32f4xx_hal_gpio.o
 .debug_macro   0x000187cb      0x235 ./Drivers/STM32F4xx_HAL_Driver/Src/stm32f4xx_hal_i2c.o
 .debug_macro   0x00018a00      0x20b ./Drivers/STM32F4xx_HAL_Driver/Src/stm32f4xx_hal_rcc.o
 .debug_macro   0x00018c0b      0x1e8 ./Drivers/STM32F4xx_HAL_Driver/Src/stm32f4xx_hal_tim.o
 .debug_macro   0x00018df3      0x1e7 ./Drivers/STM32F4xx_HAL_Driver/Src/stm32f4xx_hal_tim_ex.o
 .debug_macro   0x00018fda      0x1e8 ./Drivers/STM32F4xx_HAL_Driver/Src/stm32f4xx_hal_uart.o

.debug_line     0x00000000    0x17f91
 .debug_line    0x00000000      0xaba ./Core/AP/AP_Main.o
 .debug_line    0x00000aba      0xad2 ./Core/AP/RC_Car/Controller.o
 .debug_line    0x0000158c      0xad5 ./Core/AP/RC_Car/Listener.o
 .debug_line    0x00002061      0xa18 ./Core/AP/RC_Car/Presenter.o
 .debug_line    0x00002a79      0x7f0 ./Core/AP/RC_Car/Queue_Car.o
 .debug_line    0x00003269      0xa28 ./Core/AP/RC_Car/defineModel.o
 .debug_line    0x00003c91      0x82d ./Core/Common/Queue/Queue.o
 .debug_line    0x000044be      0x7de ./Core/Common/delayUS/delayUS.o
 .debug_line    0x00004c9c      0x830 ./Core/Driver/Motor/Motor.o
 .debug_line    0x000054cc      0xcfc ./Core/Src/main.o
 .debug_line    0x000061c8      0x8c5 ./Core/Src/stm32f4xx_hal_msp.o
 .debug_line    0x00006a8d      0x85a ./Core/Src/stm32f4xx_it.o
 .debug_line    0x000072e7      0x8b2 ./Core/Src/syscalls.o
 .debug_line    0x00007b99      0x583 ./Core/Src/sysmem.o
 .debug_line    0x0000811c      0x804 ./Core/Src/system_stm32f4xx.o
 .debug_line    0x00008920       0x7a ./Core/Startup/startup_stm32f411retx.o
 .debug_line    0x0000899a      0xa6d ./Drivers/STM32F4xx_HAL_Driver/Src/stm32f4xx_hal.o