Archive member included to satisfy reference by file (symbol)

C:/ST/STM32CubeIDE_1.15.0/STM32CubeIDE/plugins/com.st.stm32cube.ide.mcu.externaltools.gnu-tools-for-stm32.12.3.rel1.win32_1.0.100.202403111256/tools/bin/../lib/gcc/arm-none-eabi/12.3.1/../../../../arm-none-eabi/lib/thumb/v7e-m+fp/hard\libc_nano.a(libc_a-exit.o)
                              C:/ST/STM32CubeIDE_1.15.0/STM32CubeIDE/plugins/com.st.stm32cube.ide.mcu.externaltools.gnu-tools-for-stm32.12.3.rel1.win32_1.0.100.202403111256/tools/bin/../lib/gcc/arm-none-eabi/12.3.1/../../../../arm-none-eabi/lib/thumb/v7e-m+fp/hard/crt0.o (exit)
C:/ST/STM32CubeIDE_1.15.0/STM32CubeIDE/plugins/com.st.stm32cube.ide.mcu.externaltools.gnu-tools-for-stm32.12.3.rel1.win32_1.0.100.202403111256/tools/bin/../lib/gcc/arm-none-eabi/12.3.1/../../../../arm-none-eabi/lib/thumb/v7e-m+fp/hard\libc_nano.a(libc_a-findfp.o)
                              C:/ST/STM32CubeIDE_1.15.0/STM32CubeIDE/plugins/com.st.stm32cube.ide.mcu.externaltools.gnu-tools-for-stm32.12.3.rel1.win32_1.0.100.202403111256/tools/bin/../lib/gcc/arm-none-eabi/12.3.1/../../../../arm-none-eabi/lib/thumb/v7e-m+fp/hard\libc_nano.a(libc_a-exit.o) (__stdio_exit_handler)
C:/ST/STM32CubeIDE_1.15.0/STM32CubeIDE/plugins/com.st.stm32cube.ide.mcu.externaltools.gnu-tools-for-stm32.12.3.rel1.win32_1.0.100.202403111256/tools/bin/../lib/gcc/arm-none-eabi/12.3.1/../../../../arm-none-eabi/lib/thumb/v7e-m+fp/hard\libc_nano.a(libc_a-fwalk.o)
                              C:/ST/STM32CubeIDE_1.15.0/STM32CubeIDE/plugins/com.st.stm32cube.ide.mcu.externaltools.gnu-tools-for-stm32.12.3.rel1.win32_1.0.100.202403111256/tools/bin/../lib/gcc/arm-none-eabi/12.3.1/../../../../arm-none-eabi/lib/thumb/v7e-m+fp/hard\libc_nano.a(libc_a-findfp.o) (_fwalk_sglue)
C:/ST/STM32CubeIDE_1.15.0/STM32CubeIDE/plugins/com.st.stm32cube.ide.mcu.externaltools.gnu-tools-for-stm32.12.3.rel1.win32_1.0.100.202403111256/tools/bin/../lib/gcc/arm-none-eabi/12.3.1/../../../../arm-none-eabi/lib/thumb/v7e-m+fp/hard\libc_nano.a(libc_a-printf.o)
                              ./Core/AP/RC_Car/Listener.o (printf)
C:/ST/STM32CubeIDE_1.15.0/STM32CubeIDE/plugins/com.st.stm32cube.ide.mcu.externaltools.gnu-tools-for-stm32.12.3.rel1.win32_1.0.100.202403111256/tools/bin/../lib/gcc/arm-none-eabi/12.3.1/../../../../arm-none-eabi/lib/thumb/v7e-m+fp/hard\libc_nano.a(libc_a-puts.o)
                              ./Core/AP/RC_Car/Listener.o (puts)
C:/ST/STM32CubeIDE_1.15.0/STM32CubeIDE/plugins/com.st.stm32cube.ide.mcu.externaltools.gnu-tools-for-stm32.12.3.rel1.win32_1.0.100.202403111256/tools/bin/../lib/gcc/arm-none-eabi/12.3.1/../../../../arm-none-eabi/lib/thumb/v7e-m+fp/hard\libc_nano.a(libc_a-stdio.o)
                              C:/ST/STM32CubeIDE_1.15.0/STM32CubeIDE/plugins/com.st.stm32cube.ide.mcu.externaltools.gnu-tools-for-stm32.12.3.rel1.win32_1.0.100.202403111256/tools/bin/../lib/gcc/arm-none-eabi/12.3.1/../../../../arm-none-eabi/lib/thumb/v7e-m+fp/hard\libc_nano.a(libc_a-findfp.o) (__sread)
C:/ST/STM32CubeIDE_1.15.0/STM32CubeIDE/plugins/com.st.stm32cube.ide.mcu.externaltools.gnu-tools-for-stm32.12.3.rel1.win32_1.0.100.202403111256/tools/bin/../lib/gcc/arm-none-eabi/12.3.1/../../../../arm-none-eabi/lib/thumb/v7e-m+fp/hard\libc_nano.a(libc_a-wbuf.o)
                              C:/ST/STM32CubeIDE_1.15.0/STM32CubeIDE/plugins/com.st.stm32cube.ide.mcu.externaltools.gnu-tools-for-stm32.12.3.rel1.win32_1.0.100.202403111256/tools/bin/../lib/gcc/arm-none-eabi/12.3.1/../../../../arm-none-eabi/lib/thumb/v7e-m+fp/hard\libc_nano.a(libc_a-puts.o) (__swbuf_r)
C:/ST/STM32CubeIDE_1.15.0/STM32CubeIDE/plugins/com.st.stm32cube.ide.mcu.externaltools.gnu-tools-for-stm32.12.3.rel1.win32_1.0.100.202403111256/tools/bin/../lib/gcc/arm-none-eabi/12.3.1/../../../../arm-none-eabi/lib/thumb/v7e-m+fp/hard\libc_nano.a(libc_a-wsetup.o)
                              C:/ST/STM32CubeIDE_1.15.0/STM32CubeIDE/plugins/com.st.stm32cube.ide.mcu.externaltools.gnu-tools-for-stm32.12.3.rel1.win32_1.0.100.202403111256/tools/bin/../lib/gcc/arm-none-eabi/12.3.1/../../../../arm-none-eabi/lib/thumb/v7e-m+fp/hard\libc_nano.a(libc_a-puts.o) (__swsetup_r)
C:/ST/STM32CubeIDE_1.15.0/STM32CubeIDE/plugins/com.st.stm32cube.ide.mcu.externaltools.gnu-tools-for-stm32.12.3.rel1.win32_1.0.100.202403111256/tools/bin/../lib/gcc/arm-none-eabi/12.3.1/../../../../arm-none-eabi/lib/thumb/v7e-m+fp/hard\libc_nano.a(libc_a-memset.o)
                              C:/ST/STM32CubeIDE_1.15.0/STM32CubeIDE/plugins/com.st.stm32cube.ide.mcu.externaltools.gnu-tools-for-stm32.12.3.rel1.win32_1.0.100.202403111256/tools/bin/../lib/gcc/arm-none-eabi/12.3.1/../../../../arm-none-eabi/lib/thumb/v7e-m+fp/hard/crt0.o (memset)
C:/ST/STM32CubeIDE_1.15.0/STM32CubeIDE/plugins/com.st.stm32cube.ide.mcu.externaltools.gnu-tools-for-stm32.12.3.rel1.win32_1.0.100.202403111256/tools/bin/../lib/gcc/arm-none-eabi/12.3.1/../../../../arm-none-eabi/lib/thumb/v7e-m+fp/hard\libc_nano.a(libc_a-closer.o)
[...]
Memory Configuration

Name             Origin             Length             Attributes
RAM              0x20000000         0x00020000         xrw
FLASH            0x08000000         0x00080000         xr
*default*        0x00000000         0xffffffff

Linker script and memory map

LOAD C:/ST/STM32CubeIDE_1.15.0/STM32CubeIDE/plugins/com.st.stm32cube.ide.mcu.externaltools.gnu-tools-for-stm32.12.3.rel1.win32_1.0.100.202403111256/tools/bin/../lib/gcc/arm-none-eabi/12.3.1/thumb/v7e-m+fp/hard/crti.o
LOAD C:/ST/STM32CubeIDE_1.15.0/STM32CubeIDE/plugins/com.st.stm32cube.ide.mcu.externaltools.gnu-tools-for-stm32.12.3.rel1.win32_1.0.100.202403111256/tools/bin/../lib/gcc/arm-none-eabi/12.3.1/thumb/v7e-m+fp/hard/crtbegin.o
LOAD C:/ST/STM32CubeIDE_1.15.0/STM32CubeIDE/plugins/com.st.stm32cube.ide.mcu.externaltools.gnu-tools-for-stm32.12.3.rel1.win32_1.0.100.202403111256/tools/bin/../lib/gcc/arm-none-eabi/12.3.1/../../../../arm-none-eabi/lib/thumb/v7e-m+fp/hard/crt0.o
LOAD ./Core/AP/AP_Main.o
LOAD ./Core/AP/RC_Car/Controller.o
LOAD ./Core/AP/RC_Car/Listener.o
LOAD ./Core/AP/RC_Car/Presenter.o
LOAD ./Core/AP/RC_Car/Queue_Car.o
LOAD ./Core/AP/RC_Car/defineModel.o
LOAD ./Core/Common/Queue/Queue.o
LOAD ./Core/Common/delayUS/delayUS.o
LOAD ./Core/Driver/Button/Button.o
LOAD ./Core/Driver/CLCD/CLCD.o
LOAD ./Core/Driver/LED/LED.o
LOAD ./Core/Driver/Motor/Motor.o
LOAD ./Core/Driver/Ultrasonic/Ultrasonic.o
LOAD ./Core/Src/main.o
LOAD ./Core/Src/stm32f4xx_hal_msp.o
LOAD ./Core/Src/stm32f4xx_it.o
LOAD ./Core/Src/syscalls.o
LOAD ./Core/Src/sysmem.o
LOAD ./Core/Src/system_stm32f4xx.o
LOAD ./Core/Startup/startup_stm32f411retx.o
LOAD ./Drivers/STM32F4xx_HAL_Driver/Src/stm32f4xx_hal.o
LOAD ./Drivers/STM32F4xx_HAL_Driver/Src/stm32f4xx_hal_cortex.o
LOAD ./Drivers/STM32F4xx_HAL_Driver/Src/stm32f4xx_hal_dma.o
LOAD ./Drivers/STM32F4xx_HAL_Driver/Src/stm32f4xx_hal_dma_ex.o
LOAD ./Drivers/STM32F4xx_HAL_Driver/Src/stm32f4xx_hal_exti.o
LOAD ./Drivers/STM32F4xx_HAL_Driver/Src/stm32f4xx_hal_flash.o
LOAD ./Drivers/STM32F4xx_HAL_Driver/Src/stm32f4xx_hal_flash_ex.o
LOAD ./Drivers/STM32F4xx_HAL_Driver/Src/stm32f4xx_hal_flash_ramfunc.o
LOAD ./Drivers/STM32F4xx_HAL_Driver/Src/stm32f4xx_hal_gpio.o
LOAD ./Drivers/STM32F4xx_HAL_Driver/Src/stm32f4xx_hal_i2c.o
LOAD ./Drivers/STM32F4xx_HAL_Driver/Src/stm32f4xx_hal_i2c_ex.o
LOAD ./Drivers/STM32F4xx_HAL_Driver/Src/stm32f4xx_hal_pwr.o
LOAD ./Drivers/STM32F4xx_HAL_Driver/Src/stm32f4xx_hal_pwr_ex.o
LOAD ./Drivers/STM32F4xx_HAL_Driver/Src/stm32f4xx_hal_rcc.o
LOAD ./Drivers/STM32F4xx_HAL_Driver/Src/stm32f4xx_hal_rcc_ex.o
LOAD ./Drivers/STM32F4xx_HAL_Driver/Src/stm32f4xx_hal_tim.o
LOAD ./Drivers/STM32F4xx_HAL_Driver/Src/stm32f4xx_hal_tim_ex.o
LOAD ./Drivers/STM32F4xx_HAL_Driver/Src/stm32f4xx_hal_uart.o
START GROUP
LOAD C:/ST/STM32CubeIDE_1.15.0/STM32CubeIDE/plugins/com.st.stm32cube.ide.mcu.externaltools.gnu-tools-for-stm32.12.3.rel1.win32_1.0.100.202403111256/tools/bin/../lib/gcc/arm-none-eabi/12.3.1/../../../../arm-none-eabi/lib/thumb/v7e-m+fp/hard\libc_nano.a
LOAD C:/ST/STM32CubeIDE_1.15.0/STM32CubeIDE/plugins/com.st.stm32cube.ide.mcu.externaltools.gnu-tools-for-stm32.12.3.rel1.win32_1.0.100.202403111256/tools/bin/../lib/gcc/arm-none-eabi/12.3.1/../../../../arm-none-eabi/lib/thumb/v7e-m+fp/hard\libm.a
END GROUP
START GROUP
LOAD C:/ST/STM32CubeIDE_1.15.0/STM32CubeIDE/plugins/com.st.stm32cube.ide.mcu.externaltools.gnu-tools-for-stm32.12.3.rel1.win32_1.0.100.202403111256/tools/bin/../lib/gcc/arm-none-eabi/12.3.1/thumb/v7e-m+fp/hard\libgcc.a
LOAD C:/ST/STM32CubeIDE_1.15.0/STM32CubeIDE/plugins/com.st.stm32cube.ide.mcu.externaltools.gnu-tools-for-stm32.12.3.rel1.win32_1.0.100.202403111256/tools/bin/../lib/gcc/arm-none-eabi/12.3.1/../../../../arm-none-eabi/lib/thumb/v7e-m+fp/hard\libc_nano.a
END GROUP
START GROUP
LOAD C:/ST/STM32CubeIDE_1.15.0/STM32CubeIDE/plugins/com.st.stm32cube.ide.mcu.externaltools.gnu-tools-for-stm32.12.3.rel1.win32_1.0.100.202403111256/tools/bin/../lib/gcc/arm-none-eabi/12.3.1/thumb/v7e-m+fp/hard\libgcc.a
LOAD C:/ST/STM32CubeIDE_1.15.0/STM32CubeIDE/plugins/com.st.stm32cube.ide.mcu.externaltools.gnu-tools-for-stm32.12.3.rel1.win32_1.0.100.202403111256/tools/bin/../lib/gcc/arm-none-eabi/12.3.1/../../../../arm-none-eabi/lib/thumb/v7e-m+fp/hard\libc_nano.a
LOAD C:/ST/STM32CubeIDE_1.15.0/STM32CubeIDE/plugins/com.st.stm32cube.ide.mcu.externaltools.gnu-tools-for-stm32.12.3.rel1.win32_1.0.100.202403111256/tools/bin/../lib/gcc/arm-none-eabi/12.3.1/../../../../arm-none-eabi/lib/thumb/v7e-m+fp/hard\libnosys.a
END GROUP
START GROUP
LOAD C:/ST/STM32CubeIDE_1.15.0/STM32CubeIDE/plugins/com.st.stm32cube.ide.mcu.externaltools.gnu-tools-for-stm32.12.3.rel1.win32_1.0.100.202403111256/tools/bin/../lib/gcc/arm-none-eabi/12.3.1/thumb/v7e-m+fp/hard\libgcc.a
LOAD C:/ST/STM32CubeIDE_1.15.0/STM32CubeIDE/plugins/com.st.stm32cube.ide.mcu.externaltools.gnu-tools-for-stm32.12.3.rel1.win32_1.0.100.202403111256/tools/bin/../lib/gcc/arm-none-eabi/12.3.1/../../../../arm-none-eabi/lib/thumb/v7e-m+fp/hard\libc_nano.a
LOAD C:/ST/STM32CubeIDE_1.15.0/STM32CubeIDE/plugins/com.st.stm32cube.ide.mcu.externaltools.gnu-tools-for-stm32.12.3.rel1.win32_1.0.100.202403111256/tools/bin/../lib/gcc/arm-none-eabi/12.3.1/../../../../arm-none-eabi/lib/thumb/v7e-m+fp/hard\libnosys.a
END GROUP
LOAD C:/ST/STM32CubeIDE_1.15.0/STM32CubeIDE/plugins/com.st.stm32cube.ide.mcu.externaltools.gnu-tools-for-stm32.12.3.rel1.win32_1.0.100.202403111256/tools/bin/../lib/gcc/arm-none-eabi/12.3.1/thumb/v7e-m+fp/hard/crtend.o
LOAD C:/ST/STM32CubeIDE_1.15.0/STM32CubeIDE/plugins/com.st.stm32cube.ide.mcu.externaltools.gnu-tools-for-stm32.12.3.rel1.win32_1.0.100.202403111256/tools/bin/../lib/gcc/arm-none-eabi/12.3.1/thumb/v7e-m+fp/hard/crtn.o
                0x20020000                        _estack = (ORIGIN (RAM) + LENGTH (RAM))
                0x00000200                        _Min_Heap_Size = 0x200
                0x00000400                        _Min_Stack_Size = 0x400

.isr_vector     0x08000000      0x198
                0x08000000                        . = ALIGN (0x4)
 *(.isr_vector)
 .isr_vector    0x08000000      0x198 ./Core/Startup/startup_stm32f411retx.o
                0x08000000                g_pfnVectors
                0x08000198                        . = ALIGN (0x4)

.text           0x080001a0     0x56e4
                0x080001a0                        . = ALIGN (0x4)
 *(.text)
 .text          0x080001a0       0x40 C:/ST/STM32CubeIDE_1.15.0/STM32CubeIDE/plugins/com.st.stm32cube.ide.mcu.externaltools.gnu-tools-for-stm32.12.3.rel1.win32_1.0.100.202403111256/tools/bin/../lib/gcc/arm-none-eabi/12.3.1/thumb/v7e-m+fp/hard/crtbegin.o
 .text          0x080001e0       0x14 C:/ST/STM32CubeIDE_1.15.0/STM32CubeIDE/plugins/com.st.stm32cube.ide.mcu.externaltools.gnu-tools-for-stm32.12.3.rel1.win32_1.0.100.202403111256/tools/bin/../lib/gcc/arm-none-eabi/12.3.1/../../../../arm-none-eabi/lib/thumb/v7e-m+fp/hard\libc_nano.a(libc_a-strcmp.o)
                0x080001e0                strcmp
 *fill*         0x080001f4        0xc 
 .text          0x08000200       0xa0 C:/ST/STM32CubeIDE_1.15.0/STM32CubeIDE/plugins/com.st.stm32cube.ide.mcu.externaltools.gnu-tools-for-stm32.12.3.rel1.win32_1.0.100.202403111256/tools/bin/../lib/gcc/arm-none-eabi/12.3.1/../../../../arm-none-eabi/lib/thumb/v7e-m+fp/hard\libc_nano.a(libc_a-memchr.o)
                0x08000200                memchr
 .text          0x080002a0       0x30 C:/ST/STM32CubeIDE_1.15.0/STM32CubeIDE/plugins/com.st.stm32cube.ide.mcu.externaltools.gnu-tools-for-stm32.12.3.rel1.win32_1.0.100.202403111256/tools/bin/../lib/gcc/arm-none-eabi/12.3.1/thumb/v7e-m+fp/hard\libgcc.a(_aeabi_uldivmod.o)
                0x080002a0                __aeabi_uldivmod
 .text          0x080002d0      0x2bc C:/ST/STM32CubeIDE_1.15.0/STM32CubeIDE/plugins/com.st.stm32cube.ide.mcu.externaltools.gnu-tools-for-stm32.12.3.rel1.win32_1.0.100.202403111256/tools/bin/../lib/gcc/arm-none-eabi/12.3.1/thumb/v7e-m+fp/hard\libgcc.a(_udivmoddi4.o)
                0x080002d0                __udivmoddi4
 .text          0x0800058c        0x4 C:/ST/STM32CubeIDE_1.15.0/STM32CubeIDE/plugins/com.st.stm32cube.ide.mcu.externaltools.gnu-tools-for-stm32.12.3.rel1.win32_1.0.100.202403111256/tools/bin/../lib/gcc/arm-none-eabi/12.3.1/thumb/v7e-m+fp/hard\libgcc.a(_dvmd_tls.o)
                0x0800058c                __aeabi_idiv0
                0x0800058c                __aeabi_ldiv0
 *(.text*)
 .text.HAL_UART_RxCpltCallback
                0x08000590       0x48 ./Core/AP/AP_Main.o
                0x08000590                HAL_UART_RxCpltCallback
 .text.AP_Main_init
                0x080005d8       0x44 ./Core/AP/AP_Main.o
                0x080005d8                AP_Main_init
 .text.AP_Main_execute
                0x0800061c       0x10 ./Core/AP/AP_Main.o
                0x0800061c                AP_Main_execute
 .text.Controller_Car_init
                0x0800062c       0x30 ./Core/AP/RC_Car/Controller.o
                0x0800062c                Controller_Car_init
 .text.Controller_Car_execute
                0x0800065c       0x9c ./Core/AP/RC_Car/Controller.o
                0x0800065c                Controller_Car_execute
 .text.Controller_CarOFF_Run
                0x080006f8       0x2c ./Core/AP/RC_Car/Controller.o
                0x080006f8                Controller_CarOFF_Run
 .text.Controller_CarForward_Run
                0x08000724       0x44 ./Core/AP/RC_Car/Controller.o
                0x08000724                Controller_CarForward_Run
 .text.Controller_CarBackward_Run
                0x08000768       0x44 ./Core/AP/RC_Car/Controller.o
                0x08000768                Controller_CarBackward_Run
 .text.Controller_CarRightForward_Run
                0x080007ac       0x4c ./Core/AP/RC_Car/Controller.o
                0x080007ac                Controller_CarRightForward_Run
 .text.Controller_CarLeftForward_Run
                0x080007f8       0x4c ./Core/AP/RC_Car/Controller.o
                0x080007f8                Controller_CarLeftForward_Run
 .text.Listener_ISR_Process
                0x08000844       0x2c ./Core/AP/RC_Car/Listener.o
                0x08000844                Listener_ISR_Process
 .text.Listener_init
                0x08000870       0x18 ./Core/AP/RC_Car/Listener.o
                0x08000870                Listener_init
 .text.Listener_CarMode_EventCheck
                0x08000888      0x138 ./Core/AP/RC_Car/Listener.o
                0x08000888                Listener_CarMode_EventCheck
 .text.Listener_clearModeBuf
                0x080009c0       0x2c ./Core/AP/RC_Car/Listener.o
                0x080009c0                Listener_clearModeBuf
 .text._write   0x080009ec       0x2c ./Core/AP/RC_Car/Presenter.o
                0x080009ec                _write
 .text.Presenter_Motor_Run
                0x08000a18       0x84 ./Core/AP/RC_Car/Presenter.o
                0x08000a18                Presenter_Motor_Run
 .text.Presenter_UART_Run
                0x08000a9c       0x70 ./Core/AP/RC_Car/Presenter.o
                0x08000a9c                Presenter_UART_Run
 .text.Que_Car_init
                0x08000b0c       0x14 ./Core/AP/RC_Car/Queue_Car.o
                0x08000b0c                Que_Car_init
 .text.enQue_CarModeState
                0x08000b20       0x20 ./Core/AP/RC_Car/Queue_Car.o
                0x08000b20                enQue_CarModeState
 .text.deQue_CarModeState
                0x08000b40       0x20 ./Core/AP/RC_Car/Queue_Car.o
                0x08000b40                deQue_CarModeState
 .text.Que_Car_isEmpty
                0x08000b60       0x14 ./Core/AP/RC_Car/Queue_Car.o
                0x08000b60                Que_Car_isEmpty
 .text.Model_hardwareinit
                0x08000b74       0x60 ./Core/AP/RC_Car/defineModel.o
                0x08000b74                Model_hardwareinit
 .text.Model_getCarModeState
                0x08000bd4       0x18 ./Core/AP/RC_Car/defineModel.o
                0x08000bd4                Model_getCarModeState
 .text.Model_setCarModeState
                0x08000bec       0x20 ./Core/AP/RC_Car/defineModel.o
                0x08000bec                Model_setCarModeState
 .text.Que_init
                0x08000c0c       0x26 ./Core/Common/Queue/Queue.o
                0x08000c0c                Que_init
 .text.QueFull  0x08000c32       0x22 ./Core/Common/Queue/Queue.o
                0x08000c32                QueFull
 .text.QueEmpty
                0x08000c54       0x22 ./Core/Common/Queue/Queue.o
                0x08000c54                QueEmpty
 *fill*         0x08000c76        0x2 
 .text.enQue    0x08000c78       0x58 ./Core/Common/Queue/Queue.o
                0x08000c78                enQue
 .text.deQue    0x08000cd0       0x58 ./Core/Common/Queue/Queue.o
                0x08000cd0                deQue
 .text.DelayInit
                0x08000d28       0x54 ./Core/Common/delayUS/delayUS.o
                0x08000d28                DelayInit
 .text.Motor_init
                0x08000d7c       0x3e ./Core/Driver/Motor/Motor.o
                0x08000d7c                Motor_init
 .text.Motor_Stop
                0x08000dba       0x40 ./Core/Driver/Motor/Motor.o
                0x08000dba                Motor_Stop
 .text.Motor_Forward
                0x08000dfa       0x40 ./Core/Driver/Motor/Motor.o
                0x08000dfa                Motor_Forward
 .text.Motor_Backward
                0x08000e3a       0x40 ./Core/Driver/Motor/Motor.o
                0x08000e3a                Motor_Backward
 .text.Motor_SetSpeed
                0x08000e7a       0x5c ./Core/Driver/Motor/Motor.o
                0x08000e7a                Motor_SetSpeed
 .text.main     0x08000ed6       0x2e ./Core/Src/main.o
                0x08000ed6                main
 .text.SystemClock_Config
                0x08000f04       0xd0 ./Core/Src/main.o
                0x08000f04                SystemClock_Config
 .text.MX_I2C1_Init
                0x08000fd4       0x5c ./Core/Src/main.o
 .text.MX_TIM1_Init
                0x08001030       0xa0 ./Core/Src/main.o
 .text.MX_TIM2_Init
                0x080010d0       0x98 ./Core/Src/main.o
 .text.MX_TIM3_Init
                0x08001168      0x104 ./Core/Src/main.o
 .text.MX_USART2_UART_Init
                0x0800126c       0x54 ./Core/Src/main.o
 .text.MX_GPIO_Init
                0x080012c0      0x118 ./Core/Src/main.o
 .text.Error_Handler
                0x080013d8        0xc ./Core/Src/main.o
                0x080013d8                Error_Handler
 .text.HAL_MspInit
                0x080013e4       0x50 ./Core/Src/stm32f4xx_hal_msp.o
                0x080013e4                HAL_MspInit
 .text.HAL_I2C_MspInit
                0x08001434       0x90 ./Core/Src/stm32f4xx_hal_msp.o
                0x08001434                HAL_I2C_MspInit
 .text.HAL_TIM_Base_MspInit
                0x080014c4       0x98 ./Core/Src/stm32f4xx_hal_msp.o
                0x080014c4                HAL_TIM_Base_MspInit
 .text.HAL_TIM_MspPostInit
                0x0800155c       0x74 ./Core/Src/stm32f4xx_hal_msp.o
                0x0800155c                HAL_TIM_MspPostInit
 .text.HAL_UART_MspInit
                0x080015d0       0xa0 ./Core/Src/stm32f4xx_hal_msp.o
                0x080015d0                HAL_UART_MspInit
 .text.NMI_Handler
                0x08001670        0x8 ./Core/Src/stm32f4xx_it.o
                0x08001670                NMI_Handler
 .text.HardFault_Handler
                0x08001678        0x8 ./Core/Src/stm32f4xx_it.o
                0x08001678                HardFault_Handler
 .text.MemManage_Handler
                0x08001680        0x8 ./Core/Src/stm32f4xx_it.o
                0x08001680                MemManage_Handler
 .text.BusFault_Handler
                0x08001688        0x8 ./Core/Src/stm32f4xx_it.o
                0x08001688                BusFault_Handler
 .text.UsageFault_Handler
                0x08001690        0x8 ./Core/Src/stm32f4xx_it.o
                0x08001690                UsageFault_Handler
 .text.SVC_Handler
                0x08001698        0xe ./Core/Src/stm32f4xx_it.o
                0x08001698                SVC_Handler
 .text.DebugMon_Handler
                0x080016a6        0xe ./Core/Src/stm32f4xx_it.o
                0x080016a6                DebugMon_Handler
 .text.PendSV_Handler
                0x080016b4        0xe ./Core/Src/stm32f4xx_it.o
                0x080016b4                PendSV_Handler
 .text.SysTick_Handler
                0x080016c2        0xc ./Core/Src/stm32f4xx_it.o
                0x080016c2                SysTick_Handler
 *fill*         0x080016ce        0x2 
 .text.USART2_IRQHandler
                0x080016d0       0x14 ./Core/Src/stm32f4xx_it.o
                0x080016d0                USART2_IRQHandler
 .text._read    0x080016e4       0x3a ./Core/Src/syscalls.o
                0x080016e4                _read
 .text._close   0x0800171e       0x18 ./Core/Src/syscalls.o
                0x0800171e                _close
 .text._fstat   0x08001736       0x20 ./Core/Src/syscalls.o
                0x08001736                _fstat
 .text._isatty  0x08001756       0x16 ./Core/Src/syscalls.o
                0x08001756                _isatty
 .text._lseek   0x0800176c       0x1a ./Core/Src/syscalls.o
                0x0800176c                _lseek
 *fill*         0x08001786        0x2 
 .text._sbrk    0x08001788       0x6c ./Core/Src/sysmem.o
                0x08001788                _sbrk
 .text.SystemInit
                0x080017f4       0x24 ./Core/Src/system_stm32f4xx.o
                0x080017f4                SystemInit
 .text.Reset_Handler
                0x08001818       0x50 ./Core/Startup/startup_stm32f411retx.o
                0x08001818                Reset_Handler
 .text.Default_Handler
                0x08001868        0x2 ./Core/Startup/startup_stm32f411retx.o
                0x08001868                RTC_Alarm_IRQHandler
                0x08001868                EXTI2_IRQHandler
                0x08001868                SPI4_IRQHandler
                0x08001868                TIM1_CC_IRQHandler
                0x08001868                DMA2_Stream5_IRQHandler
                0x08001868                DMA1_Stream5_IRQHandler
                0x08001868                PVD_IRQHandler
                0x08001868                SDIO_IRQHandler
                0x08001868                TAMP_STAMP_IRQHandler
                0x08001868                EXTI3_IRQHandler
                0x08001868                TIM1_UP_TIM10_IRQHandler
                0x08001868                I2C3_ER_IRQHandler
                0x08001868                EXTI0_IRQHandler
                0x08001868                I2C2_EV_IRQHandler
                0x08001868                DMA1_Stream2_IRQHandler
                0x08001868                FPU_IRQHandler
                0x08001868                DMA2_Stream2_IRQHandler
                0x08001868                SPI1_IRQHandler
                0x08001868                TIM1_BRK_TIM9_IRQHandler
                0x08001868                DMA2_Stream3_IRQHandler
                0x08001868                USART6_IRQHandler
                0x08001868                DMA2_Stream0_IRQHandler
                0x08001868                TIM4_IRQHandler
                0x08001868                I2C1_EV_IRQHandler
                0x08001868                DMA1_Stream6_IRQHandler
                0x08001868                DMA1_Stream1_IRQHandler
                0x08001868                TIM3_IRQHandler
                0x08001868                RCC_IRQHandler
                0x08001868                Default_Handler
                0x08001868                EXTI15_10_IRQHandler
                0x08001868                ADC_IRQHandler
                0x08001868                DMA1_Stream7_IRQHandler
                0x08001868                SPI5_IRQHandler
                0x08001868                TIM5_IRQHandler
                0x08001868                DMA2_Stream7_IRQHandler
                0x08001868                I2C3_EV_IRQHandler
                0x08001868                EXTI9_5_IRQHandler
                0x08001868                RTC_WKUP_IRQHandler
                0x08001868                SPI2_IRQHandler
                0x08001868                DMA1_Stream0_IRQHandler
                0x08001868                EXTI4_IRQHandler
                0x08001868                WWDG_IRQHandler
                0x08001868                TIM2_IRQHandler
                0x08001868                OTG_FS_WKUP_IRQHandler
                0x08001868                TIM1_TRG_COM_TIM11_IRQHandler
                0x08001868                EXTI1_IRQHandler
                0x08001868                I2C2_ER_IRQHandler
                0x08001868                DMA2_Stream1_IRQHandler
                0x08001868                FLASH_IRQHandler
                0x08001868                DMA2_Stream4_IRQHandler
                0x08001868                USART1_IRQHandler
                0x08001868                OTG_FS_IRQHandler
                0x08001868                SPI3_IRQHandler
                0x08001868                DMA1_Stream4_IRQHandler
                0x08001868                I2C1_ER_IRQHandler
                0x08001868                DMA2_Stream6_IRQHandler
                0x08001868                DMA1_Stream3_IRQHandler
 *fill*         0x0800186a        0x2 
 .text.HAL_Init
                0x0800186c       0x44 ./Drivers/STM32F4xx_HAL_Driver/Src/stm32f4xx_hal.o
                0x0800186c                HAL_Init
 .text.HAL_InitTick
                0x080018b0       0x60 ./Drivers/STM32F4xx_HAL_Driver/Src/stm32f4xx_hal.o
                0x080018b0                HAL_InitTick
 .text.HAL_IncTick
                0x08001910       0x28 ./Drivers/STM32F4xx_HAL_Driver/Src/stm32f4xx_hal.o
                0x08001910                HAL_IncTick
 .text.HAL_GetTick
                0x08001938       0x18 ./Drivers/STM32F4xx_HAL_Driver/Src/stm32f4xx_hal.o
                0x08001938                HAL_GetTick
 .text.__NVIC_SetPriorityGrouping
                0x08001950       0x48 ./Drivers/STM32F4xx_HAL_Driver/Src/stm32f4xx_hal_cortex.o
 .text.__NVIC_GetPriorityGrouping
                0x08001998       0x1c ./Drivers/STM32F4xx_HAL_Driver/Src/stm32f4xx_hal_cortex.o
 .text.__NVIC_EnableIRQ
                0x080019b4       0x3c ./Drivers/STM32F4xx_HAL_Driver/Src/stm32f4xx_hal_cortex.o
 .text.__NVIC_SetPriority
                0x080019f0       0x54 ./Drivers/STM32F4xx_HAL_Driver/Src/stm32f4xx_hal_cortex.o
 .text.NVIC_EncodePriority
                0x08001a44       0x66 ./Drivers/STM32F4xx_HAL_Driver/Src/stm32f4xx_hal_cortex.o
 *fill*         0x08001aaa        0x2 
 .text.SysTick_Config
                0x08001aac       0x44 ./Drivers/STM32F4xx_HAL_Driver/Src/stm32f4xx_hal_cortex.o
 .text.HAL_NVIC_SetPriorityGrouping
                0x08001af0       0x16 ./Drivers/STM32F4xx_HAL_Driver/Src/stm32f4xx_hal_cortex.o
                0x08001af0                HAL_NVIC_SetPriorityGrouping
 .text.HAL_NVIC_SetPriority
                0x08001b06       0x38 ./Drivers/STM32F4xx_HAL_Driver/Src/stm32f4xx_hal_cortex.o
                0x08001b06                HAL_NVIC_SetPriority
 .text.HAL_NVIC_EnableIRQ
                0x08001b3e       0x1c ./Drivers/STM32F4xx_HAL_Driver/Src/stm32f4xx_hal_cortex.o
                0x08001b3e                HAL_NVIC_EnableIRQ
 .text.HAL_SYSTICK_Config
                0x08001b5a       0x18 ./Drivers/STM32F4xx_HAL_Driver/Src/stm32f4xx_hal_cortex.o
                0x08001b5a                HAL_SYSTICK_Config
 .text.HAL_DMA_Abort
                0x08001b72       0xe0 ./Drivers/STM32F4xx_HAL_Driver/Src/stm32f4xx_hal_dma.o
                0x08001b72                HAL_DMA_Abort
 .text.HAL_DMA_Abort_IT
                0x08001c52       0x44 ./Drivers/STM32F4xx_HAL_Driver/Src/stm32f4xx_hal_dma.o
                0x08001c52                HAL_DMA_Abort_IT
 *fill*         0x08001c96        0x2 
 .text.HAL_GPIO_Init
                0x08001c98      0x308 ./Drivers/STM32F4xx_HAL_Driver/Src/stm32f4xx_hal_gpio.o
                0x08001c98                HAL_GPIO_Init
 .text.HAL_GPIO_WritePin
                0x08001fa0       0x32 ./Drivers/STM32F4xx_HAL_Driver/Src/stm32f4xx_hal_gpio.o
                0x08001fa0                HAL_GPIO_WritePin
 *fill*         0x08001fd2        0x2 
 .text.HAL_I2C_Init
                0x08001fd4      0x288 ./Drivers/STM32F4xx_HAL_Driver/Src/stm32f4xx_hal_i2c.o
                0x08001fd4                HAL_I2C_Init
 .text.HAL_RCC_OscConfig
                0x0800225c      0x4f0 ./Drivers/STM32F4xx_HAL_Driver/Src/stm32f4xx_hal_rcc.o
                0x0800225c                HAL_RCC_OscConfig
 .text.HAL_RCC_ClockConfig
                0x0800274c      0x1cc ./Drivers/STM32F4xx_HAL_Driver/Src/stm32f4xx_hal_rcc.o
                0x0800274c                HAL_RCC_ClockConfig
 .text.HAL_RCC_GetSysClockFreq
                0x08002918      0x20c ./Drivers/STM32F4xx_HAL_Driver/Src/stm32f4xx_hal_rcc.o
                0x08002918                HAL_RCC_GetSysClockFreq
 .text.HAL_RCC_GetHCLKFreq
                0x08002b24       0x18 ./Drivers/STM32F4xx_HAL_Driver/Src/stm32f4xx_hal_rcc.o
                0x08002b24                HAL_RCC_GetHCLKFreq
 .text.HAL_RCC_GetPCLK1Freq
                0x08002b3c       0x28 ./Drivers/STM32F4xx_HAL_Driver/Src/stm32f4xx_hal_rcc.o
                0x08002b3c                HAL_RCC_GetPCLK1Freq
 .text.HAL_RCC_GetPCLK2Freq
                0x08002b64       0x28 ./Drivers/STM32F4xx_HAL_Driver/Src/stm32f4xx_hal_rcc.o
                0x08002b64                HAL_RCC_GetPCLK2Freq
 .text.HAL_TIM_Base_Init
                0x08002b8c       0x9e ./Drivers/STM32F4xx_HAL_Driver/Src/stm32f4xx_hal_tim.o
                0x08002b8c                HAL_TIM_Base_Init
 .text.HAL_TIM_PWM_Init
                0x08002c2a       0x9e ./Drivers/STM32F4xx_HAL_Driver/Src/stm32f4xx_hal_tim.o
                0x08002c2a                HAL_TIM_PWM_Init
 .text.HAL_TIM_PWM_MspInit
                0x08002cc8       0x14 ./Drivers/STM32F4xx_HAL_Driver/Src/stm32f4xx_hal_tim.o
                0x08002cc8                HAL_TIM_PWM_MspInit
 .text.HAL_TIM_PWM_Start
                0x08002cdc      0x160 ./Drivers/STM32F4xx_HAL_Driver/Src/stm32f4xx_hal_tim.o
                0x08002cdc                HAL_TIM_PWM_Start
 .text.HAL_TIM_PWM_Stop
                0x08002e3c       0xc8 ./Drivers/STM32F4xx_HAL_Driver/Src/stm32f4xx_hal_tim.o
                0x08002e3c                HAL_TIM_PWM_Stop
 .text.HAL_TIM_PWM_ConfigChannel
                0x08002f04      0x184 ./Drivers/STM32F4xx_HAL_Driver/Src/stm32f4xx_hal_tim.o
                0x08002f04                HAL_TIM_PWM_ConfigChannel
 .text.HAL_TIM_ConfigClockSource
                0x08003088      0x18e ./Drivers/STM32F4xx_HAL_Driver/Src/stm32f4xx_hal_tim.o
                0x08003088                HAL_TIM_ConfigClockSource
 *fill*         0x08003216        0x2 
 .text.TIM_Base_SetConfig
                0x08003218      0x118 ./Drivers/STM32F4xx_HAL_Driver/Src/stm32f4xx_hal_tim.o
                0x08003218                TIM_Base_SetConfig
 .text.TIM_OC1_SetConfig
                0x08003330       0xcc ./Drivers/STM32F4xx_HAL_Driver/Src/stm32f4xx_hal_tim.o
 .text.TIM_OC2_SetConfig
                0x080033fc       0xd8 ./Drivers/STM32F4xx_HAL_Driver/Src/stm32f4xx_hal_tim.o
                0x080033fc                TIM_OC2_SetConfig
 .text.TIM_OC3_SetConfig
                0x080034d4       0xd4 ./Drivers/STM32F4xx_HAL_Driver/Src/stm32f4xx_hal_tim.o
 .text.TIM_OC4_SetConfig
                0x080035a8       0xa0 ./Drivers/STM32F4xx_HAL_Driver/Src/stm32f4xx_hal_tim.o
 .text.TIM_TI1_ConfigInputStage
                0x08003648       0x5e ./Drivers/STM32F4xx_HAL_Driver/Src/stm32f4xx_hal_tim.o
 .text.TIM_TI2_ConfigInputStage
                0x080036a6       0x60 ./Drivers/STM32F4xx_HAL_Driver/Src/stm32f4xx_hal_tim.o
 .text.TIM_ITRx_SetConfig
                0x08003706       0x36 ./Drivers/STM32F4xx_HAL_Driver/Src/stm32f4xx_hal_tim.o
 .text.TIM_ETR_SetConfig
                0x0800373c       0x40 ./Drivers/STM32F4xx_HAL_Driver/Src/stm32f4xx_hal_tim.o
                0x0800373c                TIM_ETR_SetConfig
 .text.TIM_CCxChannelCmd
                0x0800377c       0x4a ./Drivers/STM32F4xx_HAL_Driver/Src/stm32f4xx_hal_tim.o
                0x0800377c                TIM_CCxChannelCmd
 *fill*         0x080037c6        0x2 
 .text.HAL_TIMEx_MasterConfigSynchronization
                0x080037c8       0xdc ./Drivers/STM32F4xx_HAL_Driver/Src/stm32f4xx_hal_tim_ex.o
                0x080037c8                HAL_TIMEx_MasterConfigSynchronization
 .text.HAL_UART_Init
                0x080038a4       0xa0 ./Drivers/STM32F4xx_HAL_Driver/Src/stm32f4xx_hal_uart.o
                0x080038a4                HAL_UART_Init
 .text.HAL_UART_Transmit
                0x08003944      0x116 ./Drivers/STM32F4xx_HAL_Driver/Src/stm32f4xx_hal_uart.o
                0x08003944                HAL_UART_Transmit
 .text.HAL_UART_Receive_IT
                0x08003a5a       0x4a ./Drivers/STM32F4xx_HAL_Driver/Src/stm32f4xx_hal_uart.o
                0x08003a5a                HAL_UART_Receive_IT
 .text.HAL_UART_IRQHandler
                0x08003aa4      0x524 ./Drivers/STM32F4xx_HAL_Driver/Src/stm32f4xx_hal_uart.o
                0x08003aa4                HAL_UART_IRQHandler
 .text.HAL_UART_TxCpltCallback
                0x08003fc8       0x14 ./Drivers/STM32F4xx_HAL_Driver/Src/stm32f4xx_hal_uart.o
                0x08003fc8                HAL_UART_TxCpltCallback
 .text.HAL_UART_ErrorCallback
                0x08003fdc       0x14 ./Drivers/STM32F4xx_HAL_Driver/Src/stm32f4xx_hal_uart.o
                0x08003fdc                HAL_UART_ErrorCallback
 .text.HAL_UARTEx_RxEventCallback
                0x08003ff0       0x18 ./Drivers/STM32F4xx_HAL_Driver/Src/stm32f4xx_hal_uart.o
                0x08003ff0                HAL_UARTEx_RxEventCallback
 .text.UART_WaitOnFlagUntilTimeout
                0x08004008       0xb2 ./Drivers/STM32F4xx_HAL_Driver/Src/stm32f4xx_hal_uart.o
 .text.UART_Start_Receive_IT
                0x080040ba       0x74 ./Drivers/STM32F4xx_HAL_Driver/Src/stm32f4xx_hal_uart.o
                0x080040ba                UART_Start_Receive_IT
 .text.UART_EndRxTransfer
                0x0800412e       0xc6 ./Drivers/STM32F4xx_HAL_Driver/Src/stm32f4xx_hal_uart.o
 .text.UART_DMAAbortOnError
                0x080041f4       0x28 ./Drivers/STM32F4xx_HAL_Driver/Src/stm32f4xx_hal_uart.o
 .text.UART_Transmit_IT
                0x0800421c       0xa0 ./Drivers/STM32F4xx_HAL_Driver/Src/stm32f4xx_hal_uart.o
 .text.UART_EndTransmit_IT
                0x080042bc       0x30 ./Drivers/STM32F4xx_HAL_Driver/Src/stm32f4xx_hal_uart.o
 .text.UART_Receive_IT
                0x080042ec      0x17c ./Drivers/STM32F4xx_HAL_Driver/Src/stm32f4xx_hal_uart.o
 .text.UART_SetConfig
                0x08004468      0x4e8 ./Drivers/STM32F4xx_HAL_Driver/Src/stm32f4xx_hal_uart.o
 .text.std      0x08004950       0x6c C:/ST/STM32CubeIDE_1.15.0/STM32CubeIDE/plugins/com.st.stm32cube.ide.mcu.externaltools.gnu-tools-for-stm32.12.3.rel1.win32_1.0.100.202403111256/tools/bin/../lib/gcc/arm-none-eabi/12.3.1/../../../../arm-none-eabi/lib/thumb/v7e-m+fp/hard\libc_nano.a(libc_a-findfp.o)
 .text.stdio_exit_handler
                0x080049bc       0x18 C:/ST/STM32CubeIDE_1.15.0/STM32CubeIDE/plugins/com.st.stm32cube.ide.mcu.externaltools.gnu-tools-for-stm32.12.3.rel1.win32_1.0.100.202403111256/tools/bin/../lib/gcc/arm-none-eabi/12.3.1/../../../../arm-none-eabi/lib/thumb/v7e-m+fp/hard\libc_nano.a(libc_a-findfp.o)
 .text.cleanup_stdio
                0x080049d4       0x40 C:/ST/STM32CubeIDE_1.15.0/STM32CubeIDE/plugins/com.st.stm32cube.ide.mcu.externaltools.gnu-tools-for-stm32.12.3.rel1.win32_1.0.100.202403111256/tools/bin/../lib/gcc/arm-none-eabi/12.3.1/../../../../arm-none-eabi/lib/thumb/v7e-m+fp/hard\libc_nano.a(libc_a-findfp.o)
 .text.global_stdio_init.part.0
                0x08004a14       0x3c C:/ST/STM32CubeIDE_1.15.0/STM32CubeIDE/plugins/com.st.stm32cube.ide.mcu.externaltools.gnu-tools-for-stm32.12.3.rel1.win32_1.0.100.202403111256/tools/bin/../lib/gcc/arm-none-eabi/12.3.1/../../../../arm-none-eabi/lib/thumb/v7e-m+fp/hard\libc_nano.a(libc_a-findfp.o)
 .text.__sfp_lock_acquire
                0x08004a50        0xc C:/ST/STM32CubeIDE_1.15.0/STM32CubeIDE/plugins/com.st.stm32cube.ide.mcu.externaltools.gnu-tools-for-stm32.12.3.rel1.win32_1.0.100.202403111256/tools/bin/../lib/gcc/arm-none-eabi/12.3.1/../../../../arm-none-eabi/lib/thumb/v7e-m+fp/hard\libc_nano.a(libc_a-findfp.o)
                0x08004a50                __sfp_lock_acquire
 .text.__sfp_lock_release
                0x08004a5c        0xc C:/ST/STM32CubeIDE_1.15.0/STM32CubeIDE/plugins/com.st.stm32cube.ide.mcu.externaltools.gnu-tools-for-stm32.12.3.rel1.win32_1.0.100.202403111256/tools/bin/../lib/gcc/arm-none-eabi/12.3.1/../../../../arm-none-eabi/lib/thumb/v7e-m+fp/hard\libc_nano.a(libc_a-findfp.o)
                0x08004a5c                __sfp_lock_release
 .text.__sinit  0x08004a68       0x30 C:/ST/STM32CubeIDE_1.15.0/STM32CubeIDE/plugins/com.st.stm32cube.ide.mcu.externaltools.gnu-tools-for-stm32.12.3.rel1.win32_1.0.100.202403111256/tools/bin/../lib/gcc/arm-none-eabi/12.3.1/../../../../arm-none-eabi/lib/thumb/v7e-m+fp/hard\libc_nano.a(libc_a-findfp.o)
                0x08004a68                __sinit
 .text._fwalk_sglue
                0x08004a98       0x3c C:/ST/STM32CubeIDE_1.15.0/STM32CubeIDE/plugins/com.st.stm32cube.ide.mcu.externaltools.gnu-tools-for-stm32.12.3.rel1.win32_1.0.100.202403111256/tools/bin/../lib/gcc/arm-none-eabi/12.3.1/../../../../arm-none-eabi/lib/thumb/v7e-m+fp/hard\libc_nano.a(libc_a-fwalk.o)
                0x08004a98                _fwalk_sglue
 .text.printf   0x08004ad4       0x24 C:/ST/STM32CubeIDE_1.15.0/STM32CubeIDE/plugins/com.st.stm32cube.ide.mcu.externaltools.gnu-tools-for-stm32.12.3.rel1.win32_1.0.100.202403111256/tools/bin/../lib/gcc/arm-none-eabi/12.3.1/../../../../arm-none-eabi/lib/thumb/v7e-m+fp/hard\libc_nano.a(libc_a-printf.o)
                0x08004ad4                iprintf
                0x08004ad4                printf
 .text._puts_r  0x08004af8       0xaa C:/ST/STM32CubeIDE_1.15.0/STM32CubeIDE/plugins/com.st.stm32cube.ide.mcu.externaltools.gnu-tools-for-stm32.12.3.rel1.win32_1.0.100.202403111256/tools/bin/../lib/gcc/arm-none-eabi/12.3.1/../../../../arm-none-eabi/lib/thumb/v7e-m+fp/hard\libc_nano.a(libc_a-puts.o)
                0x08004af8                _puts_r
 *fill*         0x08004ba2        0x2 
 .text.puts     0x08004ba4       0x10 C:/ST/STM32CubeIDE_1.15.0/STM32CubeIDE/plugins/com.st.stm32cube.ide.mcu.externaltools.gnu-tools-for-stm32.12.3.rel1.win32_1.0.100.202403111256/tools/bin/../lib/gcc/arm-none-eabi/12.3.1/../../../../arm-none-eabi/lib/thumb/v7e-m+fp/hard\libc_nano.a(libc_a-puts.o)
                0x08004ba4                puts
 .text.__sread  0x08004bb4       0x22 C:/ST/STM32CubeIDE_1.15.0/STM32CubeIDE/plugins/com.st.stm32cube.ide.mcu.externaltools.gnu-tools-for-stm32.12.3.rel1.win32_1.0.100.202403111256/tools/bin/../lib/gcc/arm-none-eabi/12.3.1/../../../../arm-none-eabi/lib/thumb/v7e-m+fp/hard\libc_nano.a(libc_a-stdio.o)
                0x08004bb4                __sread
 .text.__swrite
                0x08004bd6       0x38 C:/ST/STM32CubeIDE_1.15.0/STM32CubeIDE/plugins/com.st.stm32cube.ide.mcu.externaltools.gnu-tools-for-stm32.12.3.rel1.win32_1.0.100.202403111256/tools/bin/../lib/gcc/arm-none-eabi/12.3.1/../../../../arm-none-eabi/lib/thumb/v7e-m+fp/hard\libc_nano.a(libc_a-stdio.o)
                0x08004bd6                __swrite
 .text.__sseek  0x08004c0e       0x24 C:/ST/STM32CubeIDE_1.15.0/STM32CubeIDE/plugins/com.st.stm32cube.ide.mcu.externaltools.gnu-tools-for-stm32.12.3.rel1.win32_1.0.100.202403111256/tools/bin/../lib/gcc/arm-none-eabi/12.3.1/../../../../arm-none-eabi/lib/thumb/v7e-m+fp/hard\libc_nano.a(libc_a-stdio.o)
                0x08004c0e                __sseek
 .text.__sclose
                0x08004c32        0x8 C:/ST/STM32CubeIDE_1.15.0/STM32CubeIDE/plugins/com.st.stm32cube.ide.mcu.externaltools.gnu-tools-for-stm32.12.3.rel1.win32_1.0.100.202403111256/tools/bin/../lib/gcc/arm-none-eabi/12.3.1/../../../../arm-none-eabi/lib/thumb/v7e-m+fp/hard\libc_nano.a(libc_a-stdio.o)
                0x08004c32                __sclose
 .text.__swbuf_r
                0x08004c3a       0x7c C:/ST/STM32CubeIDE_1.15.0/STM32CubeIDE/plugins/com.st.stm32cube.ide.mcu.externaltools.gnu-tools-for-stm32.12.3.rel1.win32_1.0.100.202403111256/tools/bin/../lib/gcc/arm-none-eabi/12.3.1/../../../../arm-none-eabi/lib/thumb/v7e-m+fp/hard\libc_nano.a(libc_a-wbuf.o)
                0x08004c3a                __swbuf_r
 *fill*         0x08004cb6        0x2 
 .text.__swsetup_r
                0x08004cb8       0xac C:/ST/STM32CubeIDE_1.15.0/STM32CubeIDE/plugins/com.st.stm32cube.ide.mcu.externaltools.gnu-tools-for-stm32.12.3.rel1.win32_1.0.100.202403111256/tools/bin/../lib/gcc/arm-none-eabi/12.3.1/../../../../arm-none-eabi/lib/thumb/v7e-m+fp/hard\libc_nano.a(libc_a-wsetup.o)
                0x08004cb8                __swsetup_r
 .text.memset   0x08004d64       0x10 C:/ST/STM32CubeIDE_1.15.0/STM32CubeIDE/plugins/com.st.stm32cube.ide.mcu.externaltools.gnu-tools-for-stm32.12.3.rel1.win32_1.0.100.202403111256/tools/bin/../lib/gcc/arm-none-eabi/12.3.1/../../../../arm-none-eabi/lib/thumb/v7e-m+fp/hard\libc_nano.a(libc_a-memset.o)
                0x08004d64                memset
 .text._close_r
                0x08004d74       0x20 C:/ST/STM32CubeIDE_1.15.0/STM32CubeIDE/plugins/com.st.stm32cube.ide.mcu.externaltools.gnu-tools-for-stm32.12.3.rel1.win32_1.0.100.202403111256/tools/bin/../lib/gcc/arm-none-eabi/12.3.1/../../../../arm-none-eabi/lib/thumb/v7e-m+fp/hard\libc_nano.a(libc_a-closer.o)
                0x08004d74                _close_r
 .text._lseek_r
                0x08004d94       0x24 C:/ST/STM32CubeIDE_1.15.0/STM32CubeIDE/plugins/com.st.stm32cube.ide.mcu.externaltools.gnu-tools-for-stm32.12.3.rel1.win32_1.0.100.202403111256/tools/bin/../lib/gcc/arm-none-eabi/12.3.1/../../../../arm-none-eabi/lib/thumb/v7e-m+fp/hard\libc_nano.a(libc_a-lseekr.o)
                0x08004d94                _lseek_r
 .text._read_r  0x08004db8       0x24 C:/ST/STM32CubeIDE_1.15.0/STM32CubeIDE/plugins/com.st.stm32cube.ide.mcu.externaltools.gnu-tools-for-stm32.12.3.rel1.win32_1.0.100.202403111256/tools/bin/../lib/gcc/arm-none-eabi/12.3.1/../../../../arm-none-eabi/lib/thumb/v7e-m+fp/hard\libc_nano.a(libc_a-readr.o)
                0x08004db8                _read_r
 .text._write_r
                0x08004ddc       0x24 C:/ST/STM32CubeIDE_1.15.0/STM32CubeIDE/plugins/com.st.stm32cube.ide.mcu.externaltools.gnu-tools-for-stm32.12.3.rel1.win32_1.0.100.202403111256/tools/bin/../lib/gcc/arm-none-eabi/12.3.1/../../../../arm-none-eabi/lib/thumb/v7e-m+fp/hard\libc_nano.a(libc_a-writer.o)
                0x08004ddc                _write_r
 .text.__errno  0x08004e00        0xc C:/ST/STM32CubeIDE_1.15.0/STM32CubeIDE/plugins/com.st.stm32cube.ide.mcu.externaltools.gnu-tools-for-stm32.12.3.rel1.win32_1.0.100.202403111256/tools/bin/../lib/gcc/arm-none-eabi/12.3.1/../../../../arm-none-eabi/lib/thumb/v7e-m+fp/hard\libc_nano.a(libc_a-errno.o)
                0x08004e00                __errno
 .text.__libc_init_array
                0x08004e0c       0x48 C:/ST/STM32CubeIDE_1.15.0/STM32CubeIDE/plugins/com.st.stm32cube.ide.mcu.externaltools.gnu-tools-for-stm32.12.3.rel1.win32_1.0.100.202403111256/tools/bin/../lib/gcc/arm-none-eabi/12.3.1/../../../../arm-none-eabi/lib/thumb/v7e-m+fp/hard\libc_nano.a(libc_a-init.o)
                0x08004e0c                __libc_init_array
 .text.__retarget_lock_init_recursive
                0x08004e54        0x2 C:/ST/STM32CubeIDE_1.15.0/STM32CubeIDE/plugins/com.st.stm32cube.ide.mcu.externaltools.gnu-tools-for-stm32.12.3.rel1.win32_1.0.100.202403111256/tools/bin/../lib/gcc/arm-none-eabi/12.3.1/../../../../arm-none-eabi/lib/thumb/v7e-m+fp/hard\libc_nano.a(libc_a-lock.o)
                0x08004e54                __retarget_lock_init_recursive
 .text.__retarget_lock_acquire_recursive
                0x08004e56        0x2 C:/ST/STM32CubeIDE_1.15.0/STM32CubeIDE/plugins/com.st.stm32cube.ide.mcu.externaltools.gnu-tools-for-stm32.12.3.rel1.win32_1.0.100.202403111256/tools/bin/../lib/gcc/arm-none-eabi/12.3.1/../../../../arm-none-eabi/lib/thumb/v7e-m+fp/hard\libc_nano.a(libc_a-lock.o)
                0x08004e56                __retarget_lock_acquire_recursive
 .text.__retarget_lock_release_recursive
                0x08004e58        0x2 C:/ST/STM32CubeIDE_1.15.0/STM32CubeIDE/plugins/com.st.stm32cube.ide.mcu.externaltools.gnu-tools-for-stm32.12.3.rel1.win32_1.0.100.202403111256/tools/bin/../lib/gcc/arm-none-eabi/12.3.1/../../../../arm-none-eabi/lib/thumb/v7e-m+fp/hard\libc_nano.a(libc_a-lock.o)
                0x08004e58                __retarget_lock_release_recursive
 *fill*         0x08004e5a        0x2 
 .text._free_r  0x08004e5c       0x94 C:/ST/STM32CubeIDE_1.15.0/STM32CubeIDE/plugins/com.st.stm32cube.ide.mcu.externaltools.gnu-tools-for-stm32.12.3.rel1.win32_1.0.100.202403111256/tools/bin/../lib/gcc/arm-none-eabi/12.3.1/../../../../arm-none-eabi/lib/thumb/v7e-m+fp/hard\libc_nano.a(libc_a-freer.o)
                0x08004e5c                _free_r
 .text.sbrk_aligned
                0x08004ef0       0x44 C:/ST/STM32CubeIDE_1.15.0/STM32CubeIDE/plugins/com.st.stm32cube.ide.mcu.externaltools.gnu-tools-for-stm32.12.3.rel1.win32_1.0.100.202403111256/tools/bin/../lib/gcc/arm-none-eabi/12.3.1/../../../../arm-none-eabi/lib/thumb/v7e-m+fp/hard\libc_nano.a(libc_a-mallocr.o)
 .text._malloc_r
                0x08004f34      0x100 C:/ST/STM32CubeIDE_1.15.0/STM32CubeIDE/plugins/com.st.stm32cube.ide.mcu.externaltools.gnu-tools-for-stm32.12.3.rel1.win32_1.0.100.202403111256/tools/bin/../lib/gcc/arm-none-eabi/12.3.1/../../../../arm-none-eabi/lib/thumb/v7e-m+fp/hard\libc_nano.a(libc_a-mallocr.o)
                0x08004f34                _malloc_r
 .text.__malloc_lock
                0x08005034        0xc C:/ST/STM32CubeIDE_1.15.0/STM32CubeIDE/plugins/com.st.stm32cube.ide.mcu.externaltools.gnu-tools-for-stm32.12.3.rel1.win32_1.0.100.202403111256/tools/bin/../lib/gcc/arm-none-eabi/12.3.1/../../../../arm-none-eabi/lib/thumb/v7e-m+fp/hard\libc_nano.a(libc_a-mlock.o)
                0x08005034                __malloc_lock
 .text.__malloc_unlock
                0x08005040        0xc C:/ST/STM32CubeIDE_1.15.0/STM32CubeIDE/plugins/com.st.stm32cube.ide.mcu.externaltools.gnu-tools-for-stm32.12.3.rel1.win32_1.0.100.202403111256/tools/bin/../lib/gcc/arm-none-eabi/12.3.1/../../../../arm-none-eabi/lib/thumb/v7e-m+fp/hard\libc_nano.a(libc_a-mlock.o)
                0x08005040                __malloc_unlock
 .text.__sfputc_r
                0x0800504c       0x2e C:/ST/STM32CubeIDE_1.15.0/STM32CubeIDE/plugins/com.st.stm32cube.ide.mcu.externaltools.gnu-tools-for-stm32.12.3.rel1.win32_1.0.100.202403111256/tools/bin/../lib/gcc/arm-none-eabi/12.3.1/../../../../arm-none-eabi/lib/thumb/v7e-m+fp/hard\libc_nano.a(libc_a-nano-vfprintf.o)
 .text.__sfputs_r
                0x0800507a       0x24 C:/ST/STM32CubeIDE_1.15.0/STM32CubeIDE/plugins/com.st.stm32cube.ide.mcu.externaltools.gnu-tools-for-stm32.12.3.rel1.win32_1.0.100.202403111256/tools/bin/../lib/gcc/arm-none-eabi/12.3.1/../../../../arm-none-eabi/lib/thumb/v7e-m+fp/hard\libc_nano.a(libc_a-nano-vfprintf.o)
                0x0800507a                __sfputs_r
 *fill*         0x0800509e        0x2 
 .text._vfprintf_r
                0x080050a0      0x230 C:/ST/STM32CubeIDE_1.15.0/STM32CubeIDE/plugins/com.st.stm32cube.ide.mcu.externaltools.gnu-tools-for-stm32.12.3.rel1.win32_1.0.100.202403111256/tools/bin/../lib/gcc/arm-none-eabi/12.3.1/../../../../arm-none-eabi/lib/thumb/v7e-m+fp/hard\libc_nano.a(libc_a-nano-vfprintf.o)
                0x080050a0                _vfprintf_r
                0x080050a0                _vfiprintf_r
 .text._printf_common
                0x080052d0       0xda C:/ST/STM32CubeIDE_1.15.0/STM32CubeIDE/plugins/com.st.stm32cube.ide.mcu.externaltools.gnu-tools-for-stm32.12.3.rel1.win32_1.0.100.202403111256/tools/bin/../lib/gcc/arm-none-eabi/12.3.1/../../../../arm-none-eabi/lib/thumb/v7e-m+fp/hard\libc_nano.a(libc_a-nano-vfprintf_i.o)
                0x080052d0                _printf_common
 *fill*         0x080053aa        0x2 
 .text._printf_i
                0x080053ac      0x240 C:/ST/STM32CubeIDE_1.15.0/STM32CubeIDE/plugins/com.st.stm32cube.ide.mcu.externaltools.gnu-tools-for-stm32.12.3.rel1.win32_1.0.100.202403111256/tools/bin/../lib/gcc/arm-none-eabi/12.3.1/../../../../arm-none-eabi/lib/thumb/v7e-m+fp/hard\libc_nano.a(libc_a-nano-vfprintf_i.o)
                0x080053ac                _printf_i
 .text.__sflush_r
                0x080055ec      0x108 C:/ST/STM32CubeIDE_1.15.0/STM32CubeIDE/plugins/com.st.stm32cube.ide.mcu.externaltools.gnu-tools-for-stm32.12.3.rel1.win32_1.0.100.202403111256/tools/bin/../lib/gcc/arm-none-eabi/12.3.1/../../../../arm-none-eabi/lib/thumb/v7e-m+fp/hard\libc_nano.a(libc_a-fflush.o)
                0x080055ec                __sflush_r
 .text._fflush_r
                0x080056f4       0x50 C:/ST/STM32CubeIDE_1.15.0/STM32CubeIDE/plugins/com.st.stm32cube.ide.mcu.externaltools.gnu-tools-for-stm32.12.3.rel1.win32_1.0.100.202403111256/tools/bin/../lib/gcc/arm-none-eabi/12.3.1/../../../../arm-none-eabi/lib/thumb/v7e-m+fp/hard\libc_nano.a(libc_a-fflush.o)
                0x080056f4                _fflush_r
 .text.__swhatbuf_r
                0x08005744       0x4c C:/ST/STM32CubeIDE_1.15.0/STM32CubeIDE/plugins/com.st.stm32cube.ide.mcu.externaltools.gnu-tools-for-stm32.12.3.rel1.win32_1.0.100.202403111256/tools/bin/../lib/gcc/arm-none-eabi/12.3.1/../../../../arm-none-eabi/lib/thumb/v7e-m+fp/hard\libc_nano.a(libc_a-makebuf.o)
                0x08005744                __swhatbuf_r
 .text.__smakebuf_r
                0x08005790       0x78 C:/ST/STM32CubeIDE_1.15.0/STM32CubeIDE/plugins/com.st.stm32cube.ide.mcu.externaltools.gnu-tools-for-stm32.12.3.rel1.win32_1.0.100.202403111256/tools/bin/../lib/gcc/arm-none-eabi/12.3.1/../../../../arm-none-eabi/lib/thumb/v7e-m+fp/hard\libc_nano.a(libc_a-makebuf.o)
                0x08005790                __smakebuf_r
 .text._fstat_r
                0x08005808       0x24 C:/ST/STM32CubeIDE_1.15.0/STM32CubeIDE/plugins/com.st.stm32cube.ide.mcu.externaltools.gnu-tools-for-stm32.12.3.rel1.win32_1.0.100.202403111256/tools/bin/../lib/gcc/arm-none-eabi/12.3.1/../../../../arm-none-eabi/lib/thumb/v7e-m+fp/hard\libc_nano.a(libc_a-fstatr.o)
                0x08005808                _fstat_r
 .text._isatty_r
                0x0800582c       0x20 C:/ST/STM32CubeIDE_1.15.0/STM32CubeIDE/plugins/com.st.stm32cube.ide.mcu.externaltools.gnu-tools-for-stm32.12.3.rel1.win32_1.0.100.202403111256/tools/bin/../lib/gcc/arm-none-eabi/12.3.1/../../../../arm-none-eabi/lib/thumb/v7e-m+fp/hard\libc_nano.a(libc_a-isattyr.o)
                0x0800582c                _isatty_r
 .text._sbrk_r  0x0800584c       0x20 C:/ST/STM32CubeIDE_1.15.0/STM32CubeIDE/plugins/com.st.stm32cube.ide.mcu.externaltools.gnu-tools-for-stm32.12.3.rel1.win32_1.0.100.202403111256/tools/bin/../lib/gcc/arm-none-eabi/12.3.1/../../../../arm-none-eabi/lib/thumb/v7e-m+fp/hard\libc_nano.a(libc_a-sbrkr.o)
                0x0800584c                _sbrk_r
 *(.glue_7)
 .glue_7        0x0800586c        0x0 linker stubs
 *(.glue_7t)
 .glue_7t       0x0800586c        0x0 linker stubs
 *(.eh_frame)
 .eh_frame      0x0800586c        0x0 C:/ST/STM32CubeIDE_1.15.0/STM32CubeIDE/plugins/com.st.stm32cube.ide.mcu.externaltools.gnu-tools-for-stm32.12.3.rel1.win32_1.0.100.202403111256/tools/bin/../lib/gcc/arm-none-eabi/12.3.1/thumb/v7e-m+fp/hard/crtbegin.o
 *(.init)
 .init          0x0800586c        0x4 C:/ST/STM32CubeIDE_1.15.0/STM32CubeIDE/plugins/com.st.stm32cube.ide.mcu.externaltools.gnu-tools-for-stm32.12.3.rel1.win32_1.0.100.202403111256/tools/bin/../lib/gcc/arm-none-eabi/12.3.1/thumb/v7e-m+fp/hard/crti.o
                0x0800586c                _init
 .init          0x08005870        0x8 C:/ST/STM32CubeIDE_1.15.0/STM32CubeIDE/plugins/com.st.stm32cube.ide.mcu.externaltools.gnu-tools-for-stm32.12.3.rel1.win32_1.0.100.202403111256/tools/bin/../lib/gcc/arm-none-eabi/12.3.1/thumb/v7e-m+fp/hard/crtn.o
 *(.fini)
 .fini          0x08005878        0x4 C:/ST/STM32CubeIDE_1.15.0/STM32CubeIDE/plugins/com.st.stm32cube.ide.mcu.externaltools.gnu-tools-for-stm32.12.3.rel1.win32_1.0.100.202403111256/tools/bin/../lib/gcc/arm-none-eabi/12.3.1/thumb/v7e-m+fp/hard/crti.o
                0x08005878                _fini
 .fini          0x0800587c        0x8 C:/ST/STM32CubeIDE_1.15.0/STM32CubeIDE/plugins/com.st.stm32cube.ide.mcu.externaltools.gnu-tools-for-stm32.12.3.rel1.win32_1.0.100.202403111256/tools/bin/../lib/gcc/arm-none-eabi/12.3.1/thumb/v7e-m+fp/hard/crtn.o
                0x08005884                        . = ALIGN (0x4)
                0x08005884                        _etext = .

.vfp11_veneer   0x08005884        0x0
 .vfp11_veneer  0x08005884        0x0 linker stubs

.v4_bx          0x08005884        0x0
 .v4_bx         0x08005884        0x0 linker stubs

.iplt           0x08005884        0x0
 .iplt          0x08005884        0x0 C:/ST/STM32CubeIDE_1.15.0/STM32CubeIDE/plugins/com.st.stm32cube.ide.mcu.externaltools.gnu-tools-for-stm32.12.3.rel1.win32_1.0.100.202403111256/tools/bin/../lib/gcc/arm-none-eabi/12.3.1/thumb/v7e-m+fp/hard/crtbegin.o

.rodata         0x08005884       0xdc
                0x08005884                        . = ALIGN (0x4)
 *(.rodata)
 .rodata        0x08005884       0x3c ./Core/AP/RC_Car/Listener.o
 .rodata        0x080058c0       0x53 ./Core/AP/RC_Car/Presenter.o
 *(.rodata*)
 *fill*         0x08005913        0x1 
 .rodata.AHBPrescTable
                0x08005914       0x10 ./Core/Src/system_stm32f4xx.o
                0x08005914                AHBPrescTable
 .rodata.APBPrescTable
                0x08005924        0x8 ./Core/Src/system_stm32f4xx.o
                0x08005924                APBPrescTable
 .rodata._vfprintf_r.str1.1
                0x0800592c       0x11 C:/ST/STM32CubeIDE_1.15.0/STM32CubeIDE/plugins/com.st.stm32cube.ide.mcu.externaltools.gnu-tools-for-stm32.12.3.rel1.win32_1.0.100.202403111256/tools/bin/../lib/gcc/arm-none-eabi/12.3.1/../../../../arm-none-eabi/lib/thumb/v7e-m+fp/hard\libc_nano.a(libc_a-nano-vfprintf.o)
 .rodata._printf_i.str1.1
                0x0800593d       0x22 C:/ST/STM32CubeIDE_1.15.0/STM32CubeIDE/plugins/com.st.stm32cube.ide.mcu.externaltools.gnu-tools-for-stm32.12.3.rel1.win32_1.0.100.202403111256/tools/bin/../lib/gcc/arm-none-eabi/12.3.1/../../../../arm-none-eabi/lib/thumb/v7e-m+fp/hard\libc_nano.a(libc_a-nano-vfprintf_i.o)
                0x08005960                        . = ALIGN (0x4)
 *fill*         0x0800595f        0x1 

.ARM.extab      0x08005960        0x0
                0x08005960                        . = ALIGN (0x4)
 *(.ARM.extab* .gnu.linkonce.armextab.*)
                0x08005960                        . = ALIGN (0x4)

.ARM            0x08005960        0x8
                0x08005960                        . = ALIGN (0x4)
                0x08005960                        __exidx_start = .
 *(.ARM.exidx*)
 .ARM.exidx     0x08005960        0x8 C:/ST/STM32CubeIDE_1.15.0/STM32CubeIDE/plugins/com.st.stm32cube.ide.mcu.externaltools.gnu-tools-for-stm32.12.3.rel1.win32_1.0.100.202403111256/tools/bin/../lib/gcc/arm-none-eabi/12.3.1/../../../../arm-none-eabi/lib/thumb/v7e-m+fp/hard\libc_nano.a(libc_a-strcmp.o)
 .ARM.exidx     0x08005968        0x0 C:/ST/STM32CubeIDE_1.15.0/STM32CubeIDE/plugins/com.st.stm32cube.ide.mcu.externaltools.gnu-tools-for-stm32.12.3.rel1.win32_1.0.100.202403111256/tools/bin/../lib/gcc/arm-none-eabi/12.3.1/../../../../arm-none-eabi/lib/thumb/v7e-m+fp/hard\libc_nano.a(libc_a-memchr.o)
                                  0x8 (size before relaxing)
 .ARM.exidx     0x08005968        0x0 C:/ST/STM32CubeIDE_1.15.0/STM32CubeIDE/plugins/com.st.stm32cube.ide.mcu.externaltools.gnu-tools-for-stm32.12.3.rel1.win32_1.0.100.202403111256/tools/bin/../lib/gcc/arm-none-eabi/12.3.1/thumb/v7e-m+fp/hard\libgcc.a(_udivmoddi4.o)
                                  0x8 (size before relaxing)
                0x08005968                        __exidx_end = .
                0x08005968                        . = ALIGN (0x4)

.preinit_array  0x08005968        0x0
                0x08005968                        . = ALIGN (0x4)
                0x08005968                        PROVIDE (__preinit_array_start = .)
 *(.preinit_array*)
                0x08005968                        PROVIDE (__preinit_array_end = .)
                0x08005968                        . = ALIGN (0x4)

.init_array     0x08005968        0x4
                0x08005968                        . = ALIGN (0x4)
                0x08005968                        PROVIDE (__init_array_start = .)
 *(SORT_BY_NAME(.init_array.*))
 *(.init_array*)
 .init_array    0x08005968        0x4 C:/ST/STM32CubeIDE_1.15.0/STM32CubeIDE/plugins/com.st.stm32cube.ide.mcu.externaltools.gnu-tools-for-stm32.12.3.rel1.win32_1.0.100.202403111256/tools/bin/../lib/gcc/arm-none-eabi/12.3.1/thumb/v7e-m+fp/hard/crtbegin.o
                0x0800596c                        PROVIDE (__init_array_end = .)
                0x0800596c                        . = ALIGN (0x4)

.fini_array     0x0800596c        0x4
                0x0800596c                        . = ALIGN (0x4)
                [!provide]                        PROVIDE (__fini_array_start = .)
 *(SORT_BY_NAME(.fini_array.*))
 *(.fini_array*)
 .fini_array    0x0800596c        0x4 C:/ST/STM32CubeIDE_1.15.0/STM32CubeIDE/plugins/com.st.stm32cube.ide.mcu.externaltools.gnu-tools-for-stm32.12.3.rel1.win32_1.0.100.202403111256/tools/bin/../lib/gcc/arm-none-eabi/12.3.1/thumb/v7e-m+fp/hard/crtbegin.o
                [!provide]                        PROVIDE (__fini_array_end = .)
                0x08005970                        . = ALIGN (0x4)
                0x08005970                        _sidata = LOADADDR (.data)

.rel.dyn        0x08005970        0x0
 .rel.iplt      0x08005970        0x0 C:/ST/STM32CubeIDE_1.15.0/STM32CubeIDE/plugins/com.st.stm32cube.ide.mcu.externaltools.gnu-tools-for-stm32.12.3.rel1.win32_1.0.100.202403111256/tools/bin/../lib/gcc/arm-none-eabi/12.3.1/thumb/v7e-m+fp/hard/crtbegin.o

.data           0x20000000       0x68 load address 0x08005970
                0x20000000                        . = ALIGN (0x4)
                0x20000000                        _sdata = .
 *(.data)
 *(.data*)
 .data.SystemCoreClock
                0x20000000        0x4 ./Core/Src/system_stm32f4xx.o
                0x20000000                SystemCoreClock
 .data.uwTickPrio
                0x20000004        0x4 ./Drivers/STM32F4xx_HAL_Driver/Src/stm32f4xx_hal.o
                0x20000004                uwTickPrio
 .data.uwTickFreq
                0x20000008        0x1 ./Drivers/STM32F4xx_HAL_Driver/Src/stm32f4xx_hal.o
                0x20000008                uwTickFreq
 *fill*         0x20000009        0x3 
 .data.__sglue  0x2000000c        0xc C:/ST/STM32CubeIDE_1.15.0/STM32CubeIDE/plugins/com.st.stm32cube.ide.mcu.externaltools.gnu-tools-for-stm32.12.3.rel1.win32_1.0.100.202403111256/tools/bin/../lib/gcc/arm-none-eabi/12.3.1/../../../../arm-none-eabi/lib/thumb/v7e-m+fp/hard\libc_nano.a(libc_a-findfp.o)
                0x2000000c                __sglue
 .data._impure_ptr
                0x20000018        0x4 C:/ST/STM32CubeIDE_1.15.0/STM32CubeIDE/plugins/com.st.stm32cube.ide.mcu.externaltools.gnu-tools-for-stm32.12.3.rel1.win32_1.0.100.202403111256/tools/bin/../lib/gcc/arm-none-eabi/12.3.1/../../../../arm-none-eabi/lib/thumb/v7e-m+fp/hard\libc_nano.a(libc_a-impure.o)
                0x20000018                _impure_ptr
 .data._impure_data
                0x2000001c       0x4c C:/ST/STM32CubeIDE_1.15.0/STM32CubeIDE/plugins/com.st.stm32cube.ide.mcu.externaltools.gnu-tools-for-stm32.12.3.rel1.win32_1.0.100.202403111256/tools/bin/../lib/gcc/arm-none-eabi/12.3.1/../../../../arm-none-eabi/lib/thumb/v7e-m+fp/hard\libc_nano.a(libc_a-impure.o)
                0x2000001c                _impure_data
 *(.RamFunc)
 *(.RamFunc*)
                0x20000068                        . = ALIGN (0x4)
                0x20000068                        _edata = .

.igot.plt       0x20000068        0x0 load address 0x080059d8
 .igot.plt      0x20000068        0x0 C:/ST/STM32CubeIDE_1.15.0/STM32CubeIDE/plugins/com.st.stm32cube.ide.mcu.externaltools.gnu-tools-for-stm32.12.3.rel1.win32_1.0.100.202403111256/tools/bin/../lib/gcc/arm-none-eabi/12.3.1/thumb/v7e-m+fp/hard/crtbegin.o
                0x20000068                        . = ALIGN (0x4)

.bss            0x20000068      0x3a8 load address 0x080059d8
                0x20000068                        _sbss = .
                0x20000068                        __bss_start__ = _sbss
 *(.bss)
 .bss           0x20000068       0x1c C:/ST/STM32CubeIDE_1.15.0/STM32CubeIDE/plugins/com.st.stm32cube.ide.mcu.externaltools.gnu-tools-for-stm32.12.3.rel1.win32_1.0.100.202403111256/tools/bin/../lib/gcc/arm-none-eabi/12.3.1/thumb/v7e-m+fp/hard/crtbegin.o
 *(.bss*)
 .bss.rcvData   0x20000084        0x1 ./Core/AP/AP_Main.o
                0x20000084                rcvData
 .bss.prevCarModeState
                0x20000085        0x1 ./Core/AP/RC_Car/Controller.o
                0x20000085                prevCarModeState
 .bss.MotorSpeed
                0x20000086        0x2 ./Core/AP/RC_Car/Controller.o
                0x20000086                MotorSpeed
 .bss.turnDiffSpeed
                0x20000088        0x2 ./Core/AP/RC_Car/Controller.o
                0x20000088                turnDiffSpeed
 *fill*         0x2000008a        0x2 
 .bss.CarModeBuf
                0x2000008c       0x14 ./Core/AP/RC_Car/Listener.o
                0x2000008c                CarModeBuf
 .bss.index_carmodebuf
                0x200000a0        0x1 ./Core/AP/RC_Car/Listener.o
                0x200000a0                index_carmodebuf
 .bss.CarModeState_Li
                0x200000a1        0x1 ./Core/AP/RC_Car/Listener.o
                0x200000a1                CarModeState_Li
 *fill*         0x200000a2        0x2 
 .bss.carmodeQue
                0x200000a4       0x70 ./Core/AP/RC_Car/Queue_Car.o
                0x200000a4                carmodeQue
 .bss.hLeftMotor
                0x20000114       0x18 ./Core/AP/RC_Car/defineModel.o
                0x20000114                hLeftMotor
 .bss.hRightMotor
                0x2000012c       0x18 ./Core/AP/RC_Car/defineModel.o
                0x2000012c                hRightMotor
 .bss.CarModeState_Mo
                0x20000144        0x1 ./Core/AP/RC_Car/defineModel.o
                0x20000144                CarModeState_Mo
 *fill*         0x20000145        0x3 
 .bss.hi2c1     0x20000148       0x54 ./Core/Src/main.o
                0x20000148                hi2c1
 .bss.htim1     0x2000019c       0x48 ./Core/Src/main.o
                0x2000019c                htim1
 .bss.htim2     0x200001e4       0x48 ./Core/Src/main.o
                0x200001e4                htim2
 .bss.htim3     0x2000022c       0x48 ./Core/Src/main.o
                0x2000022c                htim3
 .bss.huart2    0x20000274       0x48 ./Core/Src/main.o
                0x20000274                huart2
 .bss.__sbrk_heap_end
                0x200002bc        0x4 ./Core/Src/sysmem.o
 .bss.uwTick    0x200002c0        0x4 ./Drivers/STM32F4xx_HAL_Driver/Src/stm32f4xx_hal.o
                0x200002c0                uwTick
 .bss.__sf      0x200002c4      0x138 C:/ST/STM32CubeIDE_1.15.0/STM32CubeIDE/plugins/com.st.stm32cube.ide.mcu.externaltools.gnu-tools-for-stm32.12.3.rel1.win32_1.0.100.202403111256/tools/bin/../lib/gcc/arm-none-eabi/12.3.1/../../../../arm-none-eabi/lib/thumb/v7e-m+fp/hard\libc_nano.a(libc_a-findfp.o)
                0x200002c4                __sf
 .bss.__stdio_exit_handler
                0x200003fc        0x4 C:/ST/STM32CubeIDE_1.15.0/STM32CubeIDE/plugins/com.st.stm32cube.ide.mcu.externaltools.gnu-tools-for-stm32.12.3.rel1.win32_1.0.100.202403111256/tools/bin/../lib/gcc/arm-none-eabi/12.3.1/../../../../arm-none-eabi/lib/thumb/v7e-m+fp/hard\libc_nano.a(libc_a-findfp.o)
                0x200003fc                __stdio_exit_handler
 .bss.errno     0x20000400        0x4 C:/ST/STM32CubeIDE_1.15.0/STM32CubeIDE/plugins/com.st.stm32cube.ide.mcu.externaltools.gnu-tools-for-stm32.12.3.rel1.win32_1.0.100.202403111256/tools/bin/../lib/gcc/arm-none-eabi/12.3.1/../../../../arm-none-eabi/lib/thumb/v7e-m+fp/hard\libc_nano.a(libc_a-reent.o)
                0x20000400                errno
 .bss.__lock___malloc_recursive_mutex
                0x20000404        0x1 C:/ST/STM32CubeIDE_1.15.0/STM32CubeIDE/plugins/com.st.stm32cube.ide.mcu.externaltools.gnu-tools-for-stm32.12.3.rel1.win32_1.0.100.202403111256/tools/bin/../lib/gcc/arm-none-eabi/12.3.1/../../../../arm-none-eabi/lib/thumb/v7e-m+fp/hard\libc_nano.a(libc_a-lock.o)
                0x20000404                __lock___malloc_recursive_mutex
 .bss.__lock___sfp_recursive_mutex
                0x20000405        0x1 C:/ST/STM32CubeIDE_1.15.0/STM32CubeIDE/plugins/com.st.stm32cube.ide.mcu.externaltools.gnu-tools-for-stm32.12.3.rel1.win32_1.0.100.202403111256/tools/bin/../lib/gcc/arm-none-eabi/12.3.1/../../../../arm-none-eabi/lib/thumb/v7e-m+fp/hard\libc_nano.a(libc_a-lock.o)
                0x20000405                __lock___sfp_recursive_mutex
 *fill*         0x20000406        0x2 
 .bss.__malloc_sbrk_start
                0x20000408        0x4 C:/ST/STM32CubeIDE_1.15.0/STM32CubeIDE/plugins/com.st.stm32cube.ide.mcu.externaltools.gnu-tools-for-stm32.12.3.rel1.win32_1.0.100.202403111256/tools/bin/../lib/gcc/arm-none-eabi/12.3.1/../../../../arm-none-eabi/lib/thumb/v7e-m+fp/hard\libc_nano.a(libc_a-mallocr.o)
                0x20000408                __malloc_sbrk_start
 .bss.__malloc_free_list
                0x2000040c        0x4 C:/ST/STM32CubeIDE_1.15.0/STM32CubeIDE/plugins/com.st.stm32cube.ide.mcu.externaltools.gnu-tools-for-stm32.12.3.rel1.win32_1.0.100.202403111256/tools/bin/../lib/gcc/arm-none-eabi/12.3.1/../../../../arm-none-eabi/lib/thumb/v7e-m+fp/hard\libc_nano.a(libc_a-mallocr.o)
                0x2000040c                __malloc_free_list
 *(COMMON)
                0x20000410                        . = ALIGN (0x4)
                0x20000410                        _ebss = .
                0x20000410                        __bss_end__ = _ebss

._user_heap_stack
                0x20000410      0x600 load address 0x080059d8
                0x20000410                        . = ALIGN (0x8)
                [!provide]                        PROVIDE (end = .)
                0x20000410                        PROVIDE (_end = .)
                0x20000610                        . = (. + _Min_Heap_Size)
 *fill*         0x20000410      0x200 
                0x20000a10                        . = (. + _Min_Stack_Size)
 *fill*         0x20000610      0x400 
                0x20000a10                        . = ALIGN (0x8)

/DISCARD/
 libc.a(*)
 libm.a(*)
 libgcc.a(*)

.ARM.attributes
                0x00000000       0x30
 *(.ARM.attributes)
 .ARM.attributes
                0x00000000       0x22 C:/ST/STM32CubeIDE_1.15.0/STM32CubeIDE/plugins/com.st.stm32cube.ide.mcu.externaltools.gnu-tools-for-stm32.12.3.rel1.win32_1.0.100.202403111256/tools/bin/../lib/gcc/arm-none-eabi/12.3.1/thumb/v7e-m+fp/hard/crti.o
 .ARM.attributes
                0x00000022       0x34 C:/ST/STM32CubeIDE_1.15.0/STM32CubeIDE/plugins/com.st.stm32cube.ide.mcu.externaltools.gnu-tools-for-stm32.12.3.rel1.win32_1.0.100.202403111256/tools/bin/../lib/gcc/arm-none-eabi/12.3.1/thumb/v7e-m+fp/hard/crtbegin.o
 .ARM.attributes
                0x00000056       0x34 ./Core/AP/AP_Main.o
 .ARM.attributes
                0x0000008a       0x34 ./Core/AP/RC_Car/Controller.o
 .ARM.attributes
                0x000000be       0x34 ./Core/AP/RC_Car/Listener.o
 .ARM.attributes
                0x000000f2       0x34 ./Core/AP/RC_Car/Presenter.o
 .ARM.attributes
                0x00000126       0x34 ./Core/AP/RC_Car/Queue_Car.o
 .ARM.attributes
                0x0000015a       0x34 ./Core/AP/RC_Car/defineModel.o
 .ARM.attributes
                0x0000018e       0x34 ./Core/Common/Queue/Queue.o
 .ARM.attributes
                0x000001c2       0x34 ./Core/Common/delayUS/delayUS.o
 .ARM.attributes
                0x000001f6       0x34 ./Core/Driver/Motor/Motor.o
 .ARM.attributes
                0x0000022a       0x34 ./Core/Src/main.o
 .ARM.attributes
                0x0000025e       0x34 ./Core/Src/stm32f4xx_hal_msp.o
 .ARM.attributes
                0x00000292       0x34 ./Core/Src/stm32f4xx_it.o
 .ARM.attributes
                0x000002c6       0x34 ./Core/Src/syscalls.o
 .ARM.attributes
                0x000002fa       0x34 ./Core/Src/sysmem.o
 .ARM.attributes
                0x0000032e       0x34 ./Core/Src/system_stm32f4xx.o
 .ARM.attributes
                0x00000362       0x21 ./Core/Startup/startup_stm32f411retx.o
 .ARM.attributes
                0x00000383       0x34 ./Drivers/STM32F4xx_HAL_Driver/Src/stm32f4xx_hal.o
 .ARM.attributes
                0x000003b7       0x34 ./Drivers/STM32F4xx_HAL_Driver/Src/stm32f4xx_hal_cortex.o
 .ARM.attributes
                0x000003eb       0x34 ./Drivers/STM32F4xx_HAL_Driver/Src/stm32f4xx_hal_dma.o
 .ARM.attributes
                0x0000041f       0x34 ./Drivers/STM32F4xx_HAL_Driver/Src/stm32f4xx_hal_gpio.o
 .ARM.attributes
                0x00000453       0x34 ./Drivers/STM32F4xx_HAL_Driver/Src/stm32f4xx_hal_i2c.o
 .ARM.attributes
                0x00000487       0x34 ./Drivers/STM32F4xx_HAL_Driver/Src/stm32f4xx_hal_rcc.o
 .ARM.attributes
                0x000004bb       0x34 ./Drivers/STM32F4xx_HAL_Driver/Src/stm32f4xx_hal_tim.o
 .ARM.attributes
                0x000004ef       0x34 ./Drivers/STM32F4xx_HAL_Driver/Src/stm32f4xx_hal_tim_ex.o
 .ARM.attributes
                0x00000523       0x34 ./Drivers/STM32F4xx_HAL_Driver/Src/stm32f4xx_hal_uart.o
 .ARM.attributes
                0x00000557       0x34 C:/ST/STM32CubeIDE_1.15.0/STM32CubeIDE/plugins/com.st.stm32cube.ide.mcu.externaltools.gnu-tools-for-stm32.12.3.rel1.win32_1.0.100.202403111256/tools/bin/../lib/gcc/arm-none-eabi/12.3.1/../../../../arm-none-eabi/lib/thumb/v7e-m+fp/hard\libc_nano.a(libc_a-findfp.o)
 .ARM.attributes
                0x0000058b       0x34 C:/ST/STM32CubeIDE_1.15.0/STM32CubeIDE/plugins/com.st.stm32cube.ide.mcu.externaltools.gnu-tools-for-stm32.12.3.rel1.win32_1.0.100.202403111256/tools/bin/../lib/gcc/arm-none-eabi/12.3.1/../../../../arm-none-eabi/lib/thumb/v7e-m+fp/hard\libc_nano.a(libc_a-fwalk.o)
 .ARM.attributes
                0x000005bf       0x34 C:/ST/STM32CubeIDE_1.15.0/STM32CubeIDE/plugins/com.st.stm32cube.ide.mcu.externaltools.gnu-tools-for-stm32.12.3.rel1.win32_1.0.100.202403111256/tools/bin/../lib/gcc/arm-none-eabi/12.3.1/../../../../arm-none-eabi/lib/thumb/v7e-m+fp/hard\libc_nano.a(libc_a-printf.o)
 .ARM.attributes
                0x000005f3       0x34 C:/ST/STM32CubeIDE_1.15.0/STM32CubeIDE/plugins/com.st.stm32cube.ide.mcu.externaltools.gnu-tools-for-stm32.12.3.rel1.win32_1.0.100.202403111256/tools/bin/../lib/gcc/arm-none-eabi/12.3.1/../../../../arm-none-eabi/lib/thumb/v7e-m+fp/hard\libc_nano.a(libc_a-puts.o)
 .ARM.attributes
                0x00000627       0x34 C:/ST/STM32CubeIDE_1.15.0/STM32CubeIDE/plugins/com.st.stm32cube.ide.mcu.externaltools.gnu-tools-for-stm32.12.3.rel1.win32_1.0.100.202403111256/tools/bin/../lib/gcc/arm-none-eabi/12.3.1/../../../../arm-none-eabi/lib/thumb/v7e-m+fp/hard\libc_nano.a(libc_a-stdio.o)
 .ARM.attributes
                0x0000065b       0x34 C:/ST/STM32CubeIDE_1.15.0/STM32CubeIDE/plugins/com.st.stm32cube.ide.mcu.externaltools.gnu-tools-for-stm32.12.3.rel1.win32_1.0.100.202403111256/tools/bin/../lib/gcc/arm-none-eabi/12.3.1/../../../../arm-none-eabi/lib/thumb/v7e-m+fp/hard\libc_nano.a(libc_a-wbuf.o)
 .ARM.attributes
                0x0000068f       0x34 C:/ST/STM32CubeIDE_1.15.0/STM32CubeIDE/plugins/com.st.stm32cube.ide.mcu.externaltools.gnu-tools-for-stm32.12.3.rel1.win32_1.0.100.202403111256/tools/bin/../lib/gcc/arm-none-eabi/12.3.1/../../../../arm-none-eabi/lib/thumb/v7e-m+fp/hard\libc_nano.a(libc_a-wsetup.o)
 .ARM.attributes
                0x000006c3       0x34 C:/ST/STM32CubeIDE_1.15.0/STM32CubeIDE/plugins/com.st.stm32cube.ide.mcu.externaltools.gnu-tools-for-stm32.12.3.rel1.win32_1.0.100.202403111256/tools/bin/../lib/gcc/arm-none-eabi/12.3.1/../../../../arm-none-eabi/lib/thumb/v7e-m+fp/hard\libc_nano.a(libc_a-memset.o)
 .ARM.attributes
                0x000006f7       0x34 C:/ST/STM32CubeIDE_1.15.0/STM32CubeIDE/plugins/com.st.stm32cube.ide.mcu.externaltools.gnu-tools-for-stm32.12.3.rel1.win32_1.0.100.202403111256/tools/bin/../lib/gcc/arm-none-eabi/12.3.1/../../../../arm-none-eabi/lib/thumb/v7e-m+fp/hard\libc_nano.a(libc_a-closer.o)
 .ARM.attributes
                0x0000072b       0x34 C:/ST/STM32CubeIDE_1.15.0/STM32CubeIDE/plugins/com.st.stm32cube.ide.mcu.externaltools.gnu-tools-for-stm32.12.3.rel1.win32_1.0.100.202403111256/tools/bin/../lib/gcc/arm-none-eabi/12.3.1/../../../../arm-none-eabi/lib/thumb/v7e-m+fp/hard\libc_nano.a(libc_a-reent.o)
 .ARM.attributes
                0x0000075f       0x34 C:/ST/STM32CubeIDE_1.15.0/STM32CubeIDE/plugins/com.st.stm32cube.ide.mcu.externaltools.gnu-tools-for-stm32.12.3.rel1.win32_1.0.100.202403111256/tools/bin/../lib/gcc/arm-none-eabi/12.3.1/../../../../arm-none-eabi/lib/thumb/v7e-m+fp/hard\libc_nano.a(libc_a-impure.o)
 .ARM.attributes
                0x00000793       0x34 C:/ST/STM32CubeIDE_1.15.0/STM32CubeIDE/plugins/com.st.stm32cube.ide.mcu.externaltools.gnu-tools-for-stm32.12.3.rel1.win32_1.0.100.202403111256/tools/bin/../lib/gcc/arm-none-eabi/12.3.1/../../../../arm-none-eabi/lib/thumb/v7e-m+fp/hard\libc_nano.a(libc_a-lseekr.o)
 .ARM.attributes
                0x000007c7       0x34 C:/ST/STM32CubeIDE_1.15.0/STM32CubeIDE/plugins/com.st.stm32cube.ide.mcu.externaltools.gnu-tools-for-stm32.12.3.rel1.win32_1.0.100.202403111256/tools/bin/../lib/gcc/arm-none-eabi/12.3.1/../../../../arm-none-eabi/lib/thumb/v7e-m+fp/hard\libc_nano.a(libc_a-readr.o)
 .ARM.attributes
                0x000007fb       0x34 C:/ST/STM32CubeIDE_1.15.0/STM32CubeIDE/plugins/com.st.stm32cube.ide.mcu.externaltools.gnu-tools-for-stm32.12.3.rel1.win32_1.0.100.202403111256/tools/bin/../lib/gcc/arm-none-eabi/12.3.1/../../../../arm-none-eabi/lib/thumb/v7e-m+fp/hard\libc_nano.a(libc_a-writer.o)
 .ARM.attributes
                0x0000082f       0x34 C:/ST/STM32CubeIDE_1.15.0/STM32CubeIDE/plugins/com.st.stm32cube.ide.mcu.externaltools.gnu-tools-for-stm32.12.3.rel1.win32_1.0.100.202403111256/tools/bin/../lib/gcc/arm-none-eabi/12.3.1/../../../../arm-none-eabi/lib/thumb/v7e-m+fp/hard\libc_nano.a(libc_a-errno.o)
 .ARM.attributes
                0x00000863       0x34 C:/ST/STM32CubeIDE_1.15.0/STM32CubeIDE/plugins/com.st.stm32cube.ide.mcu.externaltools.gnu-tools-for-stm32.12.3.rel1.win32_1.0.100.202403111256/tools/bin/../lib/gcc/arm-none-eabi/12.3.1/../../../../arm-none-eabi/lib/thumb/v7e-m+fp/hard\libc_nano.a(libc_a-init.o)
 .ARM.attributes
                0x00000897       0x34 C:/ST/STM32CubeIDE_1.15.0/STM32CubeIDE/plugins/com.st.stm32cube.ide.mcu.externaltools.gnu-tools-for-stm32.12.3.rel1.win32_1.0.100.202403111256/tools/bin/../lib/gcc/arm-none-eabi/12.3.1/../../../../arm-none-eabi/lib/thumb/v7e-m+fp/hard\libc_nano.a(libc_a-lock.o)
 .ARM.attributes
                0x000008cb       0x20 C:/ST/STM32CubeIDE_1.15.0/STM32CubeIDE/plugins/com.st.stm32cube.ide.mcu.externaltools.gnu-tools-for-stm32.12.3.rel1.win32_1.0.100.202403111256/tools/bin/../lib/gcc/arm-none-eabi/12.3.1/../../../../arm-none-eabi/lib/thumb/v7e-m+fp/hard\libc_nano.a(libc_a-strcmp.o)
 .ARM.attributes
                0x000008eb       0x34 C:/ST/STM32CubeIDE_1.15.0/STM32CubeIDE/plugins/com.st.stm32cube.ide.mcu.externaltools.gnu-tools-for-stm32.12.3.rel1.win32_1.0.100.202403111256/tools/bin/../lib/gcc/arm-none-eabi/12.3.1/../../../../arm-none-eabi/lib/thumb/v7e-m+fp/hard\libc_nano.a(libc_a-freer.o)
 .ARM.attributes
                0x0000091f       0x34 C:/ST/STM32CubeIDE_1.15.0/STM32CubeIDE/plugins/com.st.stm32cube.ide.mcu.externaltools.gnu-tools-for-stm32.12.3.rel1.win32_1.0.100.202403111256/tools/bin/../lib/gcc/arm-none-eabi/12.3.1/../../../../arm-none-eabi/lib/thumb/v7e-m+fp/hard\libc_nano.a(libc_a-mallocr.o)
 .ARM.attributes
                0x00000953       0x34 C:/ST/STM32CubeIDE_1.15.0/STM32CubeIDE/plugins/com.st.stm32cube.ide.mcu.externaltools.gnu-tools-for-stm32.12.3.rel1.win32_1.0.100.202403111256/tools/bin/../lib/gcc/arm-none-eabi/12.3.1/../../../../arm-none-eabi/lib/thumb/v7e-m+fp/hard\libc_nano.a(libc_a-mlock.o)
 .ARM.attributes
                0x00000987       0x34 C:/ST/STM32CubeIDE_1.15.0/STM32CubeIDE/plugins/com.st.stm32cube.ide.mcu.externaltools.gnu-tools-for-stm32.12.3.rel1.win32_1.0.100.202403111256/tools/bin/../lib/gcc/arm-none-eabi/12.3.1/../../../../arm-none-eabi/lib/thumb/v7e-m+fp/hard\libc_nano.a(libc_a-nano-vfprintf.o)
 .ARM.attributes
                0x000009bb       0x34 C:/ST/STM32CubeIDE_1.15.0/STM32CubeIDE/plugins/com.st.stm32cube.ide.mcu.externaltools.gnu-tools-for-stm32.12.3.rel1.win32_1.0.100.202403111256/tools/bin/../lib/gcc/arm-none-eabi/12.3.1/../../../../arm-none-eabi/lib/thumb/v7e-m+fp/hard\libc_nano.a(libc_a-nano-vfprintf_i.o)
 .ARM.attributes
                0x000009ef       0x34 C:/ST/STM32CubeIDE_1.15.0/STM32CubeIDE/plugins/com.st.stm32cube.ide.mcu.externaltools.gnu-tools-for-stm32.12.3.rel1.win32_1.0.100.202403111256/tools/bin/../lib/gcc/arm-none-eabi/12.3.1/../../../../arm-none-eabi/lib/thumb/v7e-m+fp/hard\libc_nano.a(libc_a-fflush.o)
 .ARM.attributes
                0x00000a23       0x34 C:/ST/STM32CubeIDE_1.15.0/STM32CubeIDE/plugins/com.st.stm32cube.ide.mcu.externaltools.gnu-tools-for-stm32.12.3.rel1.win32_1.0.100.202403111256/tools/bin/../lib/gcc/arm-none-eabi/12.3.1/../../../../arm-none-eabi/lib/thumb/v7e-m+fp/hard\libc_nano.a(libc_a-makebuf.o)
 .ARM.attributes
                0x00000a57       0x34 C:/ST/STM32CubeIDE_1.15.0/STM32CubeIDE/plugins/com.st.stm32cube.ide.mcu.externaltools.gnu-tools-for-stm32.12.3.rel1.win32_1.0.100.202403111256/tools/bin/../lib/gcc/arm-none-eabi/12.3.1/../../../../arm-none-eabi/lib/thumb/v7e-m+fp/hard\libc_nano.a(libc_a-fstatr.o)
 .ARM.attributes
                0x00000a8b       0x34 C:/ST/STM32CubeIDE_1.15.0/STM32CubeIDE/plugins/com.st.stm32cube.ide.mcu.externaltools.gnu-tools-for-stm32.12.3.rel1.win32_1.0.100.202403111256/tools/bin/../lib/gcc/arm-none-eabi/12.3.1/../../../../arm-none-eabi/lib/thumb/v7e-m+fp/hard\libc_nano.a(libc_a-isattyr.o)
 .ARM.attributes
                0x00000abf       0x34 C:/ST/STM32CubeIDE_1.15.0/STM32CubeIDE/plugins/com.st.stm32cube.ide.mcu.externaltools.gnu-tools-for-stm32.12.3.rel1.win32_1.0.100.202403111256/tools/bin/../lib/gcc/arm-none-eabi/12.3.1/../../../../arm-none-eabi/lib/thumb/v7e-m+fp/hard\libc_nano.a(libc_a-sbrkr.o)
 .ARM.attributes
                0x00000af3       0x1c C:/ST/STM32CubeIDE_1.15.0/STM32CubeIDE/plugins/com.st.stm32cube.ide.mcu.externaltools.gnu-tools-for-stm32.12.3.rel1.win32_1.0.100.202403111256/tools/bin/../lib/gcc/arm-none-eabi/12.3.1/../../../../arm-none-eabi/lib/thumb/v7e-m+fp/hard\libc_nano.a(libc_a-memchr.o)
 .ARM.attributes
                0x00000b0f       0x22 C:/ST/STM32CubeIDE_1.15.0/STM32CubeIDE/plugins/com.st.stm32cube.ide.mcu.externaltools.gnu-tools-for-stm32.12.3.rel1.win32_1.0.100.202403111256/tools/bin/../lib/gcc/arm-none-eabi/12.3.1/thumb/v7e-m+fp/hard\libgcc.a(_aeabi_uldivmod.o)
 .ARM.attributes
                0x00000b31       0x34 C:/ST/STM32CubeIDE_1.15.0/STM32CubeIDE/plugins/com.st.stm32cube.ide.mcu.externaltools.gnu-tools-for-stm32.12.3.rel1.win32_1.0.100.202403111256/tools/bin/../lib/gcc/arm-none-eabi/12.3.1/thumb/v7e-m+fp/hard\libgcc.a(_udivmoddi4.o)
 .ARM.attributes
                0x00000b65       0x22 C:/ST/STM32CubeIDE_1.15.0/STM32CubeIDE/plugins/com.st.stm32cube.ide.mcu.externaltools.gnu-tools-for-stm32.12.3.rel1.win32_1.0.100.202403111256/tools/bin/../lib/gcc/arm-none-eabi/12.3.1/thumb/v7e-m+fp/hard\libgcc.a(_dvmd_tls.o)
 .ARM.attributes
                0x00000b87       0x22 C:/ST/STM32CubeIDE_1.15.0/STM32CubeIDE/plugins/com.st.stm32cube.ide.mcu.externaltools.gnu-tools-for-stm32.12.3.rel1.win32_1.0.100.202403111256/tools/bin/../lib/gcc/arm-none-eabi/12.3.1/thumb/v7e-m+fp/hard/crtn.o
OUTPUT(0426_RCcar.elf elf32-littlearm)
LOAD linker stubs
LOAD C:/ST/STM32CubeIDE_1.15.0/STM32CubeIDE/plugins/com.st.stm32cube.ide.mcu.externaltools.gnu-tools-for-stm32.12.3.rel1.win32_1.0.100.202403111256/tools/bin/../lib/gcc/arm-none-eabi/12.3.1/../../../../arm-none-eabi/lib/thumb/v7e-m+fp/hard\libc.a
LOAD C:/ST/STM32CubeIDE_1.15.0/STM32CubeIDE/plugins/com.st.stm32cube.ide.mcu.externaltools.gnu-tools-for-stm32.12.3.rel1.win32_1.0.100.202403111256/tools/bin/../lib/gcc/arm-none-eabi/12.3.1/../../../../arm-none-eabi/lib/thumb/v7e-m+fp/hard\libm.a
LOAD C:/ST/STM32CubeIDE_1.15.0/STM32CubeIDE/plugins/com.st.stm32cube.ide.mcu.externaltools.gnu-tools-for-stm32.12.3.rel1.win32_1.0.100.202403111256/tools/bin/../lib/gcc/arm-none-eabi/12.3.1/thumb/v7e-m+fp/hard\libgcc.a

.debug_info     0x00000000    0x139d8
 .debug_info    0x00000000      0xa06 ./Core/AP/AP_Main.o
 .debug_info    0x00000a06      0x90a ./Core/AP/RC_Car/Controller.o
 .debug_info    0x00001310      0x7eb ./Core/AP/RC_Car/Listener.o
 .debug_info    0x00001afb      0xb09 ./Core/AP/RC_Car/Presenter.o
 .debug_info    0x00002604      0x1c3 ./Core/AP/RC_Car/Queue_Car.o
 .debug_info    0x000027c7      0x9b0 ./Core/AP/RC_Car/defineModel.o
 .debug_info    0x00003177      0x1c7 ./Core/Common/Queue/Queue.o
 .debug_info    0x0000333e      0x282 ./Core/Common/delayUS/delayUS.o
 .debug_info    0x000035c0      0x908 ./Core/Driver/Motor/Motor.o
 .debug_info    0x00003ec8     0x14a1 ./Core/Src/main.o
 .debug_info    0x00005369     0x1274 ./Core/Src/stm32f4xx_hal_msp.o
 .debug_info    0x000065dd      0x640 ./Core/Src/stm32f4xx_it.o
 .debug_info    0x00006c1d      0x6a3 ./Core/Src/syscalls.o
 .debug_info    0x000072c0      0x168 ./Core/Src/sysmem.o
 .debug_info    0x00007428      0x53e ./Core/Src/system_stm32f4xx.o
 .debug_info    0x00007966       0x30 ./Core/Startup/startup_stm32f411retx.o
 .debug_info    0x00007996      0x8c4 ./Drivers/STM32F4xx_HAL_Driver/Src/stm32f4xx_hal.o
 .debug_info    0x0000825a      0xcc7 ./Drivers/STM32F4xx_HAL_Driver/Src/stm32f4xx_hal_cortex.o
 .debug_info    0x00008f21      0x8e6 ./Drivers/STM32F4xx_HAL_Driver/Src/stm32f4xx_hal_dma.o
 .debug_info    0x00009807      0x6f9 ./Drivers/STM32F4xx_HAL_Driver/Src/stm32f4xx_hal_gpio.o
 .debug_info    0x00009f00     0x2426 ./Drivers/STM32F4xx_HAL_Driver/Src/stm32f4xx_hal_i2c.o
 .debug_info    0x0000c326      0x8f2 ./Drivers/STM32F4xx_HAL_Driver/Src/stm32f4xx_hal_rcc.o
 .debug_info    0x0000cc18     0x2996 ./Drivers/STM32F4xx_HAL_Driver/Src/stm32f4xx_hal_tim.o
 .debug_info    0x0000f5ae     0x14d4 ./Drivers/STM32F4xx_HAL_Driver/Src/stm32f4xx_hal_tim_ex.o
 .debug_info    0x00010a82     0x2f56 ./Drivers/STM32F4xx_HAL_Driver/Src/stm32f4xx_hal_uart.o

.debug_abbrev   0x00000000     0x3051
 .debug_abbrev  0x00000000      0x201 ./Core/AP/AP_Main.o
 .debug_abbrev  0x00000201      0x21c ./Core/AP/RC_Car/Controller.o
 .debug_abbrev  0x0000041d      0x21e ./Core/AP/RC_Car/Listener.o
 .debug_abbrev  0x0000063b      0x1e3 ./Core/AP/RC_Car/Presenter.o
 .debug_abbrev  0x0000081e      0x149 ./Core/AP/RC_Car/Queue_Car.o
 .debug_abbrev  0x00000967      0x1bc ./Core/AP/RC_Car/defineModel.o
 .debug_abbrev  0x00000b23      0x11b ./Core/Common/Queue/Queue.o
 .debug_abbrev  0x00000c3e      0x10c ./Core/Common/delayUS/delayUS.o
 .debug_abbrev  0x00000d4a      0x1ce ./Core/Driver/Motor/Motor.o
 .debug_abbrev  0x00000f18      0x2b7 ./Core/Src/main.o
 .debug_abbrev  0x000011cf      0x23c ./Core/Src/stm32f4xx_hal_msp.o
 .debug_abbrev  0x0000140b      0x182 ./Core/Src/stm32f4xx_it.o
 .debug_abbrev  0x0000158d      0x1b6 ./Core/Src/syscalls.o
 .debug_abbrev  0x00001743       0xbc ./Core/Src/sysmem.o
 .debug_abbrev  0x000017ff      0x11a ./Core/Src/system_stm32f4xx.o
 .debug_abbrev  0x00001919       0x24 ./Core/Startup/startup_stm32f411retx.o
 .debug_abbrev  0x0000193d      0x24b ./Drivers/STM32F4xx_HAL_Driver/Src/stm32f4xx_hal.o
 .debug_abbrev  0x00001b88      0x328 ./Drivers/STM32F4xx_HAL_Driver/Src/stm32f4xx_hal_cortex.o
 .debug_abbrev  0x00001eb0      0x221 ./Drivers/STM32F4xx_HAL_Driver/Src/stm32f4xx_hal_dma.o
 .debug_abbrev  0x000020d1      0x1d3 ./Drivers/STM32F4xx_HAL_Driver/Src/stm32f4xx_hal_gpio.o
 .debug_abbrev  0x000022a4      0x2bc ./Drivers/STM32F4xx_HAL_Driver/Src/stm32f4xx_hal_i2c.o
 .debug_abbrev  0x00002560      0x2b5 ./Drivers/STM32F4xx_HAL_Driver/Src/stm32f4xx_hal_rcc.o
 .debug_abbrev  0x00002815      0x28b ./Drivers/STM32F4xx_HAL_Driver/Src/stm32f4xx_hal_tim.o
 .debug_abbrev  0x00002aa0      0x296 ./Drivers/STM32F4xx_HAL_Driver/Src/stm32f4xx_hal_tim_ex.o
 .debug_abbrev  0x00002d36      0x31b ./Drivers/STM32F4xx_HAL_Driver/Src/stm32f4xx_hal_uart.o

.debug_aranges  0x00000000     0x1198
 .debug_aranges
                0x00000000       0x30 ./Core/AP/AP_Main.o
 .debug_aranges
                0x00000030       0x50 ./Core/AP/RC_Car/Controller.o
 .debug_aranges
                0x00000080       0x38 ./Core/AP/RC_Car/Listener.o
 .debug_aranges
                0x000000b8       0x30 ./Core/AP/RC_Car/Presenter.o
 .debug_aranges
                0x000000e8       0x38 ./Core/AP/RC_Car/Queue_Car.o
 .debug_aranges
                0x00000120       0x30 ./Core/AP/RC_Car/defineModel.o
 .debug_aranges
                0x00000150       0x40 ./Core/Common/Queue/Queue.o
 .debug_aranges
                0x00000190       0x28 ./Core/Common/delayUS/delayUS.o
 .debug_aranges
                0x000001b8       0x40 ./Core/Driver/Motor/Motor.o
 .debug_aranges
                0x000001f8       0x60 ./Core/Src/main.o
 .debug_aranges
                0x00000258       0x58 ./Core/Src/stm32f4xx_hal_msp.o
 .debug_aranges
                0x000002b0       0x68 ./Core/Src/stm32f4xx_it.o
 .debug_aranges
                0x00000318       0xa8 ./Core/Src/syscalls.o
 .debug_aranges
                0x000003c0       0x20 ./Core/Src/sysmem.o
 .debug_aranges
                0x000003e0       0x28 ./Core/Src/system_stm32f4xx.o
 .debug_aranges
                0x00000408       0x28 ./Core/Startup/startup_stm32f411retx.o
 .debug_aranges
                0x00000430       0xf0 ./Drivers/STM32F4xx_HAL_Driver/Src/stm32f4xx_hal.o
 .debug_aranges
                0x00000520      0x120 ./Drivers/STM32F4xx_HAL_Driver/Src/stm32f4xx_hal_cortex.o
 .debug_aranges
                0x00000640       0x90 ./Drivers/STM32F4xx_HAL_Driver/Src/stm32f4xx_hal_dma.o
 .debug_aranges
                0x000006d0       0x58 ./Drivers/STM32F4xx_HAL_Driver/Src/stm32f4xx_hal_gpio.o
 .debug_aranges
                0x00000728      0x2a8 ./Drivers/STM32F4xx_HAL_Driver/Src/stm32f4xx_hal_i2c.o
 .debug_aranges
                0x000009d0       0x88 ./Drivers/STM32F4xx_HAL_Driver/Src/stm32f4xx_hal_rcc.o
 .debug_aranges
                0x00000a58      0x3d0 ./Drivers/STM32F4xx_HAL_Driver/Src/stm32f4xx_hal_tim.o
 .debug_aranges
                0x00000e28      0x168 ./Drivers/STM32F4xx_HAL_Driver/Src/stm32f4xx_hal_tim_ex.o
 .debug_aranges
                0x00000f90      0x208 ./Drivers/STM32F4xx_HAL_Driver/Src/stm32f4xx_hal_uart.o

.debug_rnglists
                0x00000000      0xdaf
 .debug_rnglists
                0x00000000       0x1f ./Core/AP/AP_Main.o
 .debug_rnglists
                0x0000001f       0x38 ./Core/AP/RC_Car/Controller.o
 .debug_rnglists
                0x00000057       0x26 ./Core/AP/RC_Car/Listener.o
 .debug_rnglists
                0x0000007d       0x20 ./Core/AP/RC_Car/Presenter.o
 .debug_rnglists
                0x0000009d       0x25 ./Core/AP/RC_Car/Queue_Car.o
 .debug_rnglists
                0x000000c2       0x1f ./Core/AP/RC_Car/defineModel.o
 .debug_rnglists
                0x000000e1       0x2b ./Core/Common/Queue/Queue.o
 .debug_rnglists
                0x0000010c       0x19 ./Core/Common/delayUS/delayUS.o
 .debug_rnglists
                0x00000125       0x2b ./Core/Driver/Motor/Motor.o
 .debug_rnglists
                0x00000150       0x48 ./Core/Src/main.o
 .debug_rnglists
                0x00000198       0x40 ./Core/Src/stm32f4xx_hal_msp.o
 .debug_rnglists
                0x000001d8       0x49 ./Core/Src/stm32f4xx_it.o
 .debug_rnglists
                0x00000221       0x79 ./Core/Src/syscalls.o
 .debug_rnglists
                0x0000029a       0x13 ./Core/Src/sysmem.o
 .debug_rnglists
                0x000002ad       0x1a ./Core/Src/system_stm32f4xx.o
 .debug_rnglists
                0x000002c7       0x19 ./Core/Startup/startup_stm32f411retx.o
 .debug_rnglists
                0x000002e0       0xaf ./Drivers/STM32F4xx_HAL_Driver/Src/stm32f4xx_hal.o
 .debug_rnglists
                0x0000038f       0xd4 ./Drivers/STM32F4xx_HAL_Driver/Src/stm32f4xx_hal_cortex.o
 .debug_rnglists
                0x00000463       0x70 ./Drivers/STM32F4xx_HAL_Driver/Src/stm32f4xx_hal_dma.o
 .debug_rnglists
                0x000004d3       0x3f ./Drivers/STM32F4xx_HAL_Driver/Src/stm32f4xx_hal_gpio.o
 .debug_rnglists
                0x00000512      0x23c ./Drivers/STM32F4xx_HAL_Driver/Src/stm32f4xx_hal_i2c.o
 .debug_rnglists
                0x0000074e       0x66 ./Drivers/STM32F4xx_HAL_Driver/Src/stm32f4xx_hal_rcc.o
 .debug_rnglists
                0x000007b4      0x31a ./Drivers/STM32F4xx_HAL_Driver/Src/stm32f4xx_hal_tim.o
 .debug_rnglists
                0x00000ace      0x125 ./Drivers/STM32F4xx_HAL_Driver/Src/stm32f4xx_hal_tim_ex.o
 .debug_rnglists
                0x00000bf3      0x1bc ./Drivers/STM32F4xx_HAL_Driver/Src/stm32f4xx_hal_uart.o

.debug_macro    0x00000000    0x190b8
 .debug_macro   0x00000000      0x377 ./Core/AP/AP_Main.o
 .debug_macro   0x00000377      0xab4 ./Core/AP/AP_Main.o
 .debug_macro   0x00000e2b      0x2a1 ./Core/AP/AP_Main.o
 .debug_macro   0x000010cc       0x2e ./Core/AP/AP_Main.o
 .debug_macro   0x000010fa       0x28 ./Core/AP/AP_Main.o
 .debug_macro   0x00001122       0x22 ./Core/AP/AP_Main.o
 .debug_macro   0x00001144       0x8e ./Core/AP/AP_Main.o
 .debug_macro   0x000011d2       0x51 ./Core/AP/AP_Main.o
 .debug_macro   0x00001223      0x103 ./Core/AP/AP_Main.o
 .debug_macro   0x00001326       0x6a ./Core/AP/AP_Main.o
 .debug_macro   0x00001390      0x1df ./Core/AP/AP_Main.o
 .debug_macro   0x0000156f       0x1c ./Core/AP/AP_Main.o
 .debug_macro   0x0000158b       0x22 ./Core/AP/AP_Main.o
 .debug_macro   0x000015ad       0xfb ./Core/AP/AP_Main.o
 .debug_macro   0x000016a8     0x1011 ./Core/AP/AP_Main.o
 .debug_macro   0x000026b9      0x11f ./Core/AP/AP_Main.o
 .debug_macro   0x000027d8     0xb953 ./Core/AP/AP_Main.o
 .debug_macro   0x0000e12b       0x6d ./Core/AP/AP_Main.o
 .debug_macro   0x0000e198     0x368c ./Core/AP/AP_Main.o
 .debug_macro   0x00011824      0x189 ./Core/AP/AP_Main.o
 .debug_macro   0x000119ad       0x5c ./Core/AP/AP_Main.o
 .debug_macro   0x00011a09      0x45c ./Core/AP/AP_Main.o
 .debug_macro   0x00011e65      0x9e9 ./Core/AP/AP_Main.o
 .debug_macro   0x0001284e      0x115 ./Core/AP/AP_Main.o
 .debug_macro   0x00012963      0x11b ./Core/AP/AP_Main.o
 .debug_macro   0x00012a7e       0xa5 ./Core/AP/AP_Main.o
 .debug_macro   0x00012b23      0x15f ./Core/AP/AP_Main.o
 .debug_macro   0x00012c82      0x287 ./Core/AP/AP_Main.o
 .debug_macro   0x00012f09       0x5f ./Core/AP/AP_Main.o
 .debug_macro   0x00012f68      0x236 ./Core/AP/AP_Main.o
 .debug_macro   0x0001319e      0x132 ./Core/AP/AP_Main.o
 .debug_macro   0x000132d0      0x264 ./Core/AP/AP_Main.o
 .debug_macro   0x00013534       0x2e ./Core/AP/AP_Main.o
 .debug_macro   0x00013562      0x1b5 ./Core/AP/AP_Main.o
 .debug_macro   0x00013717       0x22 ./Core/AP/AP_Main.o
 .debug_macro   0x00013739       0xd6 ./Core/AP/AP_Main.o
 .debug_macro   0x0001380f      0x127 ./Core/AP/AP_Main.o
 .debug_macro   0x00013936       0x85 ./Core/AP/AP_Main.o
 .debug_macro   0x000139bb       0x89 ./Core/AP/AP_Main.o
 .debug_macro   0x00013a44      0x8ed ./Core/AP/AP_Main.o
 .debug_macro   0x00014331       0x47 ./Core/AP/AP_Main.o
 .debug_macro   0x00014378      0x2aa ./Core/AP/AP_Main.o
 .debug_macro   0x00014622      0x126 ./Core/AP/AP_Main.o
 .debug_macro   0x00014748       0x4c ./Core/AP/AP_Main.o
 .debug_macro   0x00014794       0x52 ./Core/AP/AP_Main.o
 .debug_macro   0x000147e6       0x7c ./Core/AP/AP_Main.o
 .debug_macro   0x00014862       0x61 ./Core/AP/AP_Main.o
 .debug_macro   0x000148c3       0x2a ./Core/AP/AP_Main.o
 .debug_macro   0x000148ed       0x43 ./Core/AP/AP_Main.o
 .debug_macro   0x00014930       0x34 ./Core/AP/AP_Main.o
 .debug_macro   0x00014964       0x16 ./Core/AP/AP_Main.o
 .debug_macro   0x0001497a       0x35 ./Core/AP/AP_Main.o
 .debug_macro   0x000149af      0x369 ./Core/AP/AP_Main.o
 .debug_macro   0x00014d18       0x10 ./Core/AP/AP_Main.o
 .debug_macro   0x00014d28       0x16 ./Core/AP/AP_Main.o
 .debug_macro   0x00014d3e       0x43 ./Core/AP/AP_Main.o
 .debug_macro   0x00014d81       0x34 ./Core/AP/AP_Main.o
 .debug_macro   0x00014db5       0x10 ./Core/AP/AP_Main.o
 .debug_macro   0x00014dc5       0x58 ./Core/AP/AP_Main.o
 .debug_macro   0x00014e1d       0x8e ./Core/AP/AP_Main.o
 .debug_macro   0x00014eab       0x1c ./Core/AP/AP_Main.o
 .debug_macro   0x00014ec7      0x177 ./Core/AP/AP_Main.o
 .debug_macro   0x0001503e       0x16 ./Core/AP/AP_Main.o
 .debug_macro   0x00015054       0x16 ./Core/AP/AP_Main.o
 .debug_macro   0x0001506a      0x146 ./Core/AP/AP_Main.o
 .debug_macro   0x000151b0       0x10 ./Core/AP/AP_Main.o
 .debug_macro   0x000151c0       0x16 ./Core/AP/AP_Main.o
 .debug_macro   0x000151d6       0x20 ./Core/AP/AP_Main.o
 .debug_macro   0x000151f6      0x312 ./Core/AP/RC_Car/Controller.o
 .debug_macro   0x00015508      0x311 ./Core/AP/RC_Car/Listener.o
 .debug_macro   0x00015819       0x10 ./Core/AP/RC_Car/Listener.o
 .debug_macro   0x00015829      0x308 ./Core/AP/RC_Car/Presenter.o
 .debug_macro   0x00015b31      0x201 ./Core/AP/RC_Car/Queue_Car.o
 .debug_macro   0x00015d32      0x226 ./Core/AP/RC_Car/defineModel.o
 .debug_macro   0x00015f58      0x1f7 ./Core/Common/Queue/Queue.o
 .debug_macro   0x0001614f      0x1f1 ./Core/Common/delayUS/delayUS.o
 .debug_macro   0x00016340      0x1f1 ./Core/Driver/Motor/Motor.o
 .debug_macro   0x00016531      0x386 ./Core/Src/main.o
 .debug_macro   0x000168b7       0x34 ./Core/Src/main.o
 .debug_macro   0x000168eb      0x1f6 ./Core/Src/stm32f4xx_hal_msp.o
 .debug_macro   0x00016ae1      0x200 ./Core/Src/stm32f4xx_it.o
 .debug_macro   0x00016ce1      0x274 ./Core/Src/syscalls.o
 .debug_macro   0x00016f55       0x5b ./Core/Src/syscalls.o
 .debug_macro   0x00016fb0       0x94 ./Core/Src/syscalls.o
 .debug_macro   0x00017044       0x57 ./Core/Src/syscalls.o
 .debug_macro   0x0001709b       0x10 ./Core/Src/syscalls.o
 .debug_macro   0x000170ab       0x10 ./Core/Src/syscalls.o
 .debug_macro   0x000170bb       0x10 ./Core/Src/syscalls.o
 .debug_macro   0x000170cb       0x10 ./Core/Src/syscalls.o
 .debug_macro   0x000170db       0x1c ./Core/Src/syscalls.o
 .debug_macro   0x000170f7       0x52 ./Core/Src/syscalls.o
 .debug_macro   0x00017149       0x22 ./Core/Src/syscalls.o
 .debug_macro   0x0001716b       0x10 ./Core/Src/syscalls.o
 .debug_macro   0x0001717b       0x52 ./Core/Src/syscalls.o
 .debug_macro   0x000171cd       0xcf ./Core/Src/syscalls.o
 .debug_macro   0x0001729c       0x1c ./Core/Src/syscalls.o
 .debug_macro   0x000172b8       0x3d ./Core/Src/syscalls.o
 .debug_macro   0x000172f5       0x35 ./Core/Src/syscalls.o
 .debug_macro   0x0001732a      0x12c ./Core/Src/syscalls.o
 .debug_macro   0x00017456       0x16 ./Core/Src/syscalls.o
 .debug_macro   0x0001746c       0x16 ./Core/Src/syscalls.o
 .debug_macro   0x00017482       0x29 ./Core/Src/syscalls.o
 .debug_macro   0x000174ab       0x10 ./Core/Src/syscalls.o
 .debug_macro   0x000174bb      0x242 ./Core/Src/syscalls.o
 .debug_macro   0x000176fd       0x1c ./Core/Src/syscalls.o
 .debug_macro   0x00017719       0x10 ./Core/Src/syscalls.o
 .debug_macro   0x00017729      0x18a ./Core/Src/syscalls.o
 .debug_macro   0x000178b3       0x16 ./Core/Src/syscalls.o
 .debug_macro   0x000178c9       0xce ./Core/Src/syscalls.o
 .debug_macro   0x00017997       0xff ./Core/Src/sysmem.o
 .debug_macro   0x00017a96      0x23c ./Core/Src/sysmem.o
 .debug_macro   0x00017cd2      0x1e7 ./Core/Src/system_stm32f4xx.o
 .debug_macro   0x00017eb9      0x247 ./Drivers/STM32F4xx_HAL_Driver/Src/stm32f4xx_hal.o
 .debug_macro   0x00018100      0x1e7 ./Drivers/STM32F4xx_HAL_Driver/Src/stm32f4xx_hal_cortex.o
 .debug_macro   0x000182e7      0x1ed ./Drivers/STM32F4xx_HAL_Driver/Src/stm32f4xx_hal_dma.o
 .debug_macro   0x000184d4      0x1ed ./Drivers/STM32F4xx_HAL_Driver/Src/stm32f4xx_hal_gpio.o
 .debug_macro   0x000186c1      0x235 ./Drivers/STM32F4xx_HAL_Driver/Src/stm32f4xx_hal_i2c.o
 .debug_macro   0x000188f6      0x20b ./Drivers/STM32F4xx_HAL_Driver/Src/stm32f4xx_hal_rcc.o
 .debug_macro   0x00018b01      0x1e8 ./Drivers/STM32F4xx_HAL_Driver/Src/stm32f4xx_hal_tim.o
 .debug_macro   0x00018ce9      0x1e7 ./Drivers/STM32F4xx_HAL_Driver/Src/stm32f4xx_hal_tim_ex.o
 .debug_macro   0x00018ed0      0x1e8 ./Drivers/STM32F4xx_HAL_Driver/Src/stm32f4xx_hal_uart.o

.debug_line     0x00000000    0x17d8f
 .debug_line    0x00000000      0xab0 ./Core/AP/AP_Main.o
 .debug_line    0x00000ab0      0xaaa ./Core/AP/RC_Car/Controller.o
 .debug_line    0x0000155a      0xaca ./Core/AP/RC_Car/Listener.o
 .debug_line    0x00002024      0x9fe ./Core/AP/RC_Car/Presenter.o
 .debug_line    0x00002a22      0x7f0 ./Core/AP/RC_Car/Queue_Car.o
 .debug_line    0x00003212      0x87d ./Core/AP/RC_Car/defineModel.o
 .debug_line    0x00003a8f      0x82d ./Core/Common/Queue/Queue.o
 .debug_line    0x000042bc      0x7de ./Core/Common/delayUS/delayUS.o
 .debug_line    0x00004a9a      0x830 ./Core/Driver/Motor/Motor.o
 .debug_line    0x000052ca      0xcfc ./Core/Src/main.o
 .debug_line    0x00005fc6      0x8c5 ./Core/Src/stm32f4xx_hal_msp.o
 .debug_line    0x0000688b      0x85a ./Core/Src/stm32f4xx_it.o
 .debug_line    0x000070e5      0x8b2 ./Core/Src/syscalls.o
 .debug_line    0x00007997      0x583 ./Core/Src/sysmem.o
 .debug_line    0x00007f1a      0x804 ./Core/Src/system_stm32f4xx.o
 .debug_line    0x0000871e       0x7a ./Core/Startup/startup_stm32f411retx.o
 .debug_line    0x00008798      0xa6d ./Drivers/STM32F4xx_HAL_Driver/Src/stm32f4xx_hal.o
 .debug_line    0x00009205      0xd35 ./Drivers/STM32F4xx_HAL_Driver/Src/stm32f4xx_hal_cortex.o
 .debug_line    0x00009f3a      0xfdd ./Drivers/STM32F4xx_HAL_Driver/Src/stm32f4xx_hal_dma.o
 .debug_line    0x0000af17      0xbbd ./Drivers/STM32F4xx_HAL_Driver/Src/stm32f4xx_hal_gpio.o
 .debug_line    0x0000bad4     0x3bb3 ./Drivers/STM32F4xx_HAL_Driver/Src/stm32f4xx_hal_i2c.o
 .debug_line    0x0000f687      0xde0 ./Drivers/STM32F4xx_HAL_Driver/Src/stm32f4xx_hal_rcc.o
 .debug_line    0x00010467     0x35eb ./Drivers/STM32F4xx_HAL_Driver/Src/stm32f4xx_hal_tim.o